Archive member included to satisfy reference by file (symbol)

.\CortexM3\ARM_GCC_541\Debug\3dof.a(ADC_DelSig_1.o)
                              .\CortexM3\ARM_GCC_541\Debug\main.o (ADC_DelSig_1_Start)
.\CortexM3\ARM_GCC_541\Debug\3dof.a(ADC_DelSig_1_INT.o)
                              .\CortexM3\ARM_GCC_541\Debug\3dof.a(ADC_DelSig_1.o) (ADC_DelSig_1_ISR1)
.\CortexM3\ARM_GCC_541\Debug\3dof.a(SPIM_1.o)
                              .\CortexM3\ARM_GCC_541\Debug\as5048.o (SPIM_1_ReadTxStatus)
.\CortexM3\ARM_GCC_541\Debug\3dof.a(CS_J2.o)
                              .\CortexM3\ARM_GCC_541\Debug\main.o (CS_J2_Write)
.\CortexM3\ARM_GCC_541\Debug\3dof.a(ADC_DelSig_1_AMux.o)
                              .\CortexM3\ARM_GCC_541\Debug\3dof.a(ADC_DelSig_1.o) (ADC_DelSig_1_AMux_Select)
.\CortexM3\ARM_GCC_541\Debug\3dof.a(ADC_DelSig_1_Ext_CP_Clk.o)
                              .\CortexM3\ARM_GCC_541\Debug\3dof.a(ADC_DelSig_1.o) (ADC_DelSig_1_Ext_CP_Clk_SetModeRegister)
.\CortexM3\ARM_GCC_541\Debug\3dof.a(ADC_DelSig_1_theACLK.o)
                              .\CortexM3\ARM_GCC_541\Debug\3dof.a(ADC_DelSig_1.o) (ADC_DelSig_1_theACLK_SetModeRegister)
.\CortexM3\ARM_GCC_541\Debug\3dof.a(CyLib.o)
                              .\CortexM3\ARM_GCC_541\Debug\Cm3Start.o (CyHalt)
.\CortexM3\ARM_GCC_541\Debug\3dof.a(cyPm.o)
                              .\CortexM3\ARM_GCC_541\Debug\3dof.a(CyLib.o) (CyPmReadStatus)
.\CortexM3\ARM_GCC_541\Debug\3dof.a(CS_J3.o)
                              .\CortexM3\ARM_GCC_541\Debug\main.o (CS_J3_Write)
.\CortexM3\ARM_GCC_541\Debug\3dof.a(J2_LIM.o)
                              .\CortexM3\ARM_GCC_541\Debug\main.o (J2_LIM_Read)
.\CortexM3\ARM_GCC_541\Debug\3dof.a(J3_LIM.o)
                              .\CortexM3\ARM_GCC_541\Debug\main.o (J3_LIM_Read)
.\CortexM3\ARM_GCC_541\Debug\3dof.a(J1_EN.o)
                              .\CortexM3\ARM_GCC_541\Debug\main.o (J1_EN_Write)
.\CortexM3\ARM_GCC_541\Debug\3dof.a(J2_EN.o)
                              .\CortexM3\ARM_GCC_541\Debug\main.o (J2_EN_Write)
.\CortexM3\ARM_GCC_541\Debug\3dof.a(J2_DIR.o)
                              .\CortexM3\ARM_GCC_541\Debug\main.o (J2_DIR_Write)
.\CortexM3\ARM_GCC_541\Debug\3dof.a(J3_EN.o)
                              .\CortexM3\ARM_GCC_541\Debug\main.o (J3_EN_Write)
.\CortexM3\ARM_GCC_541\Debug\3dof.a(J3_DIR.o)
                              .\CortexM3\ARM_GCC_541\Debug\main.o (J3_DIR_Write)
.\CortexM3\ARM_GCC_541\Debug\3dof.a(UART_1.o)
                              .\CortexM3\ARM_GCC_541\Debug\main.o (UART_1_Start)
.\CortexM3\ARM_GCC_541\Debug\3dof.a(UART_1_IntClock.o)
                              .\CortexM3\ARM_GCC_541\Debug\3dof.a(UART_1.o) (UART_1_IntClock_Start)
.\CortexM3\ARM_GCC_541\Debug\3dof.a(NCO_ISR.o)
                              .\CortexM3\ARM_GCC_541\Debug\main.o (NCO_ISR_Start)
.\CortexM3\ARM_GCC_541\Debug\3dof.a(rx_isr.o)
                              .\CortexM3\ARM_GCC_541\Debug\main.o (rx_isr_Start)
.\CortexM3\ARM_GCC_541\Debug\3dof.a(tick_isr.o)
                              .\CortexM3\ARM_GCC_541\Debug\main.o (tick_isr_Start)
.\CortexM3\ARM_GCC_541\Debug\3dof.a(CyBootAsmGnu.o)
                              .\CortexM3\ARM_GCC_541\Debug\cyfitter_cfg.o (CyDelayCycles)
.\CortexM3\ARM_GCC_541\Debug\3dof.a(CyFlash.o)
                              .\CortexM3\ARM_GCC_541\Debug\3dof.a(cyPm.o) (CyFlash_SetWaitCycles)
.\CortexM3\ARM_GCC_541\Debug\3dof.a(CySpc.o)
                              .\CortexM3\ARM_GCC_541\Debug\3dof.a(CyFlash.o) (CySpcStart)
.\CortexM3\ARM_GCC_541\Debug\3dof.a(J1_STEP.o)
                              .\CortexM3\ARM_GCC_541\Debug\3dof.a(NCO_ISR.o) (J1_STEP_Write)
.\CortexM3\ARM_GCC_541\Debug\3dof.a(J1_DIR.o)
                              .\CortexM3\ARM_GCC_541\Debug\3dof.a(NCO_ISR.o) (J1_DIR_Write)
.\CortexM3\ARM_GCC_541\Debug\3dof.a(J2_STEP.o)
                              .\CortexM3\ARM_GCC_541\Debug\3dof.a(NCO_ISR.o) (J2_STEP_Write)
.\CortexM3\ARM_GCC_541\Debug\3dof.a(J3_STEP.o)
                              .\CortexM3\ARM_GCC_541\Debug\3dof.a(NCO_ISR.o) (J3_STEP_Write)
c:/program files (x86)/cypress/psoc creator/4.2/psoc creator/import/gnu/arm/5.4.1/bin/../lib/gcc/arm-none-eabi/5.4.1/armv7-m\libgcc.a(_arm_addsubdf3.o)
                              .\CortexM3\ARM_GCC_541\Debug\3dof.a(ADC_DelSig_1.o) (__aeabi_f2d)
c:/program files (x86)/cypress/psoc creator/4.2/psoc creator/import/gnu/arm/5.4.1/bin/../lib/gcc/arm-none-eabi/5.4.1/armv7-m\libgcc.a(_arm_cmpdf2.o)
                              .\CortexM3\ARM_GCC_541\Debug\3dof.a(ADC_DelSig_1.o) (__aeabi_dcmpgt)
c:/program files (x86)/cypress/psoc creator/4.2/psoc creator/import/gnu/arm/5.4.1/bin/../lib/gcc/arm-none-eabi/5.4.1/armv7-m\libgcc.a(_arm_addsubsf3.o)
                              .\CortexM3\ARM_GCC_541\Debug\3dof.a(ADC_DelSig_1.o) (__aeabi_ui2f)
c:/program files (x86)/cypress/psoc creator/4.2/psoc creator/import/gnu/arm/5.4.1/bin/../lib/gcc/arm-none-eabi/5.4.1/armv7-m\libgcc.a(_arm_muldivsf3.o)
[...]
Memory Configuration

Name             Origin             Length             Attributes
rom              0x00000000         0x00040000         xr
ram              0x1fff8000         0x00010000         xrw
*default*        0x00000000         0xffffffff

Linker script and memory map

LOAD c:/program files (x86)/cypress/psoc creator/4.2/psoc creator/import/gnu/arm/5.4.1/bin/../lib/gcc/arm-none-eabi/5.4.1/armv7-m/crti.o
LOAD c:/program files (x86)/cypress/psoc creator/4.2/psoc creator/import/gnu/arm/5.4.1/bin/../lib/gcc/arm-none-eabi/5.4.1/armv7-m/crtbegin.o
LOAD c:/program files (x86)/cypress/psoc creator/4.2/psoc creator/import/gnu/arm/5.4.1/bin/../lib/gcc/arm-none-eabi/5.4.1/../../../../arm-none-eabi/lib/armv7-m/crt0.o
START GROUP
LOAD .\CortexM3\ARM_GCC_541\Debug\main.o
LOAD .\CortexM3\ARM_GCC_541\Debug\comms.o
LOAD .\CortexM3\ARM_GCC_541\Debug\joints.o
LOAD .\CortexM3\ARM_GCC_541\Debug\as5048.o
LOAD .\CortexM3\ARM_GCC_541\Debug\cyfitter_cfg.o
LOAD .\CortexM3\ARM_GCC_541\Debug\cymetadata.o
LOAD .\CortexM3\ARM_GCC_541\Debug\Cm3Start.o
LOAD .\CortexM3\ARM_GCC_541\Debug\3dof.a
LOAD C:\Program Files (x86)\Cypress\PSoC Creator\4.2\PSoC Creator\psoc\content\cycomponentlibrary\CyComponentLibrary.cylib\CortexM3\ARM_GCC_541\Debug\CyComponentLibrary.a
END GROUP
START GROUP
LOAD c:/program files (x86)/cypress/psoc creator/4.2/psoc creator/import/gnu/arm/5.4.1/bin/../lib/gcc/arm-none-eabi/5.4.1/armv7-m\libgcc.a
LOAD c:/program files (x86)/cypress/psoc creator/4.2/psoc creator/import/gnu/arm/5.4.1/bin/../lib/gcc/arm-none-eabi/5.4.1/../../../../arm-none-eabi/lib/armv7-m\libg_nano.a
LOAD c:/program files (x86)/cypress/psoc creator/4.2/psoc creator/import/gnu/arm/5.4.1/bin/../lib/gcc/arm-none-eabi/5.4.1/../../../../arm-none-eabi/lib/armv7-m\libc_nano.a
END GROUP
START GROUP
LOAD c:/program files (x86)/cypress/psoc creator/4.2/psoc creator/import/gnu/arm/5.4.1/bin/../lib/gcc/arm-none-eabi/5.4.1/armv7-m\libgcc.a
LOAD c:/program files (x86)/cypress/psoc creator/4.2/psoc creator/import/gnu/arm/5.4.1/bin/../lib/gcc/arm-none-eabi/5.4.1/../../../../arm-none-eabi/lib/armv7-m\libc_nano.a
END GROUP
LOAD c:/program files (x86)/cypress/psoc creator/4.2/psoc creator/import/gnu/arm/5.4.1/bin/../lib/gcc/arm-none-eabi/5.4.1/armv7-m/crtend.o
LOAD c:/program files (x86)/cypress/psoc creator/4.2/psoc creator/import/gnu/arm/5.4.1/bin/../lib/gcc/arm-none-eabi/5.4.1/armv7-m/crtn.o
START GROUP
LOAD c:/program files (x86)/cypress/psoc creator/4.2/psoc creator/import/gnu/arm/5.4.1/bin/../lib/gcc/arm-none-eabi/5.4.1/armv7-m\libgcc.a
LOAD c:/program files (x86)/cypress/psoc creator/4.2/psoc creator/import/gnu/arm/5.4.1/bin/../lib/gcc/arm-none-eabi/5.4.1/../../../../arm-none-eabi/lib/armv7-m\libc.a
LOAD c:/program files (x86)/cypress/psoc creator/4.2/psoc creator/import/gnu/arm/5.4.1/bin/../lib/gcc/arm-none-eabi/5.4.1/../../../../arm-none-eabi/lib/armv7-m\libnosys.a
END GROUP
                0x00000000                CY_APPL_ORIGIN = 0x0
                0x00000100                CY_FLASH_ROW_SIZE = 0x100
                0x00000020                CY_ECC_ROW_SIZE = 0x20
                0x00000000                CY_EE_IN_BTLDR = 0x0
                0x00000000                CY_APPL_LOADABLE = 0x0
                0x00000800                CY_EE_SIZE = 0x800
                0x00000001                CY_APPL_NUM = 0x1
                0x00000001                CY_APPL_MAX = 0x1
                0x00000040                CY_METADATA_SIZE = 0x40
                0x00000000                CY_APPL_LOADABLE = 0x0
                0x00000000                CY_CHECKSUM_EXCLUDE_SIZE = ALIGN (0x0, CY_FLASH_ROW_SIZE)
                [!provide]                PROVIDE (__cy_heap_start, _end)
                0x00000001                PROVIDE (__cy_region_num, ((__cy_regions_end - __cy_regions) / 0x10))
                0x20008000                PROVIDE (__cy_stack, (ORIGIN (ram) + LENGTH (ram)))
                [!provide]                PROVIDE (__cy_heap_end, (__cy_stack - 0x800))

.cybootloader   0x00000000        0x0
 *(.cybootloader)
                0x00000000                appl1_start = CY_APPL_ORIGIN?CY_APPL_ORIGIN:ALIGN (CY_FLASH_ROW_SIZE)
                0x0001ff00                appl2_start = (appl1_start + ALIGN ((((LENGTH (rom) - appl1_start) - (0x2 * CY_FLASH_ROW_SIZE)) / 0x2), CY_FLASH_ROW_SIZE))
                0x00000000                appl_start = (CY_APPL_NUM == 0x1)?appl1_start:appl2_start
                0x00000000                ecc_offset = ((appl_start / CY_FLASH_ROW_SIZE) * CY_ECC_ROW_SIZE)
                0x00000000                ee_offset = (CY_APPL_LOADABLE && ! (CY_EE_IN_BTLDR))?((CY_EE_SIZE / CY_APPL_MAX) * (CY_APPL_NUM - 0x1)):0x0
                0x00000800                ee_size = (CY_APPL_LOADABLE && ! (CY_EE_IN_BTLDR))?(CY_EE_SIZE / CY_APPL_MAX):CY_EE_SIZE
                [!provide]                PROVIDE (CY_ECC_OFFSET, ecc_offset)

.text           0x00000000     0x2380
 CREATE_OBJECT_SYMBOLS
                0x00000000                PROVIDE (__cy_interrupt_vector, RomVectors)
 *(.romvectors)
 .romvectors    0x00000000       0x10 .\CortexM3\ARM_GCC_541\Debug\Cm3Start.o
                0x00000000                RomVectors
                0x00000001                ASSERT ((. != __cy_interrupt_vector), No interrupt vector)
                0x00000001                ASSERT (CY_APPL_ORIGIN?(SIZEOF (.cybootloader) <= CY_APPL_ORIGIN):0x1, Wrong image location)
                0x00000010                PROVIDE (__cy_reset, Reset)
 *(.text.Reset)
 .text.Reset    0x00000010       0x18 .\CortexM3\ARM_GCC_541\Debug\Cm3Start.o
                0x00000010                Reset
                0x00000001                ASSERT ((. != __cy_reset), No reset code)
 *(.dma_init)
                0x00000001                ASSERT ((((appl_start + .) <= 0x10000) || 0x1), DMA Init must be within the first 64k of flash)
 *(.text .text.* .gnu.linkonce.t.*)
 .text          0x00000028       0x5c c:/program files (x86)/cypress/psoc creator/4.2/psoc creator/import/gnu/arm/5.4.1/bin/../lib/gcc/arm-none-eabi/5.4.1/armv7-m/crtbegin.o
 .text.main     0x00000084       0xf0 .\CortexM3\ARM_GCC_541\Debug\main.o
                0x00000084                main
 .text.message_buff_init
                0x00000174       0x40 .\CortexM3\ARM_GCC_541\Debug\comms.o
                0x00000174                message_buff_init
 .text.message_buff_add
                0x000001b4       0x7c .\CortexM3\ARM_GCC_541\Debug\comms.o
                0x000001b4                message_buff_add
 .text.move_queue_init
                0x00000230       0x30 .\CortexM3\ARM_GCC_541\Debug\comms.o
                0x00000230                move_queue_init
 .text.move_queue_add
                0x00000260       0x8c .\CortexM3\ARM_GCC_541\Debug\comms.o
                0x00000260                move_queue_add
 .text.message_buff_execute
                0x000002ec      0x108 .\CortexM3\ARM_GCC_541\Debug\comms.o
                0x000002ec                message_buff_execute
 .text.move_queue_get
                0x000003f4       0x54 .\CortexM3\ARM_GCC_541\Debug\comms.o
                0x000003f4                move_queue_get
 .text.joint_init
                0x00000448       0x28 .\CortexM3\ARM_GCC_541\Debug\joints.o
                0x00000448                joint_init
 .text.spiCalcEvenParity
                0x00000470       0x20 .\CortexM3\ARM_GCC_541\Debug\as5048.o
                0x00000470                spiCalcEvenParity
 .text.send_cmd
                0x00000490       0xb0 .\CortexM3\ARM_GCC_541\Debug\as5048.o
                0x00000490                send_cmd
 .text.CyClockStartupError
                0x00000540        0x4 .\CortexM3\ARM_GCC_541\Debug\cyfitter_cfg.o
 .text.cfg_write_bytes32
                0x00000544       0x34 .\CortexM3\ARM_GCC_541\Debug\cyfitter_cfg.o
 .text.AnalogSetDefault
                0x00000578       0x38 .\CortexM3\ARM_GCC_541\Debug\cyfitter_cfg.o
 .text.CYMEMZERO
                0x000005b0        0xc .\CortexM3\ARM_GCC_541\Debug\cyfitter_cfg.o
 .text.CYCONFIGCPY
                0x000005bc        0x8 .\CortexM3\ARM_GCC_541\Debug\cyfitter_cfg.o
 .text.ClockSetup
                0x000005c4      0x110 .\CortexM3\ARM_GCC_541\Debug\cyfitter_cfg.o
 .text.ADC_DelSig_1_AMux_Set
                0x000006d4       0x1c .\CortexM3\ARM_GCC_541\Debug\cyfitter_cfg.o
                0x000006d4                ADC_DelSig_1_AMux_Set
 .text.ADC_DelSig_1_AMux_Unset
                0x000006f0       0x1c .\CortexM3\ARM_GCC_541\Debug\cyfitter_cfg.o
                0x000006f0                ADC_DelSig_1_AMux_Unset
 .text.cyfitter_cfg
                0x0000070c      0x11c .\CortexM3\ARM_GCC_541\Debug\cyfitter_cfg.o
                0x0000070c                cyfitter_cfg
 .text.IntDefaultHandler
                0x00000828       0x10 .\CortexM3\ARM_GCC_541\Debug\Cm3Start.o
                0x00000828                IntDefaultHandler
 .text._sbrk    0x00000838       0x30 .\CortexM3\ARM_GCC_541\Debug\Cm3Start.o
                0x00000838                _sbrk
 .text.Start_c  0x00000868       0x4c .\CortexM3\ARM_GCC_541\Debug\Cm3Start.o
                0x00000868                Start_c
 .text.initialize_psoc
                0x000008b4       0x68 .\CortexM3\ARM_GCC_541\Debug\Cm3Start.o
                0x000008b4                initialize_psoc
 .text.ADC_DelSig_1_GainCompensation
                0x0000091c       0xe0 .\CortexM3\ARM_GCC_541\Debug\3dof.a(ADC_DelSig_1.o)
 .text.ADC_DelSig_1_SetDSMRef0Reg
                0x000009fc       0x4c .\CortexM3\ARM_GCC_541\Debug\3dof.a(ADC_DelSig_1.o)
 .text.ADC_DelSig_1_InitConfig
                0x00000a48      0x340 .\CortexM3\ARM_GCC_541\Debug\3dof.a(ADC_DelSig_1.o)
 .text.ADC_DelSig_1_Init
                0x00000d88      0x108 .\CortexM3\ARM_GCC_541\Debug\3dof.a(ADC_DelSig_1.o)
                0x00000d88                ADC_DelSig_1_Init
 .text.ADC_DelSig_1_Enable
                0x00000e90       0xd8 .\CortexM3\ARM_GCC_541\Debug\3dof.a(ADC_DelSig_1.o)
                0x00000e90                ADC_DelSig_1_Enable
 .text.ADC_DelSig_1_Start
                0x00000f68       0x28 .\CortexM3\ARM_GCC_541\Debug\3dof.a(ADC_DelSig_1.o)
                0x00000f68                ADC_DelSig_1_Start
 .text.ADC_DelSig_1_StartConvert
                0x00000f90       0x10 .\CortexM3\ARM_GCC_541\Debug\3dof.a(ADC_DelSig_1.o)
                0x00000f90                ADC_DelSig_1_StartConvert
 .text.ADC_DelSig_1_IsEndConversion
                0x00000fa0       0x30 .\CortexM3\ARM_GCC_541\Debug\3dof.a(ADC_DelSig_1.o)
                0x00000fa0                ADC_DelSig_1_IsEndConversion
 .text.ADC_DelSig_1_GetResult32
                0x00000fd0       0x6c .\CortexM3\ARM_GCC_541\Debug\3dof.a(ADC_DelSig_1.o)
                0x00000fd0                ADC_DelSig_1_GetResult32
 .text.ADC_DelSig_1_CountsTo_uVolts
                0x0000103c       0x4c .\CortexM3\ARM_GCC_541\Debug\3dof.a(ADC_DelSig_1.o)
                0x0000103c                ADC_DelSig_1_CountsTo_uVolts
 .text.ADC_DelSig_1_ISR1
                0x00001088        0x4 .\CortexM3\ARM_GCC_541\Debug\3dof.a(ADC_DelSig_1_INT.o)
                0x00001088                ADC_DelSig_1_ISR1
 .text.ADC_DelSig_1_ISR2
                0x0000108c        0x4 .\CortexM3\ARM_GCC_541\Debug\3dof.a(ADC_DelSig_1_INT.o)
                0x0000108c                ADC_DelSig_1_ISR2
 .text.ADC_DelSig_1_ISR3
                0x00001090        0x4 .\CortexM3\ARM_GCC_541\Debug\3dof.a(ADC_DelSig_1_INT.o)
                0x00001090                ADC_DelSig_1_ISR3
 .text.ADC_DelSig_1_ISR4
                0x00001094        0x4 .\CortexM3\ARM_GCC_541\Debug\3dof.a(ADC_DelSig_1_INT.o)
                0x00001094                ADC_DelSig_1_ISR4
 .text.SPIM_1_Enable
                0x00001098       0x30 .\CortexM3\ARM_GCC_541\Debug\3dof.a(SPIM_1.o)
                0x00001098                SPIM_1_Enable
 .text.SPIM_1_ReadTxStatus
                0x000010c8        0xc .\CortexM3\ARM_GCC_541\Debug\3dof.a(SPIM_1.o)
                0x000010c8                SPIM_1_ReadTxStatus
 .text.SPIM_1_ReadRxStatus
                0x000010d4        0xc .\CortexM3\ARM_GCC_541\Debug\3dof.a(SPIM_1.o)
                0x000010d4                SPIM_1_ReadRxStatus
 .text.SPIM_1_WriteTxData
                0x000010e0       0x18 .\CortexM3\ARM_GCC_541\Debug\3dof.a(SPIM_1.o)
                0x000010e0                SPIM_1_WriteTxData
 .text.SPIM_1_ReadRxData
                0x000010f8        0xc .\CortexM3\ARM_GCC_541\Debug\3dof.a(SPIM_1.o)
                0x000010f8                SPIM_1_ReadRxData
 .text.SPIM_1_ClearFIFO
                0x00001104       0x4c .\CortexM3\ARM_GCC_541\Debug\3dof.a(SPIM_1.o)
                0x00001104                SPIM_1_ClearFIFO
 .text.SPIM_1_Init
                0x00001150       0x2c .\CortexM3\ARM_GCC_541\Debug\3dof.a(SPIM_1.o)
                0x00001150                SPIM_1_Init
 .text.SPIM_1_Start
                0x0000117c       0x1c .\CortexM3\ARM_GCC_541\Debug\3dof.a(SPIM_1.o)
                0x0000117c                SPIM_1_Start
 .text.CS_J2_Write
                0x00001198       0x18 .\CortexM3\ARM_GCC_541\Debug\3dof.a(CS_J2.o)
                0x00001198                CS_J2_Write
 .text.ADC_DelSig_1_AMux_Start
                0x000011b0       0x20 .\CortexM3\ARM_GCC_541\Debug\3dof.a(ADC_DelSig_1_AMux.o)
                0x000011b0                ADC_DelSig_1_AMux_Start
 .text.ADC_DelSig_1_AMux_Select
                0x000011d0       0x18 .\CortexM3\ARM_GCC_541\Debug\3dof.a(ADC_DelSig_1_AMux.o)
                0x000011d0                ADC_DelSig_1_AMux_Select
 .text.ADC_DelSig_1_Ext_CP_Clk_GetDividerRegister
                0x000011e8        0xc .\CortexM3\ARM_GCC_541\Debug\3dof.a(ADC_DelSig_1_Ext_CP_Clk.o)
                0x000011e8                ADC_DelSig_1_Ext_CP_Clk_GetDividerRegister
 .text.ADC_DelSig_1_Ext_CP_Clk_SetModeRegister
                0x000011f4       0x14 .\CortexM3\ARM_GCC_541\Debug\3dof.a(ADC_DelSig_1_Ext_CP_Clk.o)
                0x000011f4                ADC_DelSig_1_Ext_CP_Clk_SetModeRegister
 .text.ADC_DelSig_1_Ext_CP_Clk_GetSourceRegister
                0x00001208       0x10 .\CortexM3\ARM_GCC_541\Debug\3dof.a(ADC_DelSig_1_Ext_CP_Clk.o)
                0x00001208                ADC_DelSig_1_Ext_CP_Clk_GetSourceRegister
 .text.ADC_DelSig_1_Ext_CP_Clk_SetDividerRegister
                0x00001218       0xd8 .\CortexM3\ARM_GCC_541\Debug\3dof.a(ADC_DelSig_1_Ext_CP_Clk.o)
                0x00001218                ADC_DelSig_1_Ext_CP_Clk_SetDividerRegister
 .text.ADC_DelSig_1_theACLK_GetDividerRegister
                0x000012f0        0xc .\CortexM3\ARM_GCC_541\Debug\3dof.a(ADC_DelSig_1_theACLK.o)
                0x000012f0                ADC_DelSig_1_theACLK_GetDividerRegister
 .text.ADC_DelSig_1_theACLK_SetModeRegister
                0x000012fc       0x14 .\CortexM3\ARM_GCC_541\Debug\3dof.a(ADC_DelSig_1_theACLK.o)
                0x000012fc                ADC_DelSig_1_theACLK_SetModeRegister
 .text.ADC_DelSig_1_theACLK_GetSourceRegister
                0x00001310       0x10 .\CortexM3\ARM_GCC_541\Debug\3dof.a(ADC_DelSig_1_theACLK.o)
                0x00001310                ADC_DelSig_1_theACLK_GetSourceRegister
 .text.ADC_DelSig_1_theACLK_SetDividerRegister
                0x00001320       0xd8 .\CortexM3\ARM_GCC_541\Debug\3dof.a(ADC_DelSig_1_theACLK.o)
                0x00001320                ADC_DelSig_1_theACLK_SetDividerRegister
 .text.CyHalt   0x000013f8        0x4 .\CortexM3\ARM_GCC_541\Debug\3dof.a(CyLib.o)
                0x000013f8                CyHalt
 .text.CyDelayUs
                0x000013fc       0x14 .\CortexM3\ARM_GCC_541\Debug\3dof.a(CyLib.o)
                0x000013fc                CyDelayUs
 .text.CyIntSetVector
                0x00001410       0x28 .\CortexM3\ARM_GCC_541\Debug\3dof.a(CyLib.o)
                0x00001410                CyIntSetVector
 .text.CyIntSetPriority
                0x00001438       0x30 .\CortexM3\ARM_GCC_541\Debug\3dof.a(CyLib.o)
                0x00001438                CyIntSetPriority
 .text.CS_J3_Write
                0x00001468       0x18 .\CortexM3\ARM_GCC_541\Debug\3dof.a(CS_J3.o)
                0x00001468                CS_J3_Write
 .text.J2_LIM_Read
                0x00001480       0x10 .\CortexM3\ARM_GCC_541\Debug\3dof.a(J2_LIM.o)
                0x00001480                J2_LIM_Read
 .text.J3_LIM_Read
                0x00001490       0x10 .\CortexM3\ARM_GCC_541\Debug\3dof.a(J3_LIM.o)
                0x00001490                J3_LIM_Read
 .text.J1_EN_Write
                0x000014a0       0x18 .\CortexM3\ARM_GCC_541\Debug\3dof.a(J1_EN.o)
                0x000014a0                J1_EN_Write
 .text.J2_EN_Write
                0x000014b8       0x18 .\CortexM3\ARM_GCC_541\Debug\3dof.a(J2_EN.o)
                0x000014b8                J2_EN_Write
 .text.J2_DIR_Write
                0x000014d0       0x18 .\CortexM3\ARM_GCC_541\Debug\3dof.a(J2_DIR.o)
                0x000014d0                J2_DIR_Write
 .text.J3_EN_Write
                0x000014e8       0x18 .\CortexM3\ARM_GCC_541\Debug\3dof.a(J3_EN.o)
                0x000014e8                J3_EN_Write
 .text.J3_DIR_Write
                0x00001500       0x18 .\CortexM3\ARM_GCC_541\Debug\3dof.a(J3_DIR.o)
                0x00001500                J3_DIR_Write
 .text.UART_1_Init
                0x00001518       0x24 .\CortexM3\ARM_GCC_541\Debug\3dof.a(UART_1.o)
                0x00001518                UART_1_Init
 .text.UART_1_Enable
                0x0000153c       0x38 .\CortexM3\ARM_GCC_541\Debug\3dof.a(UART_1.o)
                0x0000153c                UART_1_Enable
 .text.UART_1_Start
                0x00001574       0x1c .\CortexM3\ARM_GCC_541\Debug\3dof.a(UART_1.o)
                0x00001574                UART_1_Start
 .text.UART_1_ReadRxData
                0x00001590        0xc .\CortexM3\ARM_GCC_541\Debug\3dof.a(UART_1.o)
                0x00001590                UART_1_ReadRxData
 .text.UART_1_ReadRxStatus
                0x0000159c       0x10 .\CortexM3\ARM_GCC_541\Debug\3dof.a(UART_1.o)
                0x0000159c                UART_1_ReadRxStatus
 .text.UART_1_GetByte
                0x000015ac       0x14 .\CortexM3\ARM_GCC_541\Debug\3dof.a(UART_1.o)
                0x000015ac                UART_1_GetByte
 .text.UART_1_PutChar
                0x000015c0       0x18 .\CortexM3\ARM_GCC_541\Debug\3dof.a(UART_1.o)
                0x000015c0                UART_1_PutChar
 .text.UART_1_PutString
                0x000015d8       0x24 .\CortexM3\ARM_GCC_541\Debug\3dof.a(UART_1.o)
                0x000015d8                UART_1_PutString
 .text.UART_1_IntClock_Start
                0x000015fc       0x1c .\CortexM3\ARM_GCC_541\Debug\3dof.a(UART_1_IntClock.o)
                0x000015fc                UART_1_IntClock_Start
 .text.NCO_ISR_Interrupt
                0x00001618      0x1d8 .\CortexM3\ARM_GCC_541\Debug\3dof.a(NCO_ISR.o)
                0x00001618                NCO_ISR_Interrupt
 .text.NCO_ISR_SetVector
                0x000017f0        0xc .\CortexM3\ARM_GCC_541\Debug\3dof.a(NCO_ISR.o)
                0x000017f0                NCO_ISR_SetVector
 .text.NCO_ISR_SetPriority
                0x000017fc       0x10 .\CortexM3\ARM_GCC_541\Debug\3dof.a(NCO_ISR.o)
                0x000017fc                NCO_ISR_SetPriority
 .text.NCO_ISR_Enable
                0x0000180c        0xc .\CortexM3\ARM_GCC_541\Debug\3dof.a(NCO_ISR.o)
                0x0000180c                NCO_ISR_Enable
 .text.NCO_ISR_Disable
                0x00001818        0xc .\CortexM3\ARM_GCC_541\Debug\3dof.a(NCO_ISR.o)
                0x00001818                NCO_ISR_Disable
 .text.NCO_ISR_Start
                0x00001824       0x1c .\CortexM3\ARM_GCC_541\Debug\3dof.a(NCO_ISR.o)
                0x00001824                NCO_ISR_Start
 .text.rx_isr_Interrupt
                0x00001840       0x9c .\CortexM3\ARM_GCC_541\Debug\3dof.a(rx_isr.o)
                0x00001840                rx_isr_Interrupt
 .text.rx_isr_SetVector
                0x000018dc        0xc .\CortexM3\ARM_GCC_541\Debug\3dof.a(rx_isr.o)
                0x000018dc                rx_isr_SetVector
 .text.rx_isr_SetPriority
                0x000018e8       0x10 .\CortexM3\ARM_GCC_541\Debug\3dof.a(rx_isr.o)
                0x000018e8                rx_isr_SetPriority
 .text.rx_isr_Enable
                0x000018f8        0xc .\CortexM3\ARM_GCC_541\Debug\3dof.a(rx_isr.o)
                0x000018f8                rx_isr_Enable
 .text.rx_isr_Disable
                0x00001904        0xc .\CortexM3\ARM_GCC_541\Debug\3dof.a(rx_isr.o)
                0x00001904                rx_isr_Disable
 .text.rx_isr_Start
                0x00001910       0x1c .\CortexM3\ARM_GCC_541\Debug\3dof.a(rx_isr.o)
                0x00001910                rx_isr_Start
 .text.tick_isr_Interrupt
                0x0000192c       0xb8 .\CortexM3\ARM_GCC_541\Debug\3dof.a(tick_isr.o)
                0x0000192c                tick_isr_Interrupt
 .text.tick_isr_SetVector
                0x000019e4        0xc .\CortexM3\ARM_GCC_541\Debug\3dof.a(tick_isr.o)
                0x000019e4                tick_isr_SetVector
 .text.tick_isr_SetPriority
                0x000019f0       0x10 .\CortexM3\ARM_GCC_541\Debug\3dof.a(tick_isr.o)
                0x000019f0                tick_isr_SetPriority
 .text.tick_isr_Enable
                0x00001a00        0xc .\CortexM3\ARM_GCC_541\Debug\3dof.a(tick_isr.o)
                0x00001a00                tick_isr_Enable
 .text.tick_isr_Disable
                0x00001a0c        0xc .\CortexM3\ARM_GCC_541\Debug\3dof.a(tick_isr.o)
                0x00001a0c                tick_isr_Disable
 .text.tick_isr_Start
                0x00001a18       0x1c .\CortexM3\ARM_GCC_541\Debug\3dof.a(tick_isr.o)
                0x00001a18                tick_isr_Start
 *fill*         0x00001a34        0x4 
 .text          0x00001a38       0x20 .\CortexM3\ARM_GCC_541\Debug\3dof.a(CyBootAsmGnu.o)
                0x00001a38                CyDelayCycles
                0x00001a48                CyEnterCriticalSection
                0x00001a50                CyExitCriticalSection
 .text.J1_STEP_Write
                0x00001a58       0x18 .\CortexM3\ARM_GCC_541\Debug\3dof.a(J1_STEP.o)
                0x00001a58                J1_STEP_Write
 .text.J1_DIR_Write
                0x00001a70       0x18 .\CortexM3\ARM_GCC_541\Debug\3dof.a(J1_DIR.o)
                0x00001a70                J1_DIR_Write
 .text.J2_STEP_Write
                0x00001a88       0x18 .\CortexM3\ARM_GCC_541\Debug\3dof.a(J2_STEP.o)
                0x00001a88                J2_STEP_Write
 .text.J3_STEP_Write
                0x00001aa0       0x18 .\CortexM3\ARM_GCC_541\Debug\3dof.a(J3_STEP.o)
                0x00001aa0                J3_STEP_Write
 .text.__errno  0x00001ab8        0xc c:/program files (x86)/cypress/psoc creator/4.2/psoc creator/import/gnu/arm/5.4.1/bin/../lib/gcc/arm-none-eabi/5.4.1/../../../../arm-none-eabi/lib/armv7-m\libg_nano.a(lib_a-errno.o)
                0x00001ab8                __errno
 .text.__libc_init_array
                0x00001ac4       0x4c c:/program files (x86)/cypress/psoc creator/4.2/psoc creator/import/gnu/arm/5.4.1/bin/../lib/gcc/arm-none-eabi/5.4.1/../../../../arm-none-eabi/lib/armv7-m\libg_nano.a(lib_a-init.o)
                0x00001ac4                __libc_init_array
 .text.memcpy   0x00001b10       0x16 c:/program files (x86)/cypress/psoc creator/4.2/psoc creator/import/gnu/arm/5.4.1/bin/../lib/gcc/arm-none-eabi/5.4.1/../../../../arm-none-eabi/lib/armv7-m\libg_nano.a(lib_a-memcpy-stub.o)
                0x00001b10                memcpy
 .text.memset   0x00001b26       0x10 c:/program files (x86)/cypress/psoc creator/4.2/psoc creator/import/gnu/arm/5.4.1/bin/../lib/gcc/arm-none-eabi/5.4.1/../../../../arm-none-eabi/lib/armv7-m\libg_nano.a(lib_a-memset.o)
                0x00001b26                memset
 *fill*         0x00001b36        0x2 
 .text.sprintf  0x00001b38       0x48 c:/program files (x86)/cypress/psoc creator/4.2/psoc creator/import/gnu/arm/5.4.1/bin/../lib/gcc/arm-none-eabi/5.4.1/../../../../arm-none-eabi/lib/armv7-m\libg_nano.a(lib_a-sprintf.o)
                0x00001b38                siprintf
                0x00001b38                sprintf
 .text.__ssputs_r
                0x00001b80       0xb2 c:/program files (x86)/cypress/psoc creator/4.2/psoc creator/import/gnu/arm/5.4.1/bin/../lib/gcc/arm-none-eabi/5.4.1/../../../../arm-none-eabi/lib/armv7-m\libg_nano.a(lib_a-nano-svfprintf.o)
                0x00001b80                __ssputs_r
 *fill*         0x00001c32        0x2 
 .text._svfprintf_r
                0x00001c34      0x1e8 c:/program files (x86)/cypress/psoc creator/4.2/psoc creator/import/gnu/arm/5.4.1/bin/../lib/gcc/arm-none-eabi/5.4.1/../../../../arm-none-eabi/lib/armv7-m\libg_nano.a(lib_a-nano-svfprintf.o)
                0x00001c34                _svfiprintf_r
                0x00001c34                _svfprintf_r
 .text._printf_common
                0x00001e1c       0xec c:/program files (x86)/cypress/psoc creator/4.2/psoc creator/import/gnu/arm/5.4.1/bin/../lib/gcc/arm-none-eabi/5.4.1/../../../../arm-none-eabi/lib/armv7-m\libg_nano.a(lib_a-nano-vfprintf_i.o)
                0x00001e1c                _printf_common
 .text._printf_i
                0x00001f08      0x24c c:/program files (x86)/cypress/psoc creator/4.2/psoc creator/import/gnu/arm/5.4.1/bin/../lib/gcc/arm-none-eabi/5.4.1/../../../../arm-none-eabi/lib/armv7-m\libg_nano.a(lib_a-nano-vfprintf_i.o)
                0x00001f08                _printf_i
 .text.memchr   0x00002154       0x1c c:/program files (x86)/cypress/psoc creator/4.2/psoc creator/import/gnu/arm/5.4.1/bin/../lib/gcc/arm-none-eabi/5.4.1/../../../../arm-none-eabi/lib/armv7-m\libg_nano.a(lib_a-memchr-stub.o)
                0x00002154                memchr
 .text.memmove  0x00002170       0x36 c:/program files (x86)/cypress/psoc creator/4.2/psoc creator/import/gnu/arm/5.4.1/bin/../lib/gcc/arm-none-eabi/5.4.1/../../../../arm-none-eabi/lib/armv7-m\libg_nano.a(lib_a-memmove.o)
                0x00002170                memmove
 *fill*         0x000021a6        0x2 
 .text._free_r  0x000021a8       0x98 c:/program files (x86)/cypress/psoc creator/4.2/psoc creator/import/gnu/arm/5.4.1/bin/../lib/gcc/arm-none-eabi/5.4.1/../../../../arm-none-eabi/lib/armv7-m\libg_nano.a(lib_a-nano-freer.o)
                0x000021a8                _free_r
 .text._malloc_r
                0x00002240       0xbc c:/program files (x86)/cypress/psoc creator/4.2/psoc creator/import/gnu/arm/5.4.1/bin/../lib/gcc/arm-none-eabi/5.4.1/../../../../arm-none-eabi/lib/armv7-m\libg_nano.a(lib_a-nano-mallocr.o)
                0x00002240                _malloc_r
 .text._realloc_r
                0x000022fc       0x4c c:/program files (x86)/cypress/psoc creator/4.2/psoc creator/import/gnu/arm/5.4.1/bin/../lib/gcc/arm-none-eabi/5.4.1/../../../../arm-none-eabi/lib/armv7-m\libg_nano.a(lib_a-nano-reallocr.o)
                0x000022fc                _realloc_r
 .text._sbrk_r  0x00002348       0x20 c:/program files (x86)/cypress/psoc creator/4.2/psoc creator/import/gnu/arm/5.4.1/bin/../lib/gcc/arm-none-eabi/5.4.1/../../../../arm-none-eabi/lib/armv7-m\libg_nano.a(lib_a-sbrkr.o)
                0x00002348                _sbrk_r
 .text.__malloc_lock
                0x00002368        0x2 c:/program files (x86)/cypress/psoc creator/4.2/psoc creator/import/gnu/arm/5.4.1/bin/../lib/gcc/arm-none-eabi/5.4.1/../../../../arm-none-eabi/lib/armv7-m\libg_nano.a(lib_a-mlock.o)
                0x00002368                __malloc_lock
 .text.__malloc_unlock
                0x0000236a        0x2 c:/program files (x86)/cypress/psoc creator/4.2/psoc creator/import/gnu/arm/5.4.1/bin/../lib/gcc/arm-none-eabi/5.4.1/../../../../arm-none-eabi/lib/armv7-m\libg_nano.a(lib_a-mlock.o)
                0x0000236a                __malloc_unlock
 .text._malloc_usable_size_r
                0x0000236c       0x14 c:/program files (x86)/cypress/psoc creator/4.2/psoc creator/import/gnu/arm/5.4.1/bin/../lib/gcc/arm-none-eabi/5.4.1/../../../../arm-none-eabi/lib/armv7-m\libg_nano.a(lib_a-nano-msizer.o)
                0x0000236c                _malloc_usable_size_r
 *(.plt)
 *(.gnu.warning)
 *(.glue_7t)
 .glue_7t       0x00002380        0x0 linker stubs
 *(.glue_7)
 .glue_7        0x00002380        0x0 linker stubs
 *(.vfp11_veneer)
 .vfp11_veneer  0x00002380        0x0 linker stubs
 *(.bootloader)
 *(.ARM.extab* .gnu.linkonce.armextab.*)
 *(.gcc_except_table)

.v4_bx          0x00002380        0x0
 .v4_bx         0x00002380        0x0 linker stubs

.iplt           0x00002380        0x0
 .iplt          0x00002380        0x0 c:/program files (x86)/cypress/psoc creator/4.2/psoc creator/import/gnu/arm/5.4.1/bin/../lib/gcc/arm-none-eabi/5.4.1/armv7-m/crtbegin.o

.eh_frame_hdr
 *(.eh_frame_hdr)

.eh_frame       0x00002380        0x4
 *(.eh_frame)
 .eh_frame      0x00002380        0x0 c:/program files (x86)/cypress/psoc creator/4.2/psoc creator/import/gnu/arm/5.4.1/bin/../lib/gcc/arm-none-eabi/5.4.1/armv7-m/crtbegin.o
 .eh_frame      0x00002380        0x4 c:/program files (x86)/cypress/psoc creator/4.2/psoc creator/import/gnu/arm/5.4.1/bin/../lib/gcc/arm-none-eabi/5.4.1/armv7-m/crtend.o
                [!provide]                PROVIDE (__exidx_start, .)

.ARM.exidx
 *(.ARM.exidx* .gnu.linkonce.armexidx.*)
                0x00002384                __exidx_end = .

.rodata         0x00002384      0x104
 *(.rodata .rodata.* .gnu.linkonce.r.*)
 .rodata.str1.4
                0x00002384       0x38 .\CortexM3\ARM_GCC_541\Debug\main.o
 .rodata        0x000023bc       0x58 .\CortexM3\ARM_GCC_541\Debug\cyfitter_cfg.o
                0x000023bc                ADC_DelSig_1_AMux__addrTable
                0x000023c4                ADC_DelSig_1_AMux__maskTable
 .rodata.str1.4
                0x00002414        0x4 .\CortexM3\ARM_GCC_541\Debug\3dof.a(rx_isr.o)
                                  0x3 (size before relaxing)
 .rodata.str1.1
                0x00002418        0x2 c:/program files (x86)/cypress/psoc creator/4.2/psoc creator/import/gnu/arm/5.4.1/bin/../lib/gcc/arm-none-eabi/5.4.1/../../../../arm-none-eabi/lib/armv7-m\libg_nano.a(lib_a-impure.o)
 .rodata.str1.1
                0x0000241a       0x11 c:/program files (x86)/cypress/psoc creator/4.2/psoc creator/import/gnu/arm/5.4.1/bin/../lib/gcc/arm-none-eabi/5.4.1/../../../../arm-none-eabi/lib/armv7-m\libg_nano.a(lib_a-nano-svfprintf.o)
 .rodata.str1.1
                0x0000242b       0x22 c:/program files (x86)/cypress/psoc creator/4.2/psoc creator/import/gnu/arm/5.4.1/bin/../lib/gcc/arm-none-eabi/5.4.1/../../../../arm-none-eabi/lib/armv7-m\libg_nano.a(lib_a-nano-vfprintf_i.o)
                0x00002450                . = ALIGN (0x4)
 *fill*         0x0000244d        0x3 
 *(.init)
 .init          0x00002450        0x4 c:/program files (x86)/cypress/psoc creator/4.2/psoc creator/import/gnu/arm/5.4.1/bin/../lib/gcc/arm-none-eabi/5.4.1/armv7-m/crti.o
                0x00002450                _init
 .init          0x00002454        0x8 c:/program files (x86)/cypress/psoc creator/4.2/psoc creator/import/gnu/arm/5.4.1/bin/../lib/gcc/arm-none-eabi/5.4.1/armv7-m/crtn.o
                0x0000245c                . = ALIGN (0x4)
                0x0000245c                __preinit_array_start = .
 *(.preinit_array)
                0x0000245c                __preinit_array_end = .
                0x0000245c                . = ALIGN (0x4)
                0x0000245c                __init_array_start = .
 *(SORT(.init_array.*))
 *(.init_array)
 .init_array    0x0000245c        0x4 c:/program files (x86)/cypress/psoc creator/4.2/psoc creator/import/gnu/arm/5.4.1/bin/../lib/gcc/arm-none-eabi/5.4.1/armv7-m/crtbegin.o
 .init_array    0x00002460        0x4 .\CortexM3\ARM_GCC_541\Debug\Cm3Start.o
                0x00002464                __init_array_end = .
                0x00002464                . = ALIGN (0x4)
 *(.fini)
 .fini          0x00002464        0x4 c:/program files (x86)/cypress/psoc creator/4.2/psoc creator/import/gnu/arm/5.4.1/bin/../lib/gcc/arm-none-eabi/5.4.1/armv7-m/crti.o
                0x00002464                _fini
 .fini          0x00002468        0x8 c:/program files (x86)/cypress/psoc creator/4.2/psoc creator/import/gnu/arm/5.4.1/bin/../lib/gcc/arm-none-eabi/5.4.1/armv7-m/crtn.o
                0x00002470                . = ALIGN (0x4)
                0x00002470                __fini_array_start = .
 *(.fini_array)
 .fini_array    0x00002470        0x4 c:/program files (x86)/cypress/psoc creator/4.2/psoc creator/import/gnu/arm/5.4.1/bin/../lib/gcc/arm-none-eabi/5.4.1/armv7-m/crtbegin.o
 *(SORT(.fini_array.*))
                0x00002474                __fini_array_end = .
                0x00002474                . = ALIGN (0x4)
 *crtbegin.o(.ctors)
 *(EXCLUDE_FILE(*crtend.o) .ctors)
 *(SORT(.ctors.*))
 *crtend.o(.ctors)
                0x00002474                . = ALIGN (0x4)
 *crtbegin.o(.dtors)
 *(EXCLUDE_FILE(*crtend.o) .dtors)
 *(SORT(.dtors.*))
 *crtend.o(.dtors)
                0x00002474                . = ALIGN (0x4)
                0x00002474                __cy_regions = .
                0x00002474        0x4 LONG 0x2488 __cy_region_init_ram
                0x00002478        0x4 LONG 0x1fff80c8 __cy_region_start_data
                0x0000247c        0x4 LONG 0x80 __cy_region_init_size_ram
                0x00002480        0x4 LONG 0xe08 __cy_region_zero_size_ram
                0x00002484                __cy_regions_end = .
                0x00002488                . = ALIGN (0x8)
 *fill*         0x00002484        0x4 
                0x00002488                _etext = .

.cy_checksum_exclude
                0x00002488        0x0
 *(.cy_checksum_exclude)

.ramvectors     0x1fff8000       0xc0
                0x1fff8000                __cy_region_start_ram = .
 *(.ramvectors)
 .ramvectors    0x1fff8000       0xc0 .\CortexM3\ARM_GCC_541\Debug\Cm3Start.o
                0x1fff8000                CyRamVectors

.noinit         0x1fff80c0        0x1
 *(.noinit)
 .noinit        0x1fff80c0        0x1 .\CortexM3\ARM_GCC_541\Debug\3dof.a(CyLib.o)
                0x1fff80c0                CyResetStatus

.data           0x1fff80c8       0x80 load address 0x00002488
                0x1fff80c8                __cy_region_start_data = .
 *(.jcr)
 .jcr           0x1fff80c8        0x0 c:/program files (x86)/cypress/psoc creator/4.2/psoc creator/import/gnu/arm/5.4.1/bin/../lib/gcc/arm-none-eabi/5.4.1/armv7-m/crtbegin.o
 .jcr           0x1fff80c8        0x4 c:/program files (x86)/cypress/psoc creator/4.2/psoc creator/import/gnu/arm/5.4.1/bin/../lib/gcc/arm-none-eabi/5.4.1/armv7-m/crtend.o
 *(.got.plt)
 *(.got)
 *(.shdata)
 *(.data .data.* .gnu.linkonce.d.*)
 .data          0x1fff80cc        0x4 .\CortexM3\ARM_GCC_541\Debug\Cm3Start.o
 .data          0x1fff80d0        0x1 .\CortexM3\ARM_GCC_541\Debug\3dof.a(ADC_DelSig_1.o)
                0x1fff80d0                ADC_DelSig_1_Config
 .data          0x1fff80d1        0x1 .\CortexM3\ARM_GCC_541\Debug\3dof.a(ADC_DelSig_1_AMux.o)
 *fill*         0x1fff80d2        0x2 
 .data          0x1fff80d4       0x10 .\CortexM3\ARM_GCC_541\Debug\3dof.a(CyLib.o)
                0x1fff80d4                cydelay_32k_ms
                0x1fff80d8                cydelay_freq_khz
                0x1fff80dc                cydelay_freq_mhz
                0x1fff80e0                cydelay_freq_hz
 .data.impure_data
                0x1fff80e4       0x60 c:/program files (x86)/cypress/psoc creator/4.2/psoc creator/import/gnu/arm/5.4.1/bin/../lib/gcc/arm-none-eabi/5.4.1/../../../../arm-none-eabi/lib/armv7-m\libg_nano.a(lib_a-impure.o)
 .data._impure_ptr
                0x1fff8144        0x4 c:/program files (x86)/cypress/psoc creator/4.2/psoc creator/import/gnu/arm/5.4.1/bin/../lib/gcc/arm-none-eabi/5.4.1/../../../../arm-none-eabi/lib/armv7-m\libg_nano.a(lib_a-impure.o)
                0x1fff8144                _impure_ptr
                0x1fff8148                . = ALIGN (0x8)
 *(.ram)
                0x1fff8148                _edata = .

.igot.plt       0x1fff8148        0x0 load address 0x00002508
 .igot.plt      0x1fff8148        0x0 c:/program files (x86)/cypress/psoc creator/4.2/psoc creator/import/gnu/arm/5.4.1/bin/../lib/gcc/arm-none-eabi/5.4.1/armv7-m/crtbegin.o

.bss            0x1fff8148      0xe08 load address 0x00002508
                0x1fff8148                PROVIDE (__bss_start__, .)
 *(.shbss)
 *(.bss .bss.* .gnu.linkonce.b.*)
 .bss           0x1fff8148       0x1c c:/program files (x86)/cypress/psoc creator/4.2/psoc creator/import/gnu/arm/5.4.1/bin/../lib/gcc/arm-none-eabi/5.4.1/armv7-m/crtbegin.o
 .bss           0x1fff8164        0x4 .\CortexM3\ARM_GCC_541\Debug\comms.o
                0x1fff8164                rx_index
 .bss           0x1fff8168       0x18 .\CortexM3\ARM_GCC_541\Debug\3dof.a(ADC_DelSig_1.o)
                0x1fff8178                ADC_DelSig_1_stopConversion
                0x1fff8179                ADC_DelSig_1_convDone
                0x1fff817a                ADC_DelSig_1_initVar
                0x1fff817b                ADC_DelSig_1_started
                0x1fff817c                ADC_DelSig_1_Offset
 .bss           0x1fff8180        0x1 .\CortexM3\ARM_GCC_541\Debug\3dof.a(SPIM_1.o)
                0x1fff8180                SPIM_1_initVar
 .bss           0x1fff8181        0x2 .\CortexM3\ARM_GCC_541\Debug\3dof.a(UART_1.o)
                0x1fff8181                UART_1_initVar
 .bss           0x1fff8183        0x1 .\CortexM3\ARM_GCC_541\Debug\3dof.a(tick_isr.o)
                0x1fff8183                tick2
 .bss.__malloc_sbrk_start
                0x1fff8184        0x4 c:/program files (x86)/cypress/psoc creator/4.2/psoc creator/import/gnu/arm/5.4.1/bin/../lib/gcc/arm-none-eabi/5.4.1/../../../../arm-none-eabi/lib/armv7-m\libg_nano.a(lib_a-nano-mallocr.o)
                0x1fff8184                __malloc_sbrk_start
 .bss.__malloc_free_list
                0x1fff8188        0x4 c:/program files (x86)/cypress/psoc creator/4.2/psoc creator/import/gnu/arm/5.4.1/bin/../lib/gcc/arm-none-eabi/5.4.1/../../../../arm-none-eabi/lib/armv7-m\libg_nano.a(lib_a-nano-mallocr.o)
                0x1fff8188                __malloc_free_list
 *(COMMON)
 COMMON         0x1fff818c      0xdb7 .\CortexM3\ARM_GCC_541\Debug\main.o
                0x1fff818c                J3_accumulator
                0x1fff8190                J2_accumulator
                0x1fff8194                TransmitBuffer
                0x1fff81e4                J1_duration
                0x1fff81e8                move_queue
                0x1fff86a0                Ch
                0x1fff86a1                J2_limit
                0x1fff86a2                J1_dir
                0x1fff86a3                J3_limit
                0x1fff86a4                J3_tuningWord
                0x1fff86a8                J3_step
                0x1fff86ac                J2_tuningWord
                0x1fff86b0                J1_step
                0x1fff86b4                rx_buffer
                0x1fff8704                J1_accumulator
                0x1fff8708                read_angle_command
                0x1fff870c                msg_buff
                0x1fff8ee4                J3_pos
                0x1fff8ee8                J2_pos
                0x1fff8eec                tick
                0x1fff8ef0                J1_pos
                0x1fff8ef4                joints
                0x1fff8f30                J2_dir
                0x1fff8f34                J1_tuningWord
                0x1fff8f38                J3_duration
                0x1fff8f3c                J2_duration
                0x1fff8f40                J1_limit
                0x1fff8f41                J2_step
                0x1fff8f42                J3_dir
 *fill*         0x1fff8f43        0x1 
 COMMON         0x1fff8f44        0x4 .\CortexM3\ARM_GCC_541\Debug\3dof.a(ADC_DelSig_1.o)
                0x1fff8f44                ADC_DelSig_1_CountsPerVolt
 COMMON         0x1fff8f48        0x4 c:/program files (x86)/cypress/psoc creator/4.2/psoc creator/import/gnu/arm/5.4.1/bin/../lib/gcc/arm-none-eabi/5.4.1/../../../../arm-none-eabi/lib/armv7-m\libg_nano.a(lib_a-reent.o)
                0x1fff8f48                errno
                0x1fff8f50                . = ALIGN (0x8)
 *fill*         0x1fff8f4c        0x4 
 *(.ram.b)
                0x1fff8f50                _end = .
                0x1fff8f50                __end = .
                0x1fff8f50                PROVIDE (end, .)
                0x1fff8f50                PROVIDE (__bss_end__, .)
                0x00002488                __cy_region_init_ram = LOADADDR (.data)
                0x00000080                __cy_region_init_size_ram = (_edata - ADDR (.data))
                0x00000e08                __cy_region_zero_size_ram = (_end - _edata)

.heap           0x1fff8f50       0x80 load address 0x00002508
                0x1fff8f50                . = _end
                0x1fff8fd0                . = (. + 0x80)
 *fill*         0x1fff8f50       0x80 
                0x1fff8fd0                __cy_heap_limit = .

.stack          0x20007800      0x800
                0x20007800                __cy_stack_limit = .
                0x20008000                . = (. + 0x800)
 *fill*         0x20007800      0x800 
                0x00000001                ASSERT ((__cy_stack_limit >= __cy_heap_limit), region RAM overflowed with stack)
                0x00000000                cy_checksum_exclude_size = (CY_APPL_LOADABLE == 0x1)?SIZEOF (.cy_checksum_exclude):0x0
                0x00000001                ASSERT ((cy_checksum_exclude_size <= CY_CHECKSUM_EXCLUDE_SIZE), CY_BOOT: Section .cy_checksum_exclude size exceedes specified limit.)

.cyloadermeta
 *(.cyloadermeta)

.cyloadablemeta
 *(.cyloadablemeta)

.cyconfigecc    0x80000000      0x600
 *(.cyconfigecc)
 .cyconfigecc   0x80000000      0x600 .\CortexM3\ARM_GCC_541\Debug\cymetadata.o
                0x80000000                cy_meta_configecc

.cycustnvl      0x90000000        0x4
 *(.cycustnvl)
 .cycustnvl     0x90000000        0x4 .\CortexM3\ARM_GCC_541\Debug\cymetadata.o
                0x90000000                cy_meta_custnvl

.cywolatch      0x90100000        0x4
 *(.cywolatch)
 .cywolatch     0x90100000        0x4 .\CortexM3\ARM_GCC_541\Debug\cymetadata.o
                0x90100000                cy_meta_wonvl

.cyeeprom       0x90200000        0x0
 *(.cyeeprom)
                0x00000001                ASSERT ((. <= ((0x90200000 + ee_offset) + ee_size)), .cyeeprom data will not fit in EEPROM)

.cyflashprotect
                0x90400000      0x100
 *(.cyflashprotect)
 .cyflashprotect
                0x90400000      0x100 .\CortexM3\ARM_GCC_541\Debug\cymetadata.o
                0x90400000                cy_meta_flashprotect

.cymeta         0x90500000        0xc
 *(.cymeta)
 .cymeta        0x90500000        0xc .\CortexM3\ARM_GCC_541\Debug\cymetadata.o
                0x90500000                cy_metadata

.rel.dyn        0x00002508        0x0 load address 0x9050000c
 .rel.iplt      0x00002508        0x0 c:/program files (x86)/cypress/psoc creator/4.2/psoc creator/import/gnu/arm/5.4.1/bin/../lib/gcc/arm-none-eabi/5.4.1/armv7-m/crtbegin.o

.stab
 *(.stab)

.stabstr
 *(.stabstr)

.debug
 *(.debug)

.line
 *(.line)

.debug_srcinfo
 *(.debug_srcinfo)

.debug_sfnames
 *(.debug_sfnames)

.debug_aranges  0x00000000      0xed0
 *(.debug_aranges)
 .debug_aranges
                0x00000000       0x40 .\CortexM3\ARM_GCC_541\Debug\main.o
 .debug_aranges
                0x00000040       0x48 .\CortexM3\ARM_GCC_541\Debug\comms.o
 .debug_aranges
                0x00000088       0x20 .\CortexM3\ARM_GCC_541\Debug\joints.o
 .debug_aranges
                0x000000a8       0x30 .\CortexM3\ARM_GCC_541\Debug\as5048.o
 .debug_aranges
                0x000000d8       0x68 .\CortexM3\ARM_GCC_541\Debug\cyfitter_cfg.o
 .debug_aranges
                0x00000140       0x18 .\CortexM3\ARM_GCC_541\Debug\cymetadata.o
 .debug_aranges
                0x00000158       0x48 .\CortexM3\ARM_GCC_541\Debug\Cm3Start.o
 .debug_aranges
                0x000001a0       0xe8 .\CortexM3\ARM_GCC_541\Debug\3dof.a(ADC_DelSig_1.o)
 .debug_aranges
                0x00000288       0x38 .\CortexM3\ARM_GCC_541\Debug\3dof.a(ADC_DelSig_1_INT.o)
 .debug_aranges
                0x000002c0       0xd8 .\CortexM3\ARM_GCC_541\Debug\3dof.a(SPIM_1.o)
 .debug_aranges
                0x00000398       0x38 .\CortexM3\ARM_GCC_541\Debug\3dof.a(CS_J2.o)
 .debug_aranges
                0x000003d0       0x30 .\CortexM3\ARM_GCC_541\Debug\3dof.a(ADC_DelSig_1_AMux.o)
 .debug_aranges
                0x00000400       0x70 .\CortexM3\ARM_GCC_541\Debug\3dof.a(ADC_DelSig_1_Ext_CP_Clk.o)
 .debug_aranges
                0x00000470       0x80 .\CortexM3\ARM_GCC_541\Debug\3dof.a(ADC_DelSig_1_theACLK.o)
 .debug_aranges
                0x000004f0      0x2a0 .\CortexM3\ARM_GCC_541\Debug\3dof.a(CyLib.o)
 .debug_aranges
                0x00000790       0x98 .\CortexM3\ARM_GCC_541\Debug\3dof.a(cyPm.o)
 .debug_aranges
                0x00000828       0x38 .\CortexM3\ARM_GCC_541\Debug\3dof.a(CS_J3.o)
 .debug_aranges
                0x00000860       0x38 .\CortexM3\ARM_GCC_541\Debug\3dof.a(J2_LIM.o)
 .debug_aranges
                0x00000898       0x38 .\CortexM3\ARM_GCC_541\Debug\3dof.a(J3_LIM.o)
 .debug_aranges
                0x000008d0       0x38 .\CortexM3\ARM_GCC_541\Debug\3dof.a(J1_EN.o)
 .debug_aranges
                0x00000908       0x38 .\CortexM3\ARM_GCC_541\Debug\3dof.a(J2_EN.o)
 .debug_aranges
                0x00000940       0x38 .\CortexM3\ARM_GCC_541\Debug\3dof.a(J2_DIR.o)
 .debug_aranges
                0x00000978       0x38 .\CortexM3\ARM_GCC_541\Debug\3dof.a(J3_EN.o)
 .debug_aranges
                0x000009b0       0x38 .\CortexM3\ARM_GCC_541\Debug\3dof.a(J3_DIR.o)
 .debug_aranges
                0x000009e8       0xf0 .\CortexM3\ARM_GCC_541\Debug\3dof.a(UART_1.o)
 .debug_aranges
                0x00000ad8       0x70 .\CortexM3\ARM_GCC_541\Debug\3dof.a(UART_1_IntClock.o)
 .debug_aranges
                0x00000b48       0x80 .\CortexM3\ARM_GCC_541\Debug\3dof.a(NCO_ISR.o)
 .debug_aranges
                0x00000bc8       0x80 .\CortexM3\ARM_GCC_541\Debug\3dof.a(rx_isr.o)
 .debug_aranges
                0x00000c48       0x80 .\CortexM3\ARM_GCC_541\Debug\3dof.a(tick_isr.o)
 .debug_aranges
                0x00000cc8       0x20 .\CortexM3\ARM_GCC_541\Debug\3dof.a(CyBootAsmGnu.o)
 .debug_aranges
                0x00000ce8       0x88 .\CortexM3\ARM_GCC_541\Debug\3dof.a(CyFlash.o)
 .debug_aranges
                0x00000d70       0x80 .\CortexM3\ARM_GCC_541\Debug\3dof.a(CySpc.o)
 .debug_aranges
                0x00000df0       0x38 .\CortexM3\ARM_GCC_541\Debug\3dof.a(J1_STEP.o)
 .debug_aranges
                0x00000e28       0x38 .\CortexM3\ARM_GCC_541\Debug\3dof.a(J1_DIR.o)
 .debug_aranges
                0x00000e60       0x38 .\CortexM3\ARM_GCC_541\Debug\3dof.a(J2_STEP.o)
 .debug_aranges
                0x00000e98       0x38 .\CortexM3\ARM_GCC_541\Debug\3dof.a(J3_STEP.o)

.debug_pubnames
 *(.debug_pubnames)

.debug_info     0x00000000     0x8da2
 *(.debug_info .gnu.linkonce.wi.*)
 .debug_info    0x00000000      0xb42 .\CortexM3\ARM_GCC_541\Debug\main.o
 .debug_info    0x00000b42      0x446 .\CortexM3\ARM_GCC_541\Debug\comms.o
 .debug_info    0x00000f88      0x306 .\CortexM3\ARM_GCC_541\Debug\joints.o
 .debug_info    0x0000128e      0x364 .\CortexM3\ARM_GCC_541\Debug\as5048.o
 .debug_info    0x000015f2      0x6a3 .\CortexM3\ARM_GCC_541\Debug\cyfitter_cfg.o
 .debug_info    0x00001c95      0x137 .\CortexM3\ARM_GCC_541\Debug\cymetadata.o
 .debug_info    0x00001dcc      0x3bb .\CortexM3\ARM_GCC_541\Debug\Cm3Start.o
 .debug_info    0x00002187      0xbee .\CortexM3\ARM_GCC_541\Debug\3dof.a(ADC_DelSig_1.o)
 .debug_info    0x00002d75       0xd3 .\CortexM3\ARM_GCC_541\Debug\3dof.a(ADC_DelSig_1_INT.o)
 .debug_info    0x00002e48      0x4b0 .\CortexM3\ARM_GCC_541\Debug\3dof.a(SPIM_1.o)
 .debug_info    0x000032f8      0x11f .\CortexM3\ARM_GCC_541\Debug\3dof.a(CS_J2.o)
 .debug_info    0x00003417      0x165 .\CortexM3\ARM_GCC_541\Debug\3dof.a(ADC_DelSig_1_AMux.o)
 .debug_info    0x0000357c      0x283 .\CortexM3\ARM_GCC_541\Debug\3dof.a(ADC_DelSig_1_Ext_CP_Clk.o)
 .debug_info    0x000037ff      0x2c4 .\CortexM3\ARM_GCC_541\Debug\3dof.a(ADC_DelSig_1_theACLK.o)
 .debug_info    0x00003ac3     0x1374 .\CortexM3\ARM_GCC_541\Debug\3dof.a(CyLib.o)
 .debug_info    0x00004e37      0xa2a .\CortexM3\ARM_GCC_541\Debug\3dof.a(cyPm.o)
 .debug_info    0x00005861      0x11f .\CortexM3\ARM_GCC_541\Debug\3dof.a(CS_J3.o)
 .debug_info    0x00005980      0x11f .\CortexM3\ARM_GCC_541\Debug\3dof.a(J2_LIM.o)
 .debug_info    0x00005a9f      0x11f .\CortexM3\ARM_GCC_541\Debug\3dof.a(J3_LIM.o)
 .debug_info    0x00005bbe      0x11f .\CortexM3\ARM_GCC_541\Debug\3dof.a(J1_EN.o)
 .debug_info    0x00005cdd      0x11f .\CortexM3\ARM_GCC_541\Debug\3dof.a(J2_EN.o)
 .debug_info    0x00005dfc      0x11f .\CortexM3\ARM_GCC_541\Debug\3dof.a(J2_DIR.o)
 .debug_info    0x00005f1b      0x11f .\CortexM3\ARM_GCC_541\Debug\3dof.a(J3_EN.o)
 .debug_info    0x0000603a      0x11f .\CortexM3\ARM_GCC_541\Debug\3dof.a(J3_DIR.o)
 .debug_info    0x00006159      0x60c .\CortexM3\ARM_GCC_541\Debug\3dof.a(UART_1.o)
 .debug_info    0x00006765      0x283 .\CortexM3\ARM_GCC_541\Debug\3dof.a(UART_1_IntClock.o)
 .debug_info    0x000069e8      0x7e9 .\CortexM3\ARM_GCC_541\Debug\3dof.a(NCO_ISR.o)
 .debug_info    0x000071d1      0x53c .\CortexM3\ARM_GCC_541\Debug\3dof.a(rx_isr.o)
 .debug_info    0x0000770d      0x5f3 .\CortexM3\ARM_GCC_541\Debug\3dof.a(tick_isr.o)
 .debug_info    0x00007d00       0x89 .\CortexM3\ARM_GCC_541\Debug\3dof.a(CyBootAsmGnu.o)
 .debug_info    0x00007d89      0x64d .\CortexM3\ARM_GCC_541\Debug\3dof.a(CyFlash.o)
 .debug_info    0x000083d6      0x550 .\CortexM3\ARM_GCC_541\Debug\3dof.a(CySpc.o)
 .debug_info    0x00008926      0x11f .\CortexM3\ARM_GCC_541\Debug\3dof.a(J1_STEP.o)
 .debug_info    0x00008a45      0x11f .\CortexM3\ARM_GCC_541\Debug\3dof.a(J1_DIR.o)
 .debug_info    0x00008b64      0x11f .\CortexM3\ARM_GCC_541\Debug\3dof.a(J2_STEP.o)
 .debug_info    0x00008c83      0x11f .\CortexM3\ARM_GCC_541\Debug\3dof.a(J3_STEP.o)

.debug_abbrev   0x00000000     0x2708
 *(.debug_abbrev)
 .debug_abbrev  0x00000000      0x1b3 .\CortexM3\ARM_GCC_541\Debug\main.o
 .debug_abbrev  0x000001b3      0x156 .\CortexM3\ARM_GCC_541\Debug\comms.o
 .debug_abbrev  0x00000309       0xda .\CortexM3\ARM_GCC_541\Debug\joints.o
 .debug_abbrev  0x000003e3       0xe4 .\CortexM3\ARM_GCC_541\Debug\as5048.o
 .debug_abbrev  0x000004c7      0x22d .\CortexM3\ARM_GCC_541\Debug\cyfitter_cfg.o
 .debug_abbrev  0x000006f4       0x77 .\CortexM3\ARM_GCC_541\Debug\cymetadata.o
 .debug_abbrev  0x0000076b      0x1e8 .\CortexM3\ARM_GCC_541\Debug\Cm3Start.o
 .debug_abbrev  0x00000953      0x1eb .\CortexM3\ARM_GCC_541\Debug\3dof.a(ADC_DelSig_1.o)
 .debug_abbrev  0x00000b3e       0x42 .\CortexM3\ARM_GCC_541\Debug\3dof.a(ADC_DelSig_1_INT.o)
 .debug_abbrev  0x00000b80      0x146 .\CortexM3\ARM_GCC_541\Debug\3dof.a(SPIM_1.o)
 .debug_abbrev  0x00000cc6       0x90 .\CortexM3\ARM_GCC_541\Debug\3dof.a(CS_J2.o)
 .debug_abbrev  0x00000d56       0xb1 .\CortexM3\ARM_GCC_541\Debug\3dof.a(ADC_DelSig_1_AMux.o)
 .debug_abbrev  0x00000e07      0x139 .\CortexM3\ARM_GCC_541\Debug\3dof.a(ADC_DelSig_1_Ext_CP_Clk.o)
 .debug_abbrev  0x00000f40      0x121 .\CortexM3\ARM_GCC_541\Debug\3dof.a(ADC_DelSig_1_theACLK.o)
 .debug_abbrev  0x00001061      0x254 .\CortexM3\ARM_GCC_541\Debug\3dof.a(CyLib.o)
 .debug_abbrev  0x000012b5      0x1ab .\CortexM3\ARM_GCC_541\Debug\3dof.a(cyPm.o)
 .debug_abbrev  0x00001460       0x90 .\CortexM3\ARM_GCC_541\Debug\3dof.a(CS_J3.o)
 .debug_abbrev  0x000014f0       0x90 .\CortexM3\ARM_GCC_541\Debug\3dof.a(J2_LIM.o)
 .debug_abbrev  0x00001580       0x90 .\CortexM3\ARM_GCC_541\Debug\3dof.a(J3_LIM.o)
 .debug_abbrev  0x00001610       0x90 .\CortexM3\ARM_GCC_541\Debug\3dof.a(J1_EN.o)
 .debug_abbrev  0x000016a0       0x90 .\CortexM3\ARM_GCC_541\Debug\3dof.a(J2_EN.o)
 .debug_abbrev  0x00001730       0x90 .\CortexM3\ARM_GCC_541\Debug\3dof.a(J2_DIR.o)
 .debug_abbrev  0x000017c0       0x90 .\CortexM3\ARM_GCC_541\Debug\3dof.a(J3_EN.o)
 .debug_abbrev  0x00001850       0x90 .\CortexM3\ARM_GCC_541\Debug\3dof.a(J3_DIR.o)
 .debug_abbrev  0x000018e0      0x175 .\CortexM3\ARM_GCC_541\Debug\3dof.a(UART_1.o)
 .debug_abbrev  0x00001a55      0x139 .\CortexM3\ARM_GCC_541\Debug\3dof.a(UART_1_IntClock.o)
 .debug_abbrev  0x00001b8e      0x1f6 .\CortexM3\ARM_GCC_541\Debug\3dof.a(NCO_ISR.o)
 .debug_abbrev  0x00001d84      0x201 .\CortexM3\ARM_GCC_541\Debug\3dof.a(rx_isr.o)
 .debug_abbrev  0x00001f85      0x1f4 .\CortexM3\ARM_GCC_541\Debug\3dof.a(tick_isr.o)
 .debug_abbrev  0x00002179       0x14 .\CortexM3\ARM_GCC_541\Debug\3dof.a(CyBootAsmGnu.o)
 .debug_abbrev  0x0000218d      0x1a7 .\CortexM3\ARM_GCC_541\Debug\3dof.a(CyFlash.o)
 .debug_abbrev  0x00002334      0x194 .\CortexM3\ARM_GCC_541\Debug\3dof.a(CySpc.o)
 .debug_abbrev  0x000024c8       0x90 .\CortexM3\ARM_GCC_541\Debug\3dof.a(J1_STEP.o)
 .debug_abbrev  0x00002558       0x90 .\CortexM3\ARM_GCC_541\Debug\3dof.a(J1_DIR.o)
 .debug_abbrev  0x000025e8       0x90 .\CortexM3\ARM_GCC_541\Debug\3dof.a(J2_STEP.o)
 .debug_abbrev  0x00002678       0x90 .\CortexM3\ARM_GCC_541\Debug\3dof.a(J3_STEP.o)

.debug_line     0x00000000     0x3a8e
 *(.debug_line)
 .debug_line    0x00000000      0x347 .\CortexM3\ARM_GCC_541\Debug\main.o
 .debug_line    0x00000347      0x13e .\CortexM3\ARM_GCC_541\Debug\comms.o
 .debug_line    0x00000485       0xa2 .\CortexM3\ARM_GCC_541\Debug\joints.o
 .debug_line    0x00000527      0x104 .\CortexM3\ARM_GCC_541\Debug\as5048.o
 .debug_line    0x0000062b      0x225 .\CortexM3\ARM_GCC_541\Debug\cyfitter_cfg.o
 .debug_line    0x00000850      0x141 .\CortexM3\ARM_GCC_541\Debug\cymetadata.o
 .debug_line    0x00000991      0x234 .\CortexM3\ARM_GCC_541\Debug\Cm3Start.o
 .debug_line    0x00000bc5      0x3ee .\CortexM3\ARM_GCC_541\Debug\3dof.a(ADC_DelSig_1.o)
 .debug_line    0x00000fb3       0x89 .\CortexM3\ARM_GCC_541\Debug\3dof.a(ADC_DelSig_1_INT.o)
 .debug_line    0x0000103c      0x234 .\CortexM3\ARM_GCC_541\Debug\3dof.a(SPIM_1.o)
 .debug_line    0x00001270       0x92 .\CortexM3\ARM_GCC_541\Debug\3dof.a(CS_J2.o)
 .debug_line    0x00001302       0xb5 .\CortexM3\ARM_GCC_541\Debug\3dof.a(ADC_DelSig_1_AMux.o)
 .debug_line    0x000013b7      0x186 .\CortexM3\ARM_GCC_541\Debug\3dof.a(ADC_DelSig_1_Ext_CP_Clk.o)
 .debug_line    0x0000153d      0x1a6 .\CortexM3\ARM_GCC_541\Debug\3dof.a(ADC_DelSig_1_theACLK.o)
 .debug_line    0x000016e3      0x816 .\CortexM3\ARM_GCC_541\Debug\3dof.a(CyLib.o)
 .debug_line    0x00001ef9      0x367 .\CortexM3\ARM_GCC_541\Debug\3dof.a(cyPm.o)
 .debug_line    0x00002260       0x92 .\CortexM3\ARM_GCC_541\Debug\3dof.a(CS_J3.o)
 .debug_line    0x000022f2       0x93 .\CortexM3\ARM_GCC_541\Debug\3dof.a(J2_LIM.o)
 .debug_line    0x00002385       0x93 .\CortexM3\ARM_GCC_541\Debug\3dof.a(J3_LIM.o)
 .debug_line    0x00002418       0x92 .\CortexM3\ARM_GCC_541\Debug\3dof.a(J1_EN.o)
 .debug_line    0x000024aa       0x92 .\CortexM3\ARM_GCC_541\Debug\3dof.a(J2_EN.o)
 .debug_line    0x0000253c       0x93 .\CortexM3\ARM_GCC_541\Debug\3dof.a(J2_DIR.o)
 .debug_line    0x000025cf       0x92 .\CortexM3\ARM_GCC_541\Debug\3dof.a(J3_EN.o)
 .debug_line    0x00002661       0x93 .\CortexM3\ARM_GCC_541\Debug\3dof.a(J3_DIR.o)
 .debug_line    0x000026f4      0x2c0 .\CortexM3\ARM_GCC_541\Debug\3dof.a(UART_1.o)
 .debug_line    0x000029b4      0x17e .\CortexM3\ARM_GCC_541\Debug\3dof.a(UART_1_IntClock.o)
 .debug_line    0x00002b32      0x30c .\CortexM3\ARM_GCC_541\Debug\3dof.a(NCO_ISR.o)
 .debug_line    0x00002e3e      0x284 .\CortexM3\ARM_GCC_541\Debug\3dof.a(rx_isr.o)
 .debug_line    0x000030c2      0x29d .\CortexM3\ARM_GCC_541\Debug\3dof.a(tick_isr.o)
 .debug_line    0x0000335f       0x66 .\CortexM3\ARM_GCC_541\Debug\3dof.a(CyBootAsmGnu.o)
 .debug_line    0x000033c5      0x21a .\CortexM3\ARM_GCC_541\Debug\3dof.a(CyFlash.o)
 .debug_line    0x000035df      0x260 .\CortexM3\ARM_GCC_541\Debug\3dof.a(CySpc.o)
 .debug_line    0x0000383f       0x94 .\CortexM3\ARM_GCC_541\Debug\3dof.a(J1_STEP.o)
 .debug_line    0x000038d3       0x93 .\CortexM3\ARM_GCC_541\Debug\3dof.a(J1_DIR.o)
 .debug_line    0x00003966       0x94 .\CortexM3\ARM_GCC_541\Debug\3dof.a(J2_STEP.o)
 .debug_line    0x000039fa       0x94 .\CortexM3\ARM_GCC_541\Debug\3dof.a(J3_STEP.o)

.debug_frame    0x00000000     0x25c0
 *(.debug_frame)
 .debug_frame   0x00000000       0x90 .\CortexM3\ARM_GCC_541\Debug\main.o
 .debug_frame   0x00000090       0xec .\CortexM3\ARM_GCC_541\Debug\comms.o
 .debug_frame   0x0000017c       0x2c .\CortexM3\ARM_GCC_541\Debug\joints.o
 .debug_frame   0x000001a8       0x5c .\CortexM3\ARM_GCC_541\Debug\as5048.o
 .debug_frame   0x00000204      0x104 .\CortexM3\ARM_GCC_541\Debug\cyfitter_cfg.o
 .debug_frame   0x00000308       0xb8 .\CortexM3\ARM_GCC_541\Debug\Cm3Start.o
 .debug_frame   0x000003c0      0x284 .\CortexM3\ARM_GCC_541\Debug\3dof.a(ADC_DelSig_1.o)
 .debug_frame   0x00000644       0x50 .\CortexM3\ARM_GCC_541\Debug\3dof.a(ADC_DelSig_1_INT.o)
 .debug_frame   0x00000694      0x1e8 .\CortexM3\ARM_GCC_541\Debug\3dof.a(SPIM_1.o)
 .debug_frame   0x0000087c       0x50 .\CortexM3\ARM_GCC_541\Debug\3dof.a(CS_J2.o)
 .debug_frame   0x000008cc       0x64 .\CortexM3\ARM_GCC_541\Debug\3dof.a(ADC_DelSig_1_AMux.o)
 .debug_frame   0x00000930       0xe0 .\CortexM3\ARM_GCC_541\Debug\3dof.a(ADC_DelSig_1_Ext_CP_Clk.o)
 .debug_frame   0x00000a10      0x100 .\CortexM3\ARM_GCC_541\Debug\3dof.a(ADC_DelSig_1_theACLK.o)
 .debug_frame   0x00000b10      0x738 .\CortexM3\ARM_GCC_541\Debug\3dof.a(CyLib.o)
 .debug_frame   0x00001248      0x1f8 .\CortexM3\ARM_GCC_541\Debug\3dof.a(cyPm.o)
 .debug_frame   0x00001440       0x50 .\CortexM3\ARM_GCC_541\Debug\3dof.a(CS_J3.o)
 .debug_frame   0x00001490       0x50 .\CortexM3\ARM_GCC_541\Debug\3dof.a(J2_LIM.o)
 .debug_frame   0x000014e0       0x50 .\CortexM3\ARM_GCC_541\Debug\3dof.a(J3_LIM.o)
 .debug_frame   0x00001530       0x50 .\CortexM3\ARM_GCC_541\Debug\3dof.a(J1_EN.o)
 .debug_frame   0x00001580       0x50 .\CortexM3\ARM_GCC_541\Debug\3dof.a(J2_EN.o)
 .debug_frame   0x000015d0       0x50 .\CortexM3\ARM_GCC_541\Debug\3dof.a(J2_DIR.o)
 .debug_frame   0x00001620       0x50 .\CortexM3\ARM_GCC_541\Debug\3dof.a(J3_EN.o)
 .debug_frame   0x00001670       0x50 .\CortexM3\ARM_GCC_541\Debug\3dof.a(J3_DIR.o)
 .debug_frame   0x000016c0      0x250 .\CortexM3\ARM_GCC_541\Debug\3dof.a(UART_1.o)
 .debug_frame   0x00001910       0xe0 .\CortexM3\ARM_GCC_541\Debug\3dof.a(UART_1_IntClock.o)
 .debug_frame   0x000019f0      0x110 .\CortexM3\ARM_GCC_541\Debug\3dof.a(NCO_ISR.o)
 .debug_frame   0x00001b00      0x114 .\CortexM3\ARM_GCC_541\Debug\3dof.a(rx_isr.o)
 .debug_frame   0x00001c14      0x110 .\CortexM3\ARM_GCC_541\Debug\3dof.a(tick_isr.o)
 .debug_frame   0x00001d24      0x194 .\CortexM3\ARM_GCC_541\Debug\3dof.a(CyFlash.o)
 .debug_frame   0x00001eb8      0x180 .\CortexM3\ARM_GCC_541\Debug\3dof.a(CySpc.o)
 .debug_frame   0x00002038       0x50 .\CortexM3\ARM_GCC_541\Debug\3dof.a(J1_STEP.o)
 .debug_frame   0x00002088       0x50 .\CortexM3\ARM_GCC_541\Debug\3dof.a(J1_DIR.o)
 .debug_frame   0x000020d8       0x50 .\CortexM3\ARM_GCC_541\Debug\3dof.a(J2_STEP.o)
 .debug_frame   0x00002128       0x50 .\CortexM3\ARM_GCC_541\Debug\3dof.a(J3_STEP.o)
 .debug_frame   0x00002178       0x2c c:/program files (x86)/cypress/psoc creator/4.2/psoc creator/import/gnu/arm/5.4.1/bin/../lib/gcc/arm-none-eabi/5.4.1/armv7-m\libgcc.a(_aeabi_uldivmod.o)
 .debug_frame   0x000021a4       0x38 c:/program files (x86)/cypress/psoc creator/4.2/psoc creator/import/gnu/arm/5.4.1/bin/../lib/gcc/arm-none-eabi/5.4.1/armv7-m\libgcc.a(_udivmoddi4.o)
 .debug_frame   0x000021dc       0x20 c:/program files (x86)/cypress/psoc creator/4.2/psoc creator/import/gnu/arm/5.4.1/bin/../lib/gcc/arm-none-eabi/5.4.1/../../../../arm-none-eabi/lib/armv7-m\libg_nano.a(lib_a-errno.o)
 .debug_frame   0x000021fc       0x28 c:/program files (x86)/cypress/psoc creator/4.2/psoc creator/import/gnu/arm/5.4.1/bin/../lib/gcc/arm-none-eabi/5.4.1/../../../../arm-none-eabi/lib/armv7-m\libg_nano.a(lib_a-exit.o)
 .debug_frame   0x00002224       0x2c c:/program files (x86)/cypress/psoc creator/4.2/psoc creator/import/gnu/arm/5.4.1/bin/../lib/gcc/arm-none-eabi/5.4.1/../../../../arm-none-eabi/lib/armv7-m\libg_nano.a(lib_a-init.o)
 .debug_frame   0x00002250       0x28 c:/program files (x86)/cypress/psoc creator/4.2/psoc creator/import/gnu/arm/5.4.1/bin/../lib/gcc/arm-none-eabi/5.4.1/../../../../arm-none-eabi/lib/armv7-m\libg_nano.a(lib_a-memcpy-stub.o)
 .debug_frame   0x00002278       0x20 c:/program files (x86)/cypress/psoc creator/4.2/psoc creator/import/gnu/arm/5.4.1/bin/../lib/gcc/arm-none-eabi/5.4.1/../../../../arm-none-eabi/lib/armv7-m\libg_nano.a(lib_a-memset.o)
 .debug_frame   0x00002298       0x70 c:/program files (x86)/cypress/psoc creator/4.2/psoc creator/import/gnu/arm/5.4.1/bin/../lib/gcc/arm-none-eabi/5.4.1/../../../../arm-none-eabi/lib/armv7-m\libg_nano.a(lib_a-sprintf.o)
 .debug_frame   0x00002308       0x90 c:/program files (x86)/cypress/psoc creator/4.2/psoc creator/import/gnu/arm/5.4.1/bin/../lib/gcc/arm-none-eabi/5.4.1/../../../../arm-none-eabi/lib/armv7-m\libg_nano.a(lib_a-nano-svfprintf.o)
 .debug_frame   0x00002398       0x60 c:/program files (x86)/cypress/psoc creator/4.2/psoc creator/import/gnu/arm/5.4.1/bin/../lib/gcc/arm-none-eabi/5.4.1/../../../../arm-none-eabi/lib/armv7-m\libg_nano.a(lib_a-nano-vfprintf_i.o)
 .debug_frame   0x000023f8       0x28 c:/program files (x86)/cypress/psoc creator/4.2/psoc creator/import/gnu/arm/5.4.1/bin/../lib/gcc/arm-none-eabi/5.4.1/../../../../arm-none-eabi/lib/armv7-m\libg_nano.a(lib_a-memchr-stub.o)
 .debug_frame   0x00002420       0x28 c:/program files (x86)/cypress/psoc creator/4.2/psoc creator/import/gnu/arm/5.4.1/bin/../lib/gcc/arm-none-eabi/5.4.1/../../../../arm-none-eabi/lib/armv7-m\libg_nano.a(lib_a-memmove.o)
 .debug_frame   0x00002448       0x38 c:/program files (x86)/cypress/psoc creator/4.2/psoc creator/import/gnu/arm/5.4.1/bin/../lib/gcc/arm-none-eabi/5.4.1/../../../../arm-none-eabi/lib/armv7-m\libg_nano.a(lib_a-nano-freer.o)
 .debug_frame   0x00002480       0x2c c:/program files (x86)/cypress/psoc creator/4.2/psoc creator/import/gnu/arm/5.4.1/bin/../lib/gcc/arm-none-eabi/5.4.1/../../../../arm-none-eabi/lib/armv7-m\libg_nano.a(lib_a-nano-mallocr.o)
 .debug_frame   0x000024ac       0x3c c:/program files (x86)/cypress/psoc creator/4.2/psoc creator/import/gnu/arm/5.4.1/bin/../lib/gcc/arm-none-eabi/5.4.1/../../../../arm-none-eabi/lib/armv7-m\libg_nano.a(lib_a-nano-reallocr.o)
 .debug_frame   0x000024e8       0x2c c:/program files (x86)/cypress/psoc creator/4.2/psoc creator/import/gnu/arm/5.4.1/bin/../lib/gcc/arm-none-eabi/5.4.1/../../../../arm-none-eabi/lib/armv7-m\libg_nano.a(lib_a-sbrkr.o)
 .debug_frame   0x00002514       0x30 c:/program files (x86)/cypress/psoc creator/4.2/psoc creator/import/gnu/arm/5.4.1/bin/../lib/gcc/arm-none-eabi/5.4.1/../../../../arm-none-eabi/lib/armv7-m\libg_nano.a(lib_a-mlock.o)
 .debug_frame   0x00002544       0x20 c:/program files (x86)/cypress/psoc creator/4.2/psoc creator/import/gnu/arm/5.4.1/bin/../lib/gcc/arm-none-eabi/5.4.1/../../../../arm-none-eabi/lib/armv7-m\libg_nano.a(lib_a-nano-msizer.o)
 .debug_frame   0x00002564       0x5c c:/program files (x86)/cypress/psoc creator/4.2/psoc creator/import/gnu/arm/5.4.1/bin/../lib/gcc/arm-none-eabi/5.4.1/../../../../arm-none-eabi/lib/armv7-m\libg_nano.a(lib_a-reent.o)

.debug_str      0x00000000     0x2dc0
 *(.debug_str)
 .debug_str     0x00000000      0x515 .\CortexM3\ARM_GCC_541\Debug\main.o
                                0x5af (size before relaxing)
 .debug_str     0x00000515       0x3c .\CortexM3\ARM_GCC_541\Debug\comms.o
                                0x2a0 (size before relaxing)
 .debug_str     0x00000551        0x9 .\CortexM3\ARM_GCC_541\Debug\joints.o
                                0x2bb (size before relaxing)
 .debug_str     0x0000055a       0x94 .\CortexM3\ARM_GCC_541\Debug\as5048.o
                                0x26c (size before relaxing)
 .debug_str     0x000005ee      0x212 .\CortexM3\ARM_GCC_541\Debug\cyfitter_cfg.o
                                0x3ad (size before relaxing)
 .debug_str     0x00000800       0x7f .\CortexM3\ARM_GCC_541\Debug\cymetadata.o
                                0x1dd (size before relaxing)
 .debug_str     0x0000087f      0x139 .\CortexM3\ARM_GCC_541\Debug\Cm3Start.o
                                0x303 (size before relaxing)
 .debug_str     0x000009b8      0x4c7 .\CortexM3\ARM_GCC_541\Debug\3dof.a(ADC_DelSig_1.o)
                                0x733 (size before relaxing)
 .debug_str     0x00000e7f       0x72 .\CortexM3\ARM_GCC_541\Debug\3dof.a(ADC_DelSig_1_INT.o)
                                0x1e6 (size before relaxing)
 .debug_str     0x00000ef1      0x1dc .\CortexM3\ARM_GCC_541\Debug\3dof.a(SPIM_1.o)
                                0x423 (size before relaxing)
 .debug_str     0x000010cd       0x5f .\CortexM3\ARM_GCC_541\Debug\3dof.a(CS_J2.o)
                                0x1db (size before relaxing)
 .debug_str     0x0000112c       0x83 .\CortexM3\ARM_GCC_541\Debug\3dof.a(ADC_DelSig_1_AMux.o)
                                0x237 (size before relaxing)
 .debug_str     0x000011af      0x1cd .\CortexM3\ARM_GCC_541\Debug\3dof.a(ADC_DelSig_1_Ext_CP_Clk.o)
                                0x3a7 (size before relaxing)
 .debug_str     0x0000137c      0x1bb .\CortexM3\ARM_GCC_541\Debug\3dof.a(ADC_DelSig_1_theACLK.o)
                                0x3d8 (size before relaxing)
 .debug_str     0x00001537      0x7e8 .\CortexM3\ARM_GCC_541\Debug\3dof.a(CyLib.o)
                                0xa40 (size before relaxing)
 .debug_str     0x00001d1f      0x365 .\CortexM3\ARM_GCC_541\Debug\3dof.a(cyPm.o)
                                0x72c (size before relaxing)
 .debug_str     0x00002084       0x4f .\CortexM3\ARM_GCC_541\Debug\3dof.a(CS_J3.o)
                                0x1db (size before relaxing)
 .debug_str     0x000020d3       0x54 .\CortexM3\ARM_GCC_541\Debug\3dof.a(J2_LIM.o)
                                0x1e0 (size before relaxing)
 .debug_str     0x00002127       0x54 .\CortexM3\ARM_GCC_541\Debug\3dof.a(J3_LIM.o)
                                0x1e0 (size before relaxing)
 .debug_str     0x0000217b       0x4f .\CortexM3\ARM_GCC_541\Debug\3dof.a(J1_EN.o)
                                0x1db (size before relaxing)
 .debug_str     0x000021ca       0x4f .\CortexM3\ARM_GCC_541\Debug\3dof.a(J2_EN.o)
                                0x1db (size before relaxing)
 .debug_str     0x00002219       0x53 .\CortexM3\ARM_GCC_541\Debug\3dof.a(J2_DIR.o)
                                0x1e0 (size before relaxing)
 .debug_str     0x0000226c       0x4f .\CortexM3\ARM_GCC_541\Debug\3dof.a(J3_EN.o)
                                0x1db (size before relaxing)
 .debug_str     0x000022bb       0x53 .\CortexM3\ARM_GCC_541\Debug\3dof.a(J3_DIR.o)
                                0x1e0 (size before relaxing)
 .debug_str     0x0000230e      0x28d .\CortexM3\ARM_GCC_541\Debug\3dof.a(UART_1.o)
                                0x4ac (size before relaxing)
 .debug_str     0x0000259b      0x14c .\CortexM3\ARM_GCC_541\Debug\3dof.a(UART_1_IntClock.o)
                                0x347 (size before relaxing)
 .debug_str     0x000026e7      0x12b .\CortexM3\ARM_GCC_541\Debug\3dof.a(NCO_ISR.o)
                                0x51a (size before relaxing)
 .debug_str     0x00002812       0xef .\CortexM3\ARM_GCC_541\Debug\3dof.a(rx_isr.o)
                                0x3ab (size before relaxing)
 .debug_str     0x00002901      0x107 .\CortexM3\ARM_GCC_541\Debug\3dof.a(tick_isr.o)
                                0x493 (size before relaxing)
 .debug_str     0x00002a08      0x1b4 .\CortexM3\ARM_GCC_541\Debug\3dof.a(CyFlash.o)
                                0x3b9 (size before relaxing)
 .debug_str     0x00002bbc       0xac .\CortexM3\ARM_GCC_541\Debug\3dof.a(CySpc.o)
                                0x331 (size before relaxing)
 .debug_str     0x00002c68       0x57 .\CortexM3\ARM_GCC_541\Debug\3dof.a(J1_STEP.o)
                                0x1e5 (size before relaxing)
 .debug_str     0x00002cbf       0x53 .\CortexM3\ARM_GCC_541\Debug\3dof.a(J1_DIR.o)
                                0x1e0 (size before relaxing)
 .debug_str     0x00002d12       0x57 .\CortexM3\ARM_GCC_541\Debug\3dof.a(J2_STEP.o)
                                0x1e5 (size before relaxing)
 .debug_str     0x00002d69       0x57 .\CortexM3\ARM_GCC_541\Debug\3dof.a(J3_STEP.o)
                                0x1e5 (size before relaxing)

.debug_loc      0x00000000     0x31a9
 *(.debug_loc)
 .debug_loc     0x00000000       0x2c .\CortexM3\ARM_GCC_541\Debug\main.o
 .debug_loc     0x0000002c      0x2d1 .\CortexM3\ARM_GCC_541\Debug\comms.o
 .debug_loc     0x000002fd       0x1f .\CortexM3\ARM_GCC_541\Debug\joints.o
 .debug_loc     0x0000031c      0x116 .\CortexM3\ARM_GCC_541\Debug\as5048.o
 .debug_loc     0x00000432      0x2cb .\CortexM3\ARM_GCC_541\Debug\cyfitter_cfg.o
 .debug_loc     0x000006fd      0x144 .\CortexM3\ARM_GCC_541\Debug\Cm3Start.o
 .debug_loc     0x00000841      0x681 .\CortexM3\ARM_GCC_541\Debug\3dof.a(ADC_DelSig_1.o)
 .debug_loc     0x00000ec2       0xfe .\CortexM3\ARM_GCC_541\Debug\3dof.a(SPIM_1.o)
 .debug_loc     0x00000fc0       0x42 .\CortexM3\ARM_GCC_541\Debug\3dof.a(CS_J2.o)
 .debug_loc     0x00001002       0x6c .\CortexM3\ARM_GCC_541\Debug\3dof.a(ADC_DelSig_1_AMux.o)
 .debug_loc     0x0000106e      0x12c .\CortexM3\ARM_GCC_541\Debug\3dof.a(ADC_DelSig_1_Ext_CP_Clk.o)
 .debug_loc     0x0000119a      0x14d .\CortexM3\ARM_GCC_541\Debug\3dof.a(ADC_DelSig_1_theACLK.o)
 .debug_loc     0x000012e7      0xa11 .\CortexM3\ARM_GCC_541\Debug\3dof.a(CyLib.o)
 .debug_loc     0x00001cf8      0x1e4 .\CortexM3\ARM_GCC_541\Debug\3dof.a(cyPm.o)
 .debug_loc     0x00001edc       0x42 .\CortexM3\ARM_GCC_541\Debug\3dof.a(CS_J3.o)
 .debug_loc     0x00001f1e       0x42 .\CortexM3\ARM_GCC_541\Debug\3dof.a(J2_LIM.o)
 .debug_loc     0x00001f60       0x42 .\CortexM3\ARM_GCC_541\Debug\3dof.a(J3_LIM.o)
 .debug_loc     0x00001fa2       0x42 .\CortexM3\ARM_GCC_541\Debug\3dof.a(J1_EN.o)
 .debug_loc     0x00001fe4       0x42 .\CortexM3\ARM_GCC_541\Debug\3dof.a(J2_EN.o)
 .debug_loc     0x00002026       0x42 .\CortexM3\ARM_GCC_541\Debug\3dof.a(J2_DIR.o)
 .debug_loc     0x00002068       0x42 .\CortexM3\ARM_GCC_541\Debug\3dof.a(J3_EN.o)
 .debug_loc     0x000020aa       0x42 .\CortexM3\ARM_GCC_541\Debug\3dof.a(J3_DIR.o)
 .debug_loc     0x000020ec      0x258 .\CortexM3\ARM_GCC_541\Debug\3dof.a(UART_1.o)
 .debug_loc     0x00002344      0x128 .\CortexM3\ARM_GCC_541\Debug\3dof.a(UART_1_IntClock.o)
 .debug_loc     0x0000246c       0x7f .\CortexM3\ARM_GCC_541\Debug\3dof.a(NCO_ISR.o)
 .debug_loc     0x000024eb       0xa9 .\CortexM3\ARM_GCC_541\Debug\3dof.a(rx_isr.o)
 .debug_loc     0x00002594       0x56 .\CortexM3\ARM_GCC_541\Debug\3dof.a(tick_isr.o)
 .debug_loc     0x000025ea      0x3b2 .\CortexM3\ARM_GCC_541\Debug\3dof.a(CyFlash.o)
 .debug_loc     0x0000299c      0x705 .\CortexM3\ARM_GCC_541\Debug\3dof.a(CySpc.o)
 .debug_loc     0x000030a1       0x42 .\CortexM3\ARM_GCC_541\Debug\3dof.a(J1_STEP.o)
 .debug_loc     0x000030e3       0x42 .\CortexM3\ARM_GCC_541\Debug\3dof.a(J1_DIR.o)
 .debug_loc     0x00003125       0x42 .\CortexM3\ARM_GCC_541\Debug\3dof.a(J2_STEP.o)
 .debug_loc     0x00003167       0x42 .\CortexM3\ARM_GCC_541\Debug\3dof.a(J3_STEP.o)

.debug_macinfo
 *(.debug_macinfo)

.debug_ranges   0x00000000      0xc78
 *(.debug_ranges)
 .debug_ranges  0x00000000       0x30 .\CortexM3\ARM_GCC_541\Debug\main.o
 .debug_ranges  0x00000030       0x38 .\CortexM3\ARM_GCC_541\Debug\comms.o
 .debug_ranges  0x00000068       0x10 .\CortexM3\ARM_GCC_541\Debug\joints.o
 .debug_ranges  0x00000078       0x20 .\CortexM3\ARM_GCC_541\Debug\as5048.o
 .debug_ranges  0x00000098       0x58 .\CortexM3\ARM_GCC_541\Debug\cyfitter_cfg.o
 .debug_ranges  0x000000f0       0x38 .\CortexM3\ARM_GCC_541\Debug\Cm3Start.o
 .debug_ranges  0x00000128       0xd8 .\CortexM3\ARM_GCC_541\Debug\3dof.a(ADC_DelSig_1.o)
 .debug_ranges  0x00000200       0x28 .\CortexM3\ARM_GCC_541\Debug\3dof.a(ADC_DelSig_1_INT.o)
 .debug_ranges  0x00000228       0xc8 .\CortexM3\ARM_GCC_541\Debug\3dof.a(SPIM_1.o)
 .debug_ranges  0x000002f0       0x28 .\CortexM3\ARM_GCC_541\Debug\3dof.a(CS_J2.o)
 .debug_ranges  0x00000318       0x20 .\CortexM3\ARM_GCC_541\Debug\3dof.a(ADC_DelSig_1_AMux.o)
 .debug_ranges  0x00000338       0x60 .\CortexM3\ARM_GCC_541\Debug\3dof.a(ADC_DelSig_1_Ext_CP_Clk.o)
 .debug_ranges  0x00000398       0x70 .\CortexM3\ARM_GCC_541\Debug\3dof.a(ADC_DelSig_1_theACLK.o)
 .debug_ranges  0x00000408      0x290 .\CortexM3\ARM_GCC_541\Debug\3dof.a(CyLib.o)
 .debug_ranges  0x00000698       0x88 .\CortexM3\ARM_GCC_541\Debug\3dof.a(cyPm.o)
 .debug_ranges  0x00000720       0x28 .\CortexM3\ARM_GCC_541\Debug\3dof.a(CS_J3.o)
 .debug_ranges  0x00000748       0x28 .\CortexM3\ARM_GCC_541\Debug\3dof.a(J2_LIM.o)
 .debug_ranges  0x00000770       0x28 .\CortexM3\ARM_GCC_541\Debug\3dof.a(J3_LIM.o)
 .debug_ranges  0x00000798       0x28 .\CortexM3\ARM_GCC_541\Debug\3dof.a(J1_EN.o)
 .debug_ranges  0x000007c0       0x28 .\CortexM3\ARM_GCC_541\Debug\3dof.a(J2_EN.o)
 .debug_ranges  0x000007e8       0x28 .\CortexM3\ARM_GCC_541\Debug\3dof.a(J2_DIR.o)
 .debug_ranges  0x00000810       0x28 .\CortexM3\ARM_GCC_541\Debug\3dof.a(J3_EN.o)
 .debug_ranges  0x00000838       0x28 .\CortexM3\ARM_GCC_541\Debug\3dof.a(J3_DIR.o)
 .debug_ranges  0x00000860       0xe0 .\CortexM3\ARM_GCC_541\Debug\3dof.a(UART_1.o)
 .debug_ranges  0x00000940       0x60 .\CortexM3\ARM_GCC_541\Debug\3dof.a(UART_1_IntClock.o)
 .debug_ranges  0x000009a0       0x70 .\CortexM3\ARM_GCC_541\Debug\3dof.a(NCO_ISR.o)
 .debug_ranges  0x00000a10       0x70 .\CortexM3\ARM_GCC_541\Debug\3dof.a(rx_isr.o)
 .debug_ranges  0x00000a80       0x70 .\CortexM3\ARM_GCC_541\Debug\3dof.a(tick_isr.o)
 .debug_ranges  0x00000af0       0x78 .\CortexM3\ARM_GCC_541\Debug\3dof.a(CyFlash.o)
 .debug_ranges  0x00000b68       0x70 .\CortexM3\ARM_GCC_541\Debug\3dof.a(CySpc.o)
 .debug_ranges  0x00000bd8       0x28 .\CortexM3\ARM_GCC_541\Debug\3dof.a(J1_STEP.o)
 .debug_ranges  0x00000c00       0x28 .\CortexM3\ARM_GCC_541\Debug\3dof.a(J1_DIR.o)
 .debug_ranges  0x00000c28       0x28 .\CortexM3\ARM_GCC_541\Debug\3dof.a(J2_STEP.o)
 .debug_ranges  0x00000c50       0x28 .\CortexM3\ARM_GCC_541\Debug\3dof.a(J3_STEP.o)

.comment        0x00000000       0x6e
 .comment       0x00000000       0x6e .\CortexM3\ARM_GCC_541\Debug\main.o
                                 0x6f (size before relaxing)
 .comment       0x0000006e       0x6f .\CortexM3\ARM_GCC_541\Debug\comms.o
 .comment       0x0000006e       0x6f .\CortexM3\ARM_GCC_541\Debug\joints.o
 .comment       0x0000006e       0x6f .\CortexM3\ARM_GCC_541\Debug\as5048.o
 .comment       0x0000006e       0x6f .\CortexM3\ARM_GCC_541\Debug\cyfitter_cfg.o
 .comment       0x0000006e       0x6f .\CortexM3\ARM_GCC_541\Debug\cymetadata.o
 .comment       0x0000006e       0x6f .\CortexM3\ARM_GCC_541\Debug\Cm3Start.o
 .comment       0x0000006e       0x6f .\CortexM3\ARM_GCC_541\Debug\3dof.a(ADC_DelSig_1.o)
 .comment       0x0000006e       0x6f .\CortexM3\ARM_GCC_541\Debug\3dof.a(ADC_DelSig_1_INT.o)
 .comment       0x0000006e       0x6f .\CortexM3\ARM_GCC_541\Debug\3dof.a(SPIM_1.o)
 .comment       0x0000006e       0x6f .\CortexM3\ARM_GCC_541\Debug\3dof.a(CS_J2.o)
 .comment       0x0000006e       0x6f .\CortexM3\ARM_GCC_541\Debug\3dof.a(ADC_DelSig_1_AMux.o)
 .comment       0x0000006e       0x6f .\CortexM3\ARM_GCC_541\Debug\3dof.a(ADC_DelSig_1_Ext_CP_Clk.o)
 .comment       0x0000006e       0x6f .\CortexM3\ARM_GCC_541\Debug\3dof.a(ADC_DelSig_1_theACLK.o)
 .comment       0x0000006e       0x6f .\CortexM3\ARM_GCC_541\Debug\3dof.a(CyLib.o)
 .comment       0x0000006e       0x6f .\CortexM3\ARM_GCC_541\Debug\3dof.a(cyPm.o)
 .comment       0x0000006e       0x6f .\CortexM3\ARM_GCC_541\Debug\3dof.a(CS_J3.o)
 .comment       0x0000006e       0x6f .\CortexM3\ARM_GCC_541\Debug\3dof.a(J2_LIM.o)
 .comment       0x0000006e       0x6f .\CortexM3\ARM_GCC_541\Debug\3dof.a(J3_LIM.o)
 .comment       0x0000006e       0x6f .\CortexM3\ARM_GCC_541\Debug\3dof.a(J1_EN.o)
 .comment       0x0000006e       0x6f .\CortexM3\ARM_GCC_541\Debug\3dof.a(J2_EN.o)
 .comment       0x0000006e       0x6f .\CortexM3\ARM_GCC_541\Debug\3dof.a(J2_DIR.o)
 .comment       0x0000006e       0x6f .\CortexM3\ARM_GCC_541\Debug\3dof.a(J3_EN.o)
 .comment       0x0000006e       0x6f .\CortexM3\ARM_GCC_541\Debug\3dof.a(J3_DIR.o)
 .comment       0x0000006e       0x6f .\CortexM3\ARM_GCC_541\Debug\3dof.a(UART_1.o)
 .comment       0x0000006e       0x6f .\CortexM3\ARM_GCC_541\Debug\3dof.a(UART_1_IntClock.o)
 .comment       0x0000006e       0x6f .\CortexM3\ARM_GCC_541\Debug\3dof.a(NCO_ISR.o)
 .comment       0x0000006e       0x6f .\CortexM3\ARM_GCC_541\Debug\3dof.a(rx_isr.o)
 .comment       0x0000006e       0x6f .\CortexM3\ARM_GCC_541\Debug\3dof.a(tick_isr.o)
 .comment       0x0000006e       0x6f .\CortexM3\ARM_GCC_541\Debug\3dof.a(CyFlash.o)
 .comment       0x0000006e       0x6f .\CortexM3\ARM_GCC_541\Debug\3dof.a(CySpc.o)
 .comment       0x0000006e       0x6f .\CortexM3\ARM_GCC_541\Debug\3dof.a(J1_STEP.o)
 .comment       0x0000006e       0x6f .\CortexM3\ARM_GCC_541\Debug\3dof.a(J1_DIR.o)
 .comment       0x0000006e       0x6f .\CortexM3\ARM_GCC_541\Debug\3dof.a(J2_STEP.o)
 .comment       0x0000006e       0x6f .\CortexM3\ARM_GCC_541\Debug\3dof.a(J3_STEP.o)

.debug_weaknames
 *(.debug_weaknames)

.debug_funcnames
 *(.debug_funcnames)

.debug_typenames
 *(.debug_typenames)

.debug_varnames
 *(.debug_varnames)

.note.gnu.arm.ident
 *(.note.gnu.arm.ident)

.ARM.attributes
                0x00000000       0x29
 *(.ARM.attributes)
 .ARM.attributes
                0x00000000       0x1d c:/program files (x86)/cypress/psoc creator/4.2/psoc creator/import/gnu/arm/5.4.1/bin/../lib/gcc/arm-none-eabi/5.4.1/armv7-m/crti.o
 .ARM.attributes
                0x0000001d       0x2d c:/program files (x86)/cypress/psoc creator/4.2/psoc creator/import/gnu/arm/5.4.1/bin/../lib/gcc/arm-none-eabi/5.4.1/armv7-m/crtbegin.o
 .ARM.attributes
                0x0000004a       0x1b c:/program files (x86)/cypress/psoc creator/4.2/psoc creator/import/gnu/arm/5.4.1/bin/../lib/gcc/arm-none-eabi/5.4.1/../../../../arm-none-eabi/lib/armv7-m/crt0.o
 .ARM.attributes
                0x00000065       0x33 .\CortexM3\ARM_GCC_541\Debug\main.o
 .ARM.attributes
                0x00000098       0x33 .\CortexM3\ARM_GCC_541\Debug\comms.o
 .ARM.attributes
                0x000000cb       0x33 .\CortexM3\ARM_GCC_541\Debug\joints.o
 .ARM.attributes
                0x000000fe       0x33 .\CortexM3\ARM_GCC_541\Debug\as5048.o
 .ARM.attributes
                0x00000131       0x33 .\CortexM3\ARM_GCC_541\Debug\cyfitter_cfg.o
 .ARM.attributes
                0x00000164       0x33 .\CortexM3\ARM_GCC_541\Debug\cymetadata.o
 .ARM.attributes
                0x00000197       0x33 .\CortexM3\ARM_GCC_541\Debug\Cm3Start.o
 .ARM.attributes
                0x000001ca       0x33 .\CortexM3\ARM_GCC_541\Debug\3dof.a(ADC_DelSig_1.o)
 .ARM.attributes
                0x000001fd       0x33 .\CortexM3\ARM_GCC_541\Debug\3dof.a(ADC_DelSig_1_INT.o)
 .ARM.attributes
                0x00000230       0x33 .\CortexM3\ARM_GCC_541\Debug\3dof.a(SPIM_1.o)
 .ARM.attributes
                0x00000263       0x33 .\CortexM3\ARM_GCC_541\Debug\3dof.a(CS_J2.o)
 .ARM.attributes
                0x00000296       0x33 .\CortexM3\ARM_GCC_541\Debug\3dof.a(ADC_DelSig_1_AMux.o)
 .ARM.attributes
                0x000002c9       0x33 .\CortexM3\ARM_GCC_541\Debug\3dof.a(ADC_DelSig_1_Ext_CP_Clk.o)
 .ARM.attributes
                0x000002fc       0x33 .\CortexM3\ARM_GCC_541\Debug\3dof.a(ADC_DelSig_1_theACLK.o)
 .ARM.attributes
                0x0000032f       0x33 .\CortexM3\ARM_GCC_541\Debug\3dof.a(CyLib.o)
 .ARM.attributes
                0x00000362       0x33 .\CortexM3\ARM_GCC_541\Debug\3dof.a(cyPm.o)
 .ARM.attributes
                0x00000395       0x33 .\CortexM3\ARM_GCC_541\Debug\3dof.a(CS_J3.o)
 .ARM.attributes
                0x000003c8       0x33 .\CortexM3\ARM_GCC_541\Debug\3dof.a(J2_LIM.o)
 .ARM.attributes
                0x000003fb       0x33 .\CortexM3\ARM_GCC_541\Debug\3dof.a(J3_LIM.o)
 .ARM.attributes
                0x0000042e       0x33 .\CortexM3\ARM_GCC_541\Debug\3dof.a(J1_EN.o)
 .ARM.attributes
                0x00000461       0x33 .\CortexM3\ARM_GCC_541\Debug\3dof.a(J2_EN.o)
 .ARM.attributes
                0x00000494       0x33 .\CortexM3\ARM_GCC_541\Debug\3dof.a(J2_DIR.o)
 .ARM.attributes
                0x000004c7       0x33 .\CortexM3\ARM_GCC_541\Debug\3dof.a(J3_EN.o)
 .ARM.attributes
                0x000004fa       0x33 .\CortexM3\ARM_GCC_541\Debug\3dof.a(J3_DIR.o)
 .ARM.attributes
                0x0000052d       0x33 .\CortexM3\ARM_GCC_541\Debug\3dof.a(UART_1.o)
 .ARM.attributes
                0x00000560       0x33 .\CortexM3\ARM_GCC_541\Debug\3dof.a(UART_1_IntClock.o)
 .ARM.attributes
                0x00000593       0x33 .\CortexM3\ARM_GCC_541\Debug\3dof.a(NCO_ISR.o)
 .ARM.attributes
                0x000005c6       0x33 .\CortexM3\ARM_GCC_541\Debug\3dof.a(rx_isr.o)
 .ARM.attributes
                0x000005f9       0x33 .\CortexM3\ARM_GCC_541\Debug\3dof.a(tick_isr.o)
 .ARM.attributes
                0x0000062c       0x21 .\CortexM3\ARM_GCC_541\Debug\3dof.a(CyBootAsmGnu.o)
 .ARM.attributes
                0x0000064d       0x33 .\CortexM3\ARM_GCC_541\Debug\3dof.a(CyFlash.o)
 .ARM.attributes
                0x00000680       0x33 .\CortexM3\ARM_GCC_541\Debug\3dof.a(CySpc.o)
 .ARM.attributes
                0x000006b3       0x33 .\CortexM3\ARM_GCC_541\Debug\3dof.a(J1_STEP.o)
 .ARM.attributes
                0x000006e6       0x33 .\CortexM3\ARM_GCC_541\Debug\3dof.a(J1_DIR.o)
 .ARM.attributes
                0x00000719       0x33 .\CortexM3\ARM_GCC_541\Debug\3dof.a(J2_STEP.o)
 .ARM.attributes
                0x0000074c       0x33 .\CortexM3\ARM_GCC_541\Debug\3dof.a(J3_STEP.o)
 .ARM.attributes
                0x0000077f       0x1d c:/program files (x86)/cypress/psoc creator/4.2/psoc creator/import/gnu/arm/5.4.1/bin/../lib/gcc/arm-none-eabi/5.4.1/armv7-m\libgcc.a(_arm_addsubdf3.o)
 .ARM.attributes
                0x0000079c       0x1d c:/program files (x86)/cypress/psoc creator/4.2/psoc creator/import/gnu/arm/5.4.1/bin/../lib/gcc/arm-none-eabi/5.4.1/armv7-m\libgcc.a(_arm_cmpdf2.o)
 .ARM.attributes
                0x000007b9       0x1d c:/program files (x86)/cypress/psoc creator/4.2/psoc creator/import/gnu/arm/5.4.1/bin/../lib/gcc/arm-none-eabi/5.4.1/armv7-m\libgcc.a(_arm_addsubsf3.o)
 .ARM.attributes
                0x000007d6       0x1d c:/program files (x86)/cypress/psoc creator/4.2/psoc creator/import/gnu/arm/5.4.1/bin/../lib/gcc/arm-none-eabi/5.4.1/armv7-m\libgcc.a(_arm_muldivsf3.o)
 .ARM.attributes
                0x000007f3       0x1d c:/program files (x86)/cypress/psoc creator/4.2/psoc creator/import/gnu/arm/5.4.1/bin/../lib/gcc/arm-none-eabi/5.4.1/armv7-m\libgcc.a(_arm_fixunssfsi.o)
 .ARM.attributes
                0x00000810       0x1d c:/program files (x86)/cypress/psoc creator/4.2/psoc creator/import/gnu/arm/5.4.1/bin/../lib/gcc/arm-none-eabi/5.4.1/armv7-m\libgcc.a(_aeabi_uldivmod.o)
 .ARM.attributes
                0x0000082d       0x2d c:/program files (x86)/cypress/psoc creator/4.2/psoc creator/import/gnu/arm/5.4.1/bin/../lib/gcc/arm-none-eabi/5.4.1/armv7-m\libgcc.a(_udivmoddi4.o)
 .ARM.attributes
                0x0000085a       0x1d c:/program files (x86)/cypress/psoc creator/4.2/psoc creator/import/gnu/arm/5.4.1/bin/../lib/gcc/arm-none-eabi/5.4.1/armv7-m\libgcc.a(_dvmd_tls.o)
 .ARM.attributes
                0x00000877       0x2d c:/program files (x86)/cypress/psoc creator/4.2/psoc creator/import/gnu/arm/5.4.1/bin/../lib/gcc/arm-none-eabi/5.4.1/../../../../arm-none-eabi/lib/armv7-m\libg_nano.a(lib_a-errno.o)
 .ARM.attributes
                0x000008a4       0x2d c:/program files (x86)/cypress/psoc creator/4.2/psoc creator/import/gnu/arm/5.4.1/bin/../lib/gcc/arm-none-eabi/5.4.1/../../../../arm-none-eabi/lib/armv7-m\libg_nano.a(lib_a-exit.o)
 .ARM.attributes
                0x000008d1       0x2d c:/program files (x86)/cypress/psoc creator/4.2/psoc creator/import/gnu/arm/5.4.1/bin/../lib/gcc/arm-none-eabi/5.4.1/../../../../arm-none-eabi/lib/armv7-m\libg_nano.a(lib_a-impure.o)
 .ARM.attributes
                0x000008fe       0x2d c:/program files (x86)/cypress/psoc creator/4.2/psoc creator/import/gnu/arm/5.4.1/bin/../lib/gcc/arm-none-eabi/5.4.1/../../../../arm-none-eabi/lib/armv7-m\libg_nano.a(lib_a-init.o)
 .ARM.attributes
                0x0000092b       0x2d c:/program files (x86)/cypress/psoc creator/4.2/psoc creator/import/gnu/arm/5.4.1/bin/../lib/gcc/arm-none-eabi/5.4.1/../../../../arm-none-eabi/lib/armv7-m\libg_nano.a(lib_a-memcpy-stub.o)
 .ARM.attributes
                0x00000958       0x2d c:/program files (x86)/cypress/psoc creator/4.2/psoc creator/import/gnu/arm/5.4.1/bin/../lib/gcc/arm-none-eabi/5.4.1/../../../../arm-none-eabi/lib/armv7-m\libg_nano.a(lib_a-memset.o)
 .ARM.attributes
                0x00000985       0x2d c:/program files (x86)/cypress/psoc creator/4.2/psoc creator/import/gnu/arm/5.4.1/bin/../lib/gcc/arm-none-eabi/5.4.1/../../../../arm-none-eabi/lib/armv7-m\libg_nano.a(lib_a-sprintf.o)
 .ARM.attributes
                0x000009b2       0x2d c:/program files (x86)/cypress/psoc creator/4.2/psoc creator/import/gnu/arm/5.4.1/bin/../lib/gcc/arm-none-eabi/5.4.1/../../../../arm-none-eabi/lib/armv7-m\libg_nano.a(lib_a-nano-svfprintf.o)
 .ARM.attributes
                0x000009df       0x2d c:/program files (x86)/cypress/psoc creator/4.2/psoc creator/import/gnu/arm/5.4.1/bin/../lib/gcc/arm-none-eabi/5.4.1/../../../../arm-none-eabi/lib/armv7-m\libg_nano.a(lib_a-nano-vfprintf_i.o)
 .ARM.attributes
                0x00000a0c       0x2d c:/program files (x86)/cypress/psoc creator/4.2/psoc creator/import/gnu/arm/5.4.1/bin/../lib/gcc/arm-none-eabi/5.4.1/../../../../arm-none-eabi/lib/armv7-m\libg_nano.a(lib_a-memchr-stub.o)
 .ARM.attributes
                0x00000a39       0x2d c:/program files (x86)/cypress/psoc creator/4.2/psoc creator/import/gnu/arm/5.4.1/bin/../lib/gcc/arm-none-eabi/5.4.1/../../../../arm-none-eabi/lib/armv7-m\libg_nano.a(lib_a-memmove.o)
 .ARM.attributes
                0x00000a66       0x2d c:/program files (x86)/cypress/psoc creator/4.2/psoc creator/import/gnu/arm/5.4.1/bin/../lib/gcc/arm-none-eabi/5.4.1/../../../../arm-none-eabi/lib/armv7-m\libg_nano.a(lib_a-nano-freer.o)
 .ARM.attributes
                0x00000a93       0x2d c:/program files (x86)/cypress/psoc creator/4.2/psoc creator/import/gnu/arm/5.4.1/bin/../lib/gcc/arm-none-eabi/5.4.1/../../../../arm-none-eabi/lib/armv7-m\libg_nano.a(lib_a-nano-mallocr.o)
 .ARM.attributes
                0x00000ac0       0x2d c:/program files (x86)/cypress/psoc creator/4.2/psoc creator/import/gnu/arm/5.4.1/bin/../lib/gcc/arm-none-eabi/5.4.1/../../../../arm-none-eabi/lib/armv7-m\libg_nano.a(lib_a-nano-reallocr.o)
 .ARM.attributes
                0x00000aed       0x2d c:/program files (x86)/cypress/psoc creator/4.2/psoc creator/import/gnu/arm/5.4.1/bin/../lib/gcc/arm-none-eabi/5.4.1/../../../../arm-none-eabi/lib/armv7-m\libg_nano.a(lib_a-sbrkr.o)
 .ARM.attributes
                0x00000b1a       0x2d c:/program files (x86)/cypress/psoc creator/4.2/psoc creator/import/gnu/arm/5.4.1/bin/../lib/gcc/arm-none-eabi/5.4.1/../../../../arm-none-eabi/lib/armv7-m\libg_nano.a(lib_a-mlock.o)
 .ARM.attributes
                0x00000b47       0x2d c:/program files (x86)/cypress/psoc creator/4.2/psoc creator/import/gnu/arm/5.4.1/bin/../lib/gcc/arm-none-eabi/5.4.1/../../../../arm-none-eabi/lib/armv7-m\libg_nano.a(lib_a-nano-msizer.o)
 .ARM.attributes
                0x00000b74       0x2d c:/program files (x86)/cypress/psoc creator/4.2/psoc creator/import/gnu/arm/5.4.1/bin/../lib/gcc/arm-none-eabi/5.4.1/../../../../arm-none-eabi/lib/armv7-m\libg_nano.a(lib_a-reent.o)
 .ARM.attributes
                0x00000ba1       0x2d c:/program files (x86)/cypress/psoc creator/4.2/psoc creator/import/gnu/arm/5.4.1/bin/../lib/gcc/arm-none-eabi/5.4.1/armv7-m/crtend.o
 .ARM.attributes
                0x00000bce       0x1d c:/program files (x86)/cypress/psoc creator/4.2/psoc creator/import/gnu/arm/5.4.1/bin/../lib/gcc/arm-none-eabi/5.4.1/armv7-m/crtn.o

/DISCARD/
 *(.note.GNU-stack)
OUTPUT(C:\Users\pajoh\projects\Turret\PSoC\turret_psoc\3dof.cydsn\CortexM3\ARM_GCC_541\Debug\3dof.elf elf32-littlearm)
