Archive member included to satisfy reference by file (symbol)

.\CortexM3\ARM_GCC_541\Debug\3dof.a(ADC_DelSig_1.o)
                              .\CortexM3\ARM_GCC_541\Debug\main.o (ADC_DelSig_1_Start)
.\CortexM3\ARM_GCC_541\Debug\3dof.a(ADC_DelSig_1_INT.o)
                              .\CortexM3\ARM_GCC_541\Debug\3dof.a(ADC_DelSig_1.o) (ADC_DelSig_1_ISR1)
.\CortexM3\ARM_GCC_541\Debug\3dof.a(SPIM_1.o)
                              .\CortexM3\ARM_GCC_541\Debug\as5048.o (SPIM_1_ReadTxStatus)
.\CortexM3\ARM_GCC_541\Debug\3dof.a(CS_J2.o)
                              .\CortexM3\ARM_GCC_541\Debug\main.o (CS_J2_Write)
.\CortexM3\ARM_GCC_541\Debug\3dof.a(ADC_DelSig_1_AMux.o)
                              .\CortexM3\ARM_GCC_541\Debug\3dof.a(ADC_DelSig_1.o) (ADC_DelSig_1_AMux_Select)
.\CortexM3\ARM_GCC_541\Debug\3dof.a(ADC_DelSig_1_Ext_CP_Clk.o)
                              .\CortexM3\ARM_GCC_541\Debug\3dof.a(ADC_DelSig_1.o) (ADC_DelSig_1_Ext_CP_Clk_SetModeRegister)
.\CortexM3\ARM_GCC_541\Debug\3dof.a(ADC_DelSig_1_theACLK.o)
                              .\CortexM3\ARM_GCC_541\Debug\3dof.a(ADC_DelSig_1.o) (ADC_DelSig_1_theACLK_SetModeRegister)
.\CortexM3\ARM_GCC_541\Debug\3dof.a(CyLib.o)
                              .\CortexM3\ARM_GCC_541\Debug\Cm3Start.o (CyHalt)
.\CortexM3\ARM_GCC_541\Debug\3dof.a(cyPm.o)
                              .\CortexM3\ARM_GCC_541\Debug\3dof.a(CyLib.o) (CyPmReadStatus)
.\CortexM3\ARM_GCC_541\Debug\3dof.a(CS_J3.o)
                              .\CortexM3\ARM_GCC_541\Debug\main.o (CS_J3_Write)
.\CortexM3\ARM_GCC_541\Debug\3dof.a(J1_EN.o)
                              .\CortexM3\ARM_GCC_541\Debug\main.o (J1_EN_Write)
.\CortexM3\ARM_GCC_541\Debug\3dof.a(J2_EN.o)
                              .\CortexM3\ARM_GCC_541\Debug\main.o (J2_EN_Write)
.\CortexM3\ARM_GCC_541\Debug\3dof.a(J2_DIR.o)
                              .\CortexM3\ARM_GCC_541\Debug\main.o (J2_DIR_Write)
.\CortexM3\ARM_GCC_541\Debug\3dof.a(J3_EN.o)
                              .\CortexM3\ARM_GCC_541\Debug\main.o (J3_EN_Write)
.\CortexM3\ARM_GCC_541\Debug\3dof.a(J3_DIR.o)
                              .\CortexM3\ARM_GCC_541\Debug\main.o (J3_DIR_Write)
.\CortexM3\ARM_GCC_541\Debug\3dof.a(UART_1.o)
                              .\CortexM3\ARM_GCC_541\Debug\main.o (UART_1_Start)
.\CortexM3\ARM_GCC_541\Debug\3dof.a(UART_1_IntClock.o)
                              .\CortexM3\ARM_GCC_541\Debug\3dof.a(UART_1.o) (UART_1_IntClock_Start)
.\CortexM3\ARM_GCC_541\Debug\3dof.a(NCO_ISR.o)
                              .\CortexM3\ARM_GCC_541\Debug\main.o (NCO_ISR_Start)
.\CortexM3\ARM_GCC_541\Debug\3dof.a(rx_isr.o)
                              .\CortexM3\ARM_GCC_541\Debug\main.o (rx_isr_Start)
.\CortexM3\ARM_GCC_541\Debug\3dof.a(tick_isr.o)
                              .\CortexM3\ARM_GCC_541\Debug\main.o (tick_isr_Start)
.\CortexM3\ARM_GCC_541\Debug\3dof.a(CyBootAsmGnu.o)
                              .\CortexM3\ARM_GCC_541\Debug\cyfitter_cfg.o (CyDelayCycles)
.\CortexM3\ARM_GCC_541\Debug\3dof.a(CyFlash.o)
                              .\CortexM3\ARM_GCC_541\Debug\3dof.a(cyPm.o) (CyFlash_SetWaitCycles)
.\CortexM3\ARM_GCC_541\Debug\3dof.a(CySpc.o)
                              .\CortexM3\ARM_GCC_541\Debug\3dof.a(CyFlash.o) (CySpcStart)
.\CortexM3\ARM_GCC_541\Debug\3dof.a(J2_LIM.o)
                              .\CortexM3\ARM_GCC_541\Debug\3dof.a(tick_isr.o) (J2_LIM_Read)
.\CortexM3\ARM_GCC_541\Debug\3dof.a(J3_LIM.o)
                              .\CortexM3\ARM_GCC_541\Debug\3dof.a(tick_isr.o) (J3_LIM_Read)
.\CortexM3\ARM_GCC_541\Debug\3dof.a(J1_STEP.o)
                              .\CortexM3\ARM_GCC_541\Debug\3dof.a(NCO_ISR.o) (J1_STEP_Write)
.\CortexM3\ARM_GCC_541\Debug\3dof.a(J1_DIR.o)
                              .\CortexM3\ARM_GCC_541\Debug\3dof.a(NCO_ISR.o) (J1_DIR_Write)
.\CortexM3\ARM_GCC_541\Debug\3dof.a(J2_STEP.o)
                              .\CortexM3\ARM_GCC_541\Debug\3dof.a(NCO_ISR.o) (J2_STEP_Write)
.\CortexM3\ARM_GCC_541\Debug\3dof.a(J3_STEP.o)
                              .\CortexM3\ARM_GCC_541\Debug\3dof.a(NCO_ISR.o) (J3_STEP_Write)
c:/program files (x86)/cypress/psoc creator/4.2/psoc creator/import/gnu/arm/5.4.1/bin/../lib/gcc/arm-none-eabi/5.4.1/armv7-m\libgcc.a(_arm_addsubdf3.o)
                              .\CortexM3\ARM_GCC_541\Debug\3dof.a(ADC_DelSig_1.o) (__aeabi_f2d)
c:/program files (x86)/cypress/psoc creator/4.2/psoc creator/import/gnu/arm/5.4.1/bin/../lib/gcc/arm-none-eabi/5.4.1/armv7-m\libgcc.a(_arm_cmpdf2.o)
                              .\CortexM3\ARM_GCC_541\Debug\3dof.a(ADC_DelSig_1.o) (__aeabi_dcmpgt)
c:/program files (x86)/cypress/psoc creator/4.2/psoc creator/import/gnu/arm/5.4.1/bin/../lib/gcc/arm-none-eabi/5.4.1/armv7-m\libgcc.a(_arm_addsubsf3.o)
                              .\CortexM3\ARM_GCC_541\Debug\3dof.a(ADC_DelSig_1.o) (__aeabi_ui2f)
c:/program files (x86)/cypress/psoc creator/4.2/psoc creator/import/gnu/arm/5.4.1/bin/../lib/gcc/arm-none-eabi/5.4.1/armv7-m\libgcc.a(_arm_muldivsf3.o)
[...]
Memory Configuration

Name             Origin             Length             Attributes
rom              0x00000000         0x00040000         xr
ram              0x1fff8000         0x00010000         xrw
*default*        0x00000000         0xffffffff

Linker script and memory map

LOAD c:/program files (x86)/cypress/psoc creator/4.2/psoc creator/import/gnu/arm/5.4.1/bin/../lib/gcc/arm-none-eabi/5.4.1/armv7-m/crti.o
LOAD c:/program files (x86)/cypress/psoc creator/4.2/psoc creator/import/gnu/arm/5.4.1/bin/../lib/gcc/arm-none-eabi/5.4.1/armv7-m/crtbegin.o
LOAD c:/program files (x86)/cypress/psoc creator/4.2/psoc creator/import/gnu/arm/5.4.1/bin/../lib/gcc/arm-none-eabi/5.4.1/../../../../arm-none-eabi/lib/armv7-m/crt0.o
START GROUP
LOAD .\CortexM3\ARM_GCC_541\Debug\main.o
LOAD .\CortexM3\ARM_GCC_541\Debug\comms.o
LOAD .\CortexM3\ARM_GCC_541\Debug\joints.o
LOAD .\CortexM3\ARM_GCC_541\Debug\as5048.o
LOAD .\CortexM3\ARM_GCC_541\Debug\cyfitter_cfg.o
LOAD .\CortexM3\ARM_GCC_541\Debug\cymetadata.o
LOAD .\CortexM3\ARM_GCC_541\Debug\Cm3Start.o
LOAD .\CortexM3\ARM_GCC_541\Debug\3dof.a
LOAD C:\Program Files (x86)\Cypress\PSoC Creator\4.2\PSoC Creator\psoc\content\cycomponentlibrary\CyComponentLibrary.cylib\CortexM3\ARM_GCC_541\Debug\CyComponentLibrary.a
END GROUP
START GROUP
LOAD c:/program files (x86)/cypress/psoc creator/4.2/psoc creator/import/gnu/arm/5.4.1/bin/../lib/gcc/arm-none-eabi/5.4.1/armv7-m\libgcc.a
LOAD c:/program files (x86)/cypress/psoc creator/4.2/psoc creator/import/gnu/arm/5.4.1/bin/../lib/gcc/arm-none-eabi/5.4.1/../../../../arm-none-eabi/lib/armv7-m\libg_nano.a
LOAD c:/program files (x86)/cypress/psoc creator/4.2/psoc creator/import/gnu/arm/5.4.1/bin/../lib/gcc/arm-none-eabi/5.4.1/../../../../arm-none-eabi/lib/armv7-m\libc_nano.a
END GROUP
START GROUP
LOAD c:/program files (x86)/cypress/psoc creator/4.2/psoc creator/import/gnu/arm/5.4.1/bin/../lib/gcc/arm-none-eabi/5.4.1/armv7-m\libgcc.a
LOAD c:/program files (x86)/cypress/psoc creator/4.2/psoc creator/import/gnu/arm/5.4.1/bin/../lib/gcc/arm-none-eabi/5.4.1/../../../../arm-none-eabi/lib/armv7-m\libc_nano.a
END GROUP
LOAD c:/program files (x86)/cypress/psoc creator/4.2/psoc creator/import/gnu/arm/5.4.1/bin/../lib/gcc/arm-none-eabi/5.4.1/armv7-m/crtend.o
LOAD c:/program files (x86)/cypress/psoc creator/4.2/psoc creator/import/gnu/arm/5.4.1/bin/../lib/gcc/arm-none-eabi/5.4.1/armv7-m/crtn.o
START GROUP
LOAD c:/program files (x86)/cypress/psoc creator/4.2/psoc creator/import/gnu/arm/5.4.1/bin/../lib/gcc/arm-none-eabi/5.4.1/armv7-m\libgcc.a
LOAD c:/program files (x86)/cypress/psoc creator/4.2/psoc creator/import/gnu/arm/5.4.1/bin/../lib/gcc/arm-none-eabi/5.4.1/../../../../arm-none-eabi/lib/armv7-m\libc.a
LOAD c:/program files (x86)/cypress/psoc creator/4.2/psoc creator/import/gnu/arm/5.4.1/bin/../lib/gcc/arm-none-eabi/5.4.1/../../../../arm-none-eabi/lib/armv7-m\libnosys.a
END GROUP
                0x00000000                CY_APPL_ORIGIN = 0x0
                0x00000100                CY_FLASH_ROW_SIZE = 0x100
                0x00000020                CY_ECC_ROW_SIZE = 0x20
                0x00000000                CY_EE_IN_BTLDR = 0x0
                0x00000000                CY_APPL_LOADABLE = 0x0
                0x00000800                CY_EE_SIZE = 0x800
                0x00000001                CY_APPL_NUM = 0x1
                0x00000001                CY_APPL_MAX = 0x1
                0x00000040                CY_METADATA_SIZE = 0x40
                0x00000000                CY_APPL_LOADABLE = 0x0
                0x00000000                CY_CHECKSUM_EXCLUDE_SIZE = ALIGN (0x0, CY_FLASH_ROW_SIZE)
                [!provide]                PROVIDE (__cy_heap_start, _end)
                0x00000001                PROVIDE (__cy_region_num, ((__cy_regions_end - __cy_regions) / 0x10))
                0x20008000                PROVIDE (__cy_stack, (ORIGIN (ram) + LENGTH (ram)))
                [!provide]                PROVIDE (__cy_heap_end, (__cy_stack - 0x800))

.cybootloader   0x00000000        0x0
 *(.cybootloader)
                0x00000000                appl1_start = CY_APPL_ORIGIN?CY_APPL_ORIGIN:ALIGN (CY_FLASH_ROW_SIZE)
                0x0001ff00                appl2_start = (appl1_start + ALIGN ((((LENGTH (rom) - appl1_start) - (0x2 * CY_FLASH_ROW_SIZE)) / 0x2), CY_FLASH_ROW_SIZE))
                0x00000000                appl_start = (CY_APPL_NUM == 0x1)?appl1_start:appl2_start
                0x00000000                ecc_offset = ((appl_start / CY_FLASH_ROW_SIZE) * CY_ECC_ROW_SIZE)
                0x00000000                ee_offset = (CY_APPL_LOADABLE && ! (CY_EE_IN_BTLDR))?((CY_EE_SIZE / CY_APPL_MAX) * (CY_APPL_NUM - 0x1)):0x0
                0x00000800                ee_size = (CY_APPL_LOADABLE && ! (CY_EE_IN_BTLDR))?(CY_EE_SIZE / CY_APPL_MAX):CY_EE_SIZE
                [!provide]                PROVIDE (CY_ECC_OFFSET, ecc_offset)

.text           0x00000000     0x2016
 CREATE_OBJECT_SYMBOLS
                0x00000000                PROVIDE (__cy_interrupt_vector, RomVectors)
 *(.romvectors)
 .romvectors    0x00000000       0x10 .\CortexM3\ARM_GCC_541\Debug\Cm3Start.o
                0x00000000                RomVectors
                0x00000001                ASSERT ((. != __cy_interrupt_vector), No interrupt vector)
                0x00000001                ASSERT (CY_APPL_ORIGIN?(SIZEOF (.cybootloader) <= CY_APPL_ORIGIN):0x1, Wrong image location)
                0x00000010                PROVIDE (__cy_reset, Reset)
 *(.text.Reset)
 .text.Reset    0x00000010       0x18 .\CortexM3\ARM_GCC_541\Debug\Cm3Start.o
                0x00000010                Reset
                0x00000001                ASSERT ((. != __cy_reset), No reset code)
 *(.dma_init)
                0x00000001                ASSERT ((((appl_start + .) <= 0x10000) || 0x1), DMA Init must be within the first 64k of flash)
 *(.text .text.* .gnu.linkonce.t.*)
 .text          0x00000028       0x5c c:/program files (x86)/cypress/psoc creator/4.2/psoc creator/import/gnu/arm/5.4.1/bin/../lib/gcc/arm-none-eabi/5.4.1/armv7-m/crtbegin.o
 .text.main     0x00000084       0x9c .\CortexM3\ARM_GCC_541\Debug\main.o
                0x00000084                main
 .text.message_buff_init
                0x00000120       0x40 .\CortexM3\ARM_GCC_541\Debug\comms.o
                0x00000120                message_buff_init
 .text.message_buff_add
                0x00000160       0x9c .\CortexM3\ARM_GCC_541\Debug\comms.o
                0x00000160                message_buff_add
 .text.move_queue_init
                0x000001fc       0x30 .\CortexM3\ARM_GCC_541\Debug\comms.o
                0x000001fc                move_queue_init
 .text.move_queue_add
                0x0000022c       0x8c .\CortexM3\ARM_GCC_541\Debug\comms.o
                0x0000022c                move_queue_add
 .text.message_buff_execute
                0x000002b8      0x168 .\CortexM3\ARM_GCC_541\Debug\comms.o
                0x000002b8                message_buff_execute
 .text.move_queue_get
                0x00000420       0x54 .\CortexM3\ARM_GCC_541\Debug\comms.o
                0x00000420                move_queue_get
 .text.joint_init
                0x00000474       0x54 .\CortexM3\ARM_GCC_541\Debug\joints.o
                0x00000474                joint_init
 .text.vel_to_tuningWord
                0x000004c8       0x14 .\CortexM3\ARM_GCC_541\Debug\joints.o
                0x000004c8                vel_to_tuningWord
 .text.joint_home
                0x000004dc      0x128 .\CortexM3\ARM_GCC_541\Debug\joints.o
                0x000004dc                joint_home
 .text.spiCalcEvenParity
                0x00000604       0x20 .\CortexM3\ARM_GCC_541\Debug\as5048.o
                0x00000604                spiCalcEvenParity
 .text.send_cmd
                0x00000624       0xb0 .\CortexM3\ARM_GCC_541\Debug\as5048.o
                0x00000624                send_cmd
 .text.CyClockStartupError
                0x000006d4        0x4 .\CortexM3\ARM_GCC_541\Debug\cyfitter_cfg.o
 .text.cfg_write_bytes32
                0x000006d8       0x34 .\CortexM3\ARM_GCC_541\Debug\cyfitter_cfg.o
 .text.AnalogSetDefault
                0x0000070c       0x38 .\CortexM3\ARM_GCC_541\Debug\cyfitter_cfg.o
 .text.CYMEMZERO
                0x00000744        0xc .\CortexM3\ARM_GCC_541\Debug\cyfitter_cfg.o
 .text.CYCONFIGCPY
                0x00000750        0x8 .\CortexM3\ARM_GCC_541\Debug\cyfitter_cfg.o
 .text.ClockSetup
                0x00000758      0x110 .\CortexM3\ARM_GCC_541\Debug\cyfitter_cfg.o
 .text.ADC_DelSig_1_AMux_Set
                0x00000868       0x1c .\CortexM3\ARM_GCC_541\Debug\cyfitter_cfg.o
                0x00000868                ADC_DelSig_1_AMux_Set
 .text.ADC_DelSig_1_AMux_Unset
                0x00000884       0x1c .\CortexM3\ARM_GCC_541\Debug\cyfitter_cfg.o
                0x00000884                ADC_DelSig_1_AMux_Unset
 .text.cyfitter_cfg
                0x000008a0      0x11c .\CortexM3\ARM_GCC_541\Debug\cyfitter_cfg.o
                0x000008a0                cyfitter_cfg
 .text.IntDefaultHandler
                0x000009bc       0x10 .\CortexM3\ARM_GCC_541\Debug\Cm3Start.o
                0x000009bc                IntDefaultHandler
 .text.Start_c  0x000009cc       0x4c .\CortexM3\ARM_GCC_541\Debug\Cm3Start.o
                0x000009cc                Start_c
 .text.initialize_psoc
                0x00000a18       0x68 .\CortexM3\ARM_GCC_541\Debug\Cm3Start.o
                0x00000a18                initialize_psoc
 .text.ADC_DelSig_1_GainCompensation
                0x00000a80       0xe0 .\CortexM3\ARM_GCC_541\Debug\3dof.a(ADC_DelSig_1.o)
 .text.ADC_DelSig_1_SetDSMRef0Reg
                0x00000b60       0x4c .\CortexM3\ARM_GCC_541\Debug\3dof.a(ADC_DelSig_1.o)
 .text.ADC_DelSig_1_InitConfig
                0x00000bac      0x340 .\CortexM3\ARM_GCC_541\Debug\3dof.a(ADC_DelSig_1.o)
 .text.ADC_DelSig_1_Init
                0x00000eec      0x108 .\CortexM3\ARM_GCC_541\Debug\3dof.a(ADC_DelSig_1.o)
                0x00000eec                ADC_DelSig_1_Init
 .text.ADC_DelSig_1_Enable
                0x00000ff4       0xd8 .\CortexM3\ARM_GCC_541\Debug\3dof.a(ADC_DelSig_1.o)
                0x00000ff4                ADC_DelSig_1_Enable
 .text.ADC_DelSig_1_Start
                0x000010cc       0x28 .\CortexM3\ARM_GCC_541\Debug\3dof.a(ADC_DelSig_1.o)
                0x000010cc                ADC_DelSig_1_Start
 .text.ADC_DelSig_1_StartConvert
                0x000010f4       0x10 .\CortexM3\ARM_GCC_541\Debug\3dof.a(ADC_DelSig_1.o)
                0x000010f4                ADC_DelSig_1_StartConvert
 .text.ADC_DelSig_1_IsEndConversion
                0x00001104       0x30 .\CortexM3\ARM_GCC_541\Debug\3dof.a(ADC_DelSig_1.o)
                0x00001104                ADC_DelSig_1_IsEndConversion
 .text.ADC_DelSig_1_GetResult32
                0x00001134       0x6c .\CortexM3\ARM_GCC_541\Debug\3dof.a(ADC_DelSig_1.o)
                0x00001134                ADC_DelSig_1_GetResult32
 .text.ADC_DelSig_1_CountsTo_uVolts
                0x000011a0       0x4c .\CortexM3\ARM_GCC_541\Debug\3dof.a(ADC_DelSig_1.o)
                0x000011a0                ADC_DelSig_1_CountsTo_uVolts
 .text.ADC_DelSig_1_ISR1
                0x000011ec        0x4 .\CortexM3\ARM_GCC_541\Debug\3dof.a(ADC_DelSig_1_INT.o)
                0x000011ec                ADC_DelSig_1_ISR1
 .text.ADC_DelSig_1_ISR2
                0x000011f0        0x4 .\CortexM3\ARM_GCC_541\Debug\3dof.a(ADC_DelSig_1_INT.o)
                0x000011f0                ADC_DelSig_1_ISR2
 .text.ADC_DelSig_1_ISR3
                0x000011f4        0x4 .\CortexM3\ARM_GCC_541\Debug\3dof.a(ADC_DelSig_1_INT.o)
                0x000011f4                ADC_DelSig_1_ISR3
 .text.ADC_DelSig_1_ISR4
                0x000011f8        0x4 .\CortexM3\ARM_GCC_541\Debug\3dof.a(ADC_DelSig_1_INT.o)
                0x000011f8                ADC_DelSig_1_ISR4
 .text.SPIM_1_Enable
                0x000011fc       0x30 .\CortexM3\ARM_GCC_541\Debug\3dof.a(SPIM_1.o)
                0x000011fc                SPIM_1_Enable
 .text.SPIM_1_ReadTxStatus
                0x0000122c        0xc .\CortexM3\ARM_GCC_541\Debug\3dof.a(SPIM_1.o)
                0x0000122c                SPIM_1_ReadTxStatus
 .text.SPIM_1_ReadRxStatus
                0x00001238        0xc .\CortexM3\ARM_GCC_541\Debug\3dof.a(SPIM_1.o)
                0x00001238                SPIM_1_ReadRxStatus
 .text.SPIM_1_WriteTxData
                0x00001244       0x18 .\CortexM3\ARM_GCC_541\Debug\3dof.a(SPIM_1.o)
                0x00001244                SPIM_1_WriteTxData
 .text.SPIM_1_ReadRxData
                0x0000125c        0xc .\CortexM3\ARM_GCC_541\Debug\3dof.a(SPIM_1.o)
                0x0000125c                SPIM_1_ReadRxData
 .text.SPIM_1_ClearFIFO
                0x00001268       0x4c .\CortexM3\ARM_GCC_541\Debug\3dof.a(SPIM_1.o)
                0x00001268                SPIM_1_ClearFIFO
 .text.SPIM_1_Init
                0x000012b4       0x2c .\CortexM3\ARM_GCC_541\Debug\3dof.a(SPIM_1.o)
                0x000012b4                SPIM_1_Init
 .text.SPIM_1_Start
                0x000012e0       0x1c .\CortexM3\ARM_GCC_541\Debug\3dof.a(SPIM_1.o)
                0x000012e0                SPIM_1_Start
 .text.CS_J2_Write
                0x000012fc       0x18 .\CortexM3\ARM_GCC_541\Debug\3dof.a(CS_J2.o)
                0x000012fc                CS_J2_Write
 .text.ADC_DelSig_1_AMux_Start
                0x00001314       0x20 .\CortexM3\ARM_GCC_541\Debug\3dof.a(ADC_DelSig_1_AMux.o)
                0x00001314                ADC_DelSig_1_AMux_Start
 .text.ADC_DelSig_1_AMux_Select
                0x00001334       0x18 .\CortexM3\ARM_GCC_541\Debug\3dof.a(ADC_DelSig_1_AMux.o)
                0x00001334                ADC_DelSig_1_AMux_Select
 .text.ADC_DelSig_1_Ext_CP_Clk_GetDividerRegister
                0x0000134c        0xc .\CortexM3\ARM_GCC_541\Debug\3dof.a(ADC_DelSig_1_Ext_CP_Clk.o)
                0x0000134c                ADC_DelSig_1_Ext_CP_Clk_GetDividerRegister
 .text.ADC_DelSig_1_Ext_CP_Clk_SetModeRegister
                0x00001358       0x14 .\CortexM3\ARM_GCC_541\Debug\3dof.a(ADC_DelSig_1_Ext_CP_Clk.o)
                0x00001358                ADC_DelSig_1_Ext_CP_Clk_SetModeRegister
 .text.ADC_DelSig_1_Ext_CP_Clk_GetSourceRegister
                0x0000136c       0x10 .\CortexM3\ARM_GCC_541\Debug\3dof.a(ADC_DelSig_1_Ext_CP_Clk.o)
                0x0000136c                ADC_DelSig_1_Ext_CP_Clk_GetSourceRegister
 .text.ADC_DelSig_1_Ext_CP_Clk_SetDividerRegister
                0x0000137c       0xd8 .\CortexM3\ARM_GCC_541\Debug\3dof.a(ADC_DelSig_1_Ext_CP_Clk.o)
                0x0000137c                ADC_DelSig_1_Ext_CP_Clk_SetDividerRegister
 .text.ADC_DelSig_1_theACLK_GetDividerRegister
                0x00001454        0xc .\CortexM3\ARM_GCC_541\Debug\3dof.a(ADC_DelSig_1_theACLK.o)
                0x00001454                ADC_DelSig_1_theACLK_GetDividerRegister
 .text.ADC_DelSig_1_theACLK_SetModeRegister
                0x00001460       0x14 .\CortexM3\ARM_GCC_541\Debug\3dof.a(ADC_DelSig_1_theACLK.o)
                0x00001460                ADC_DelSig_1_theACLK_SetModeRegister
 .text.ADC_DelSig_1_theACLK_GetSourceRegister
                0x00001474       0x10 .\CortexM3\ARM_GCC_541\Debug\3dof.a(ADC_DelSig_1_theACLK.o)
                0x00001474                ADC_DelSig_1_theACLK_GetSourceRegister
 .text.ADC_DelSig_1_theACLK_SetDividerRegister
                0x00001484       0xd8 .\CortexM3\ARM_GCC_541\Debug\3dof.a(ADC_DelSig_1_theACLK.o)
                0x00001484                ADC_DelSig_1_theACLK_SetDividerRegister
 .text.CyHalt   0x0000155c        0x4 .\CortexM3\ARM_GCC_541\Debug\3dof.a(CyLib.o)
                0x0000155c                CyHalt
 .text.CyDelayUs
                0x00001560       0x14 .\CortexM3\ARM_GCC_541\Debug\3dof.a(CyLib.o)
                0x00001560                CyDelayUs
 .text.CyIntSetVector
                0x00001574       0x28 .\CortexM3\ARM_GCC_541\Debug\3dof.a(CyLib.o)
                0x00001574                CyIntSetVector
 .text.CyIntSetPriority
                0x0000159c       0x30 .\CortexM3\ARM_GCC_541\Debug\3dof.a(CyLib.o)
                0x0000159c                CyIntSetPriority
 .text.CS_J3_Write
                0x000015cc       0x18 .\CortexM3\ARM_GCC_541\Debug\3dof.a(CS_J3.o)
                0x000015cc                CS_J3_Write
 .text.J1_EN_Write
                0x000015e4       0x18 .\CortexM3\ARM_GCC_541\Debug\3dof.a(J1_EN.o)
                0x000015e4                J1_EN_Write
 .text.J2_EN_Write
                0x000015fc       0x18 .\CortexM3\ARM_GCC_541\Debug\3dof.a(J2_EN.o)
                0x000015fc                J2_EN_Write
 .text.J2_DIR_Write
                0x00001614       0x18 .\CortexM3\ARM_GCC_541\Debug\3dof.a(J2_DIR.o)
                0x00001614                J2_DIR_Write
 .text.J3_EN_Write
                0x0000162c       0x18 .\CortexM3\ARM_GCC_541\Debug\3dof.a(J3_EN.o)
                0x0000162c                J3_EN_Write
 .text.J3_DIR_Write
                0x00001644       0x18 .\CortexM3\ARM_GCC_541\Debug\3dof.a(J3_DIR.o)
                0x00001644                J3_DIR_Write
 .text.UART_1_Init
                0x0000165c       0x24 .\CortexM3\ARM_GCC_541\Debug\3dof.a(UART_1.o)
                0x0000165c                UART_1_Init
 .text.UART_1_Enable
                0x00001680       0x38 .\CortexM3\ARM_GCC_541\Debug\3dof.a(UART_1.o)
                0x00001680                UART_1_Enable
 .text.UART_1_Start
                0x000016b8       0x1c .\CortexM3\ARM_GCC_541\Debug\3dof.a(UART_1.o)
                0x000016b8                UART_1_Start
 .text.UART_1_ReadRxData
                0x000016d4        0xc .\CortexM3\ARM_GCC_541\Debug\3dof.a(UART_1.o)
                0x000016d4                UART_1_ReadRxData
 .text.UART_1_ReadRxStatus
                0x000016e0       0x10 .\CortexM3\ARM_GCC_541\Debug\3dof.a(UART_1.o)
                0x000016e0                UART_1_ReadRxStatus
 .text.UART_1_GetByte
                0x000016f0       0x14 .\CortexM3\ARM_GCC_541\Debug\3dof.a(UART_1.o)
                0x000016f0                UART_1_GetByte
 .text.UART_1_PutChar
                0x00001704       0x18 .\CortexM3\ARM_GCC_541\Debug\3dof.a(UART_1.o)
                0x00001704                UART_1_PutChar
 .text.UART_1_PutString
                0x0000171c       0x24 .\CortexM3\ARM_GCC_541\Debug\3dof.a(UART_1.o)
                0x0000171c                UART_1_PutString
 .text.UART_1_IntClock_Start
                0x00001740       0x1c .\CortexM3\ARM_GCC_541\Debug\3dof.a(UART_1_IntClock.o)
                0x00001740                UART_1_IntClock_Start
 .text.NCO_ISR_Interrupt
                0x0000175c      0x110 .\CortexM3\ARM_GCC_541\Debug\3dof.a(NCO_ISR.o)
                0x0000175c                NCO_ISR_Interrupt
 .text.NCO_ISR_SetVector
                0x0000186c        0xc .\CortexM3\ARM_GCC_541\Debug\3dof.a(NCO_ISR.o)
                0x0000186c                NCO_ISR_SetVector
 .text.NCO_ISR_SetPriority
                0x00001878       0x10 .\CortexM3\ARM_GCC_541\Debug\3dof.a(NCO_ISR.o)
                0x00001878                NCO_ISR_SetPriority
 .text.NCO_ISR_Enable
                0x00001888        0xc .\CortexM3\ARM_GCC_541\Debug\3dof.a(NCO_ISR.o)
                0x00001888                NCO_ISR_Enable
 .text.NCO_ISR_Disable
                0x00001894        0xc .\CortexM3\ARM_GCC_541\Debug\3dof.a(NCO_ISR.o)
                0x00001894                NCO_ISR_Disable
 .text.NCO_ISR_Start
                0x000018a0       0x1c .\CortexM3\ARM_GCC_541\Debug\3dof.a(NCO_ISR.o)
                0x000018a0                NCO_ISR_Start
 .text.rx_isr_Interrupt
                0x000018bc       0xa0 .\CortexM3\ARM_GCC_541\Debug\3dof.a(rx_isr.o)
                0x000018bc                rx_isr_Interrupt
 .text.rx_isr_SetVector
                0x0000195c        0xc .\CortexM3\ARM_GCC_541\Debug\3dof.a(rx_isr.o)
                0x0000195c                rx_isr_SetVector
 .text.rx_isr_SetPriority
                0x00001968       0x10 .\CortexM3\ARM_GCC_541\Debug\3dof.a(rx_isr.o)
                0x00001968                rx_isr_SetPriority
 .text.rx_isr_Enable
                0x00001978        0xc .\CortexM3\ARM_GCC_541\Debug\3dof.a(rx_isr.o)
                0x00001978                rx_isr_Enable
 .text.rx_isr_Disable
                0x00001984        0xc .\CortexM3\ARM_GCC_541\Debug\3dof.a(rx_isr.o)
                0x00001984                rx_isr_Disable
 .text.rx_isr_Start
                0x00001990       0x1c .\CortexM3\ARM_GCC_541\Debug\3dof.a(rx_isr.o)
                0x00001990                rx_isr_Start
 .text.tick_isr_Interrupt
                0x000019ac      0x1d8 .\CortexM3\ARM_GCC_541\Debug\3dof.a(tick_isr.o)
                0x000019ac                tick_isr_Interrupt
 .text.tick_isr_SetVector
                0x00001b84        0xc .\CortexM3\ARM_GCC_541\Debug\3dof.a(tick_isr.o)
                0x00001b84                tick_isr_SetVector
 .text.tick_isr_SetPriority
                0x00001b90       0x10 .\CortexM3\ARM_GCC_541\Debug\3dof.a(tick_isr.o)
                0x00001b90                tick_isr_SetPriority
 .text.tick_isr_Enable
                0x00001ba0        0xc .\CortexM3\ARM_GCC_541\Debug\3dof.a(tick_isr.o)
                0x00001ba0                tick_isr_Enable
 .text.tick_isr_Disable
                0x00001bac        0xc .\CortexM3\ARM_GCC_541\Debug\3dof.a(tick_isr.o)
                0x00001bac                tick_isr_Disable
 .text.tick_isr_Start
                0x00001bb8       0x1c .\CortexM3\ARM_GCC_541\Debug\3dof.a(tick_isr.o)
                0x00001bb8                tick_isr_Start
 *fill*         0x00001bd4        0x4 
 .text          0x00001bd8       0x20 .\CortexM3\ARM_GCC_541\Debug\3dof.a(CyBootAsmGnu.o)
                0x00001bd8                CyDelayCycles
                0x00001be8                CyEnterCriticalSection
                0x00001bf0                CyExitCriticalSection
 .text.J2_LIM_Read
                0x00001bf8       0x10 .\CortexM3\ARM_GCC_541\Debug\3dof.a(J2_LIM.o)
                0x00001bf8                J2_LIM_Read
 .text.J3_LIM_Read
                0x00001c08       0x10 .\CortexM3\ARM_GCC_541\Debug\3dof.a(J3_LIM.o)
                0x00001c08                J3_LIM_Read
 .text.J1_STEP_Write
                0x00001c18       0x18 .\CortexM3\ARM_GCC_541\Debug\3dof.a(J1_STEP.o)
                0x00001c18                J1_STEP_Write
 .text.J1_DIR_Write
                0x00001c30       0x18 .\CortexM3\ARM_GCC_541\Debug\3dof.a(J1_DIR.o)
                0x00001c30                J1_DIR_Write
 .text.J2_STEP_Write
                0x00001c48       0x18 .\CortexM3\ARM_GCC_541\Debug\3dof.a(J2_STEP.o)
                0x00001c48                J2_STEP_Write
 .text.J3_STEP_Write
                0x00001c60       0x18 .\CortexM3\ARM_GCC_541\Debug\3dof.a(J3_STEP.o)
                0x00001c60                J3_STEP_Write
 .text          0x00001c78       0x30 c:/program files (x86)/cypress/psoc creator/4.2/psoc creator/import/gnu/arm/5.4.1/bin/../lib/gcc/arm-none-eabi/5.4.1/armv7-m\libgcc.a(_aeabi_uldivmod.o)
                0x00001c78                __aeabi_uldivmod
 .text          0x00001ca8      0x2ec c:/program files (x86)/cypress/psoc creator/4.2/psoc creator/import/gnu/arm/5.4.1/bin/../lib/gcc/arm-none-eabi/5.4.1/armv7-m\libgcc.a(_udivmoddi4.o)
                0x00001ca8                __udivmoddi4
 .text          0x00001f94        0x4 c:/program files (x86)/cypress/psoc creator/4.2/psoc creator/import/gnu/arm/5.4.1/bin/../lib/gcc/arm-none-eabi/5.4.1/armv7-m\libgcc.a(_dvmd_tls.o)
                0x00001f94                __aeabi_idiv0
                0x00001f94                __aeabi_ldiv0
 .text.__errno  0x00001f98        0xc c:/program files (x86)/cypress/psoc creator/4.2/psoc creator/import/gnu/arm/5.4.1/bin/../lib/gcc/arm-none-eabi/5.4.1/../../../../arm-none-eabi/lib/armv7-m\libg_nano.a(lib_a-errno.o)
                0x00001f98                __errno
 .text.__libc_init_array
                0x00001fa4       0x4c c:/program files (x86)/cypress/psoc creator/4.2/psoc creator/import/gnu/arm/5.4.1/bin/../lib/gcc/arm-none-eabi/5.4.1/../../../../arm-none-eabi/lib/armv7-m\libg_nano.a(lib_a-init.o)
                0x00001fa4                __libc_init_array
 .text.memcpy   0x00001ff0       0x16 c:/program files (x86)/cypress/psoc creator/4.2/psoc creator/import/gnu/arm/5.4.1/bin/../lib/gcc/arm-none-eabi/5.4.1/../../../../arm-none-eabi/lib/armv7-m\libg_nano.a(lib_a-memcpy-stub.o)
                0x00001ff0                memcpy
 .text.memset   0x00002006       0x10 c:/program files (x86)/cypress/psoc creator/4.2/psoc creator/import/gnu/arm/5.4.1/bin/../lib/gcc/arm-none-eabi/5.4.1/../../../../arm-none-eabi/lib/armv7-m\libg_nano.a(lib_a-memset.o)
                0x00002006                memset
 *(.plt)
 *(.gnu.warning)
 *(.glue_7t)
 .glue_7t       0x00002016        0x0 linker stubs
 *(.glue_7)
 .glue_7        0x00002016        0x0 linker stubs
 *(.vfp11_veneer)
 .vfp11_veneer  0x00002016        0x0 linker stubs
 *(.bootloader)
 *(.ARM.extab* .gnu.linkonce.armextab.*)
 *(.gcc_except_table)

.v4_bx          0x00002018        0x0
 .v4_bx         0x00002018        0x0 linker stubs

.iplt           0x00002018        0x0
 .iplt          0x00002018        0x0 c:/program files (x86)/cypress/psoc creator/4.2/psoc creator/import/gnu/arm/5.4.1/bin/../lib/gcc/arm-none-eabi/5.4.1/armv7-m/crtbegin.o

.eh_frame_hdr
 *(.eh_frame_hdr)

.eh_frame       0x00002018        0x4
 *(.eh_frame)
 .eh_frame      0x00002018        0x0 c:/program files (x86)/cypress/psoc creator/4.2/psoc creator/import/gnu/arm/5.4.1/bin/../lib/gcc/arm-none-eabi/5.4.1/armv7-m/crtbegin.o
 .eh_frame      0x00002018        0x4 c:/program files (x86)/cypress/psoc creator/4.2/psoc creator/import/gnu/arm/5.4.1/bin/../lib/gcc/arm-none-eabi/5.4.1/armv7-m/crtend.o
                [!provide]                PROVIDE (__exidx_start, .)

.ARM.exidx      0x0000201c        0x8
 *(.ARM.exidx* .gnu.linkonce.armexidx.*)
 .ARM.exidx     0x0000201c        0x8 c:/program files (x86)/cypress/psoc creator/4.2/psoc creator/import/gnu/arm/5.4.1/bin/../lib/gcc/arm-none-eabi/5.4.1/armv7-m\libgcc.a(_udivmoddi4.o)
                0x00002024                __exidx_end = .

.rodata         0x00002024       0xa4
 *(.rodata .rodata.* .gnu.linkonce.r.*)
 .rodata.str1.4
                0x00002024        0xe .\CortexM3\ARM_GCC_541\Debug\main.o
 *fill*         0x00002032        0x2 
 .rodata        0x00002034       0x58 .\CortexM3\ARM_GCC_541\Debug\cyfitter_cfg.o
                0x00002034                ADC_DelSig_1_AMux__addrTable
                0x0000203c                ADC_DelSig_1_AMux__maskTable
 .rodata.str1.4
                0x0000208c        0x4 .\CortexM3\ARM_GCC_541\Debug\3dof.a(rx_isr.o)
                                  0x3 (size before relaxing)
 .rodata.str1.1
                0x00002090        0x2 c:/program files (x86)/cypress/psoc creator/4.2/psoc creator/import/gnu/arm/5.4.1/bin/../lib/gcc/arm-none-eabi/5.4.1/../../../../arm-none-eabi/lib/armv7-m\libg_nano.a(lib_a-impure.o)
                0x00002094                . = ALIGN (0x4)
 *fill*         0x00002092        0x2 
 *(.init)
 .init          0x00002094        0x4 c:/program files (x86)/cypress/psoc creator/4.2/psoc creator/import/gnu/arm/5.4.1/bin/../lib/gcc/arm-none-eabi/5.4.1/armv7-m/crti.o
                0x00002094                _init
 .init          0x00002098        0x8 c:/program files (x86)/cypress/psoc creator/4.2/psoc creator/import/gnu/arm/5.4.1/bin/../lib/gcc/arm-none-eabi/5.4.1/armv7-m/crtn.o
                0x000020a0                . = ALIGN (0x4)
                0x000020a0                __preinit_array_start = .
 *(.preinit_array)
                0x000020a0                __preinit_array_end = .
                0x000020a0                . = ALIGN (0x4)
                0x000020a0                __init_array_start = .
 *(SORT(.init_array.*))
 *(.init_array)
 .init_array    0x000020a0        0x4 c:/program files (x86)/cypress/psoc creator/4.2/psoc creator/import/gnu/arm/5.4.1/bin/../lib/gcc/arm-none-eabi/5.4.1/armv7-m/crtbegin.o
 .init_array    0x000020a4        0x4 .\CortexM3\ARM_GCC_541\Debug\Cm3Start.o
                0x000020a8                __init_array_end = .
                0x000020a8                . = ALIGN (0x4)
 *(.fini)
 .fini          0x000020a8        0x4 c:/program files (x86)/cypress/psoc creator/4.2/psoc creator/import/gnu/arm/5.4.1/bin/../lib/gcc/arm-none-eabi/5.4.1/armv7-m/crti.o
                0x000020a8                _fini
 .fini          0x000020ac        0x8 c:/program files (x86)/cypress/psoc creator/4.2/psoc creator/import/gnu/arm/5.4.1/bin/../lib/gcc/arm-none-eabi/5.4.1/armv7-m/crtn.o
                0x000020b4                . = ALIGN (0x4)
                0x000020b4                __fini_array_start = .
 *(.fini_array)
 .fini_array    0x000020b4        0x4 c:/program files (x86)/cypress/psoc creator/4.2/psoc creator/import/gnu/arm/5.4.1/bin/../lib/gcc/arm-none-eabi/5.4.1/armv7-m/crtbegin.o
 *(SORT(.fini_array.*))
                0x000020b8                __fini_array_end = .
                0x000020b8                . = ALIGN (0x4)
 *crtbegin.o(.ctors)
 *(EXCLUDE_FILE(*crtend.o) .ctors)
 *(SORT(.ctors.*))
 *crtend.o(.ctors)
                0x000020b8                . = ALIGN (0x4)
 *crtbegin.o(.dtors)
 *(EXCLUDE_FILE(*crtend.o) .dtors)
 *(SORT(.dtors.*))
 *crtend.o(.dtors)
                0x000020b8                . = ALIGN (0x4)
                0x000020b8                __cy_regions = .
                0x000020b8        0x4 LONG 0x20c8 __cy_region_init_ram
                0x000020bc        0x4 LONG 0x1fff80c8 __cy_region_start_data
                0x000020c0        0x4 LONG 0x80 __cy_region_init_size_ram
                0x000020c4        0x4 LONG 0xdd8 __cy_region_zero_size_ram
                0x000020c8                __cy_regions_end = .
                0x000020c8                . = ALIGN (0x8)
                0x000020c8                _etext = .

.cy_checksum_exclude
                0x000020c8        0x0
 *(.cy_checksum_exclude)

.ramvectors     0x1fff8000       0xc0
                0x1fff8000                __cy_region_start_ram = .
 *(.ramvectors)
 .ramvectors    0x1fff8000       0xc0 .\CortexM3\ARM_GCC_541\Debug\Cm3Start.o
                0x1fff8000                CyRamVectors

.noinit         0x1fff80c0        0x1
 *(.noinit)
 .noinit        0x1fff80c0        0x1 .\CortexM3\ARM_GCC_541\Debug\3dof.a(CyLib.o)
                0x1fff80c0                CyResetStatus

.data           0x1fff80c8       0x80 load address 0x000020c8
                0x1fff80c8                __cy_region_start_data = .
 *(.jcr)
 .jcr           0x1fff80c8        0x0 c:/program files (x86)/cypress/psoc creator/4.2/psoc creator/import/gnu/arm/5.4.1/bin/../lib/gcc/arm-none-eabi/5.4.1/armv7-m/crtbegin.o
 .jcr           0x1fff80c8        0x4 c:/program files (x86)/cypress/psoc creator/4.2/psoc creator/import/gnu/arm/5.4.1/bin/../lib/gcc/arm-none-eabi/5.4.1/armv7-m/crtend.o
 *(.got.plt)
 *(.got)
 *(.shdata)
 *(.data .data.* .gnu.linkonce.d.*)
 .data          0x1fff80cc        0x4 .\CortexM3\ARM_GCC_541\Debug\joints.o
                0x1fff80cc                J1_home
 .data          0x1fff80d0        0x1 .\CortexM3\ARM_GCC_541\Debug\3dof.a(ADC_DelSig_1.o)
                0x1fff80d0                ADC_DelSig_1_Config
 .data          0x1fff80d1        0x1 .\CortexM3\ARM_GCC_541\Debug\3dof.a(ADC_DelSig_1_AMux.o)
 *fill*         0x1fff80d2        0x2 
 .data          0x1fff80d4       0x10 .\CortexM3\ARM_GCC_541\Debug\3dof.a(CyLib.o)
                0x1fff80d4                cydelay_32k_ms
                0x1fff80d8                cydelay_freq_khz
                0x1fff80dc                cydelay_freq_mhz
                0x1fff80e0                cydelay_freq_hz
 .data.impure_data
                0x1fff80e4       0x60 c:/program files (x86)/cypress/psoc creator/4.2/psoc creator/import/gnu/arm/5.4.1/bin/../lib/gcc/arm-none-eabi/5.4.1/../../../../arm-none-eabi/lib/armv7-m\libg_nano.a(lib_a-impure.o)
 .data._impure_ptr
                0x1fff8144        0x4 c:/program files (x86)/cypress/psoc creator/4.2/psoc creator/import/gnu/arm/5.4.1/bin/../lib/gcc/arm-none-eabi/5.4.1/../../../../arm-none-eabi/lib/armv7-m\libg_nano.a(lib_a-impure.o)
                0x1fff8144                _impure_ptr
                0x1fff8148                . = ALIGN (0x8)
 *(.ram)
                0x1fff8148                _edata = .

.igot.plt       0x1fff8148        0x0 load address 0x00002148
 .igot.plt      0x1fff8148        0x0 c:/program files (x86)/cypress/psoc creator/4.2/psoc creator/import/gnu/arm/5.4.1/bin/../lib/gcc/arm-none-eabi/5.4.1/armv7-m/crtbegin.o

.bss            0x1fff8148      0xdd8 load address 0x00002148
                0x1fff8148                PROVIDE (__bss_start__, .)
 *(.shbss)
 *(.bss .bss.* .gnu.linkonce.b.*)
 .bss           0x1fff8148       0x1c c:/program files (x86)/cypress/psoc creator/4.2/psoc creator/import/gnu/arm/5.4.1/bin/../lib/gcc/arm-none-eabi/5.4.1/armv7-m/crtbegin.o
 .bss           0x1fff8164        0x4 .\CortexM3\ARM_GCC_541\Debug\comms.o
                0x1fff8164                rx_index
 .bss           0x1fff8168       0x18 .\CortexM3\ARM_GCC_541\Debug\3dof.a(ADC_DelSig_1.o)
                0x1fff8178                ADC_DelSig_1_stopConversion
                0x1fff8179                ADC_DelSig_1_convDone
                0x1fff817a                ADC_DelSig_1_initVar
                0x1fff817b                ADC_DelSig_1_started
                0x1fff817c                ADC_DelSig_1_Offset
 .bss           0x1fff8180        0x1 .\CortexM3\ARM_GCC_541\Debug\3dof.a(SPIM_1.o)
                0x1fff8180                SPIM_1_initVar
 .bss           0x1fff8181        0x2 .\CortexM3\ARM_GCC_541\Debug\3dof.a(UART_1.o)
                0x1fff8181                UART_1_initVar
 .bss           0x1fff8183        0x1 .\CortexM3\ARM_GCC_541\Debug\3dof.a(tick_isr.o)
                0x1fff8183                tick2
 *(COMMON)
 COMMON         0x1fff8184      0xd98 .\CortexM3\ARM_GCC_541\Debug\main.o
                0x1fff8184                TransmitBuffer
                0x1fff81d4                move_queue
                0x1fff868c                Ch
                0x1fff8690                rx_buffer
                0x1fff86e0                read_angle_command
                0x1fff86e4                msg_buff
                0x1fff8eba                tick
                0x1fff8ebc                joints
 COMMON         0x1fff8f1c        0x4 .\CortexM3\ARM_GCC_541\Debug\3dof.a(ADC_DelSig_1.o)
                0x1fff8f1c                ADC_DelSig_1_CountsPerVolt
                0x1fff8f20                . = ALIGN (0x8)
 *(.ram.b)
                0x1fff8f20                _end = .
                0x1fff8f20                __end = .
                0x1fff8f20                PROVIDE (end, .)
                0x1fff8f20                PROVIDE (__bss_end__, .)
                0x000020c8                __cy_region_init_ram = LOADADDR (.data)
                0x00000080                __cy_region_init_size_ram = (_edata - ADDR (.data))
                0x00000dd8                __cy_region_zero_size_ram = (_end - _edata)

.heap           0x1fff8f20       0x80 load address 0x00002148
                0x1fff8f20                . = _end
                0x1fff8fa0                . = (. + 0x80)
 *fill*         0x1fff8f20       0x80 
                0x1fff8fa0                __cy_heap_limit = .

.stack          0x20007800      0x800
                0x20007800                __cy_stack_limit = .
                0x20008000                . = (. + 0x800)
 *fill*         0x20007800      0x800 
                0x00000001                ASSERT ((__cy_stack_limit >= __cy_heap_limit), region RAM overflowed with stack)
                0x00000000                cy_checksum_exclude_size = (CY_APPL_LOADABLE == 0x1)?SIZEOF (.cy_checksum_exclude):0x0
                0x00000001                ASSERT ((cy_checksum_exclude_size <= CY_CHECKSUM_EXCLUDE_SIZE), CY_BOOT: Section .cy_checksum_exclude size exceedes specified limit.)

.cyloadermeta
 *(.cyloadermeta)

.cyloadablemeta
 *(.cyloadablemeta)

.cyconfigecc    0x80000000      0x600
 *(.cyconfigecc)
 .cyconfigecc   0x80000000      0x600 .\CortexM3\ARM_GCC_541\Debug\cymetadata.o
                0x80000000                cy_meta_configecc

.cycustnvl      0x90000000        0x4
 *(.cycustnvl)
 .cycustnvl     0x90000000        0x4 .\CortexM3\ARM_GCC_541\Debug\cymetadata.o
                0x90000000                cy_meta_custnvl

.cywolatch      0x90100000        0x4
 *(.cywolatch)
 .cywolatch     0x90100000        0x4 .\CortexM3\ARM_GCC_541\Debug\cymetadata.o
                0x90100000                cy_meta_wonvl

.cyeeprom       0x90200000        0x0
 *(.cyeeprom)
                0x00000001                ASSERT ((. <= ((0x90200000 + ee_offset) + ee_size)), .cyeeprom data will not fit in EEPROM)

.cyflashprotect
                0x90400000      0x100
 *(.cyflashprotect)
 .cyflashprotect
                0x90400000      0x100 .\CortexM3\ARM_GCC_541\Debug\cymetadata.o
                0x90400000                cy_meta_flashprotect

.cymeta         0x90500000        0xc
 *(.cymeta)
 .cymeta        0x90500000        0xc .\CortexM3\ARM_GCC_541\Debug\cymetadata.o
                0x90500000                cy_metadata

.rel.dyn        0x00002148        0x0 load address 0x9050000c
 .rel.iplt      0x00002148        0x0 c:/program files (x86)/cypress/psoc creator/4.2/psoc creator/import/gnu/arm/5.4.1/bin/../lib/gcc/arm-none-eabi/5.4.1/armv7-m/crtbegin.o

.stab
 *(.stab)

.stabstr
 *(.stabstr)

.debug
 *(.debug)

.line
 *(.line)

.debug_srcinfo
 *(.debug_srcinfo)

.debug_sfnames
 *(.debug_sfnames)

.debug_aranges  0x00000000      0xed0
 *(.debug_aranges)
 .debug_aranges
                0x00000000       0x28 .\CortexM3\ARM_GCC_541\Debug\main.o
 .debug_aranges
                0x00000028       0x48 .\CortexM3\ARM_GCC_541\Debug\comms.o
 .debug_aranges
                0x00000070       0x38 .\CortexM3\ARM_GCC_541\Debug\joints.o
 .debug_aranges
                0x000000a8       0x30 .\CortexM3\ARM_GCC_541\Debug\as5048.o
 .debug_aranges
                0x000000d8       0x68 .\CortexM3\ARM_GCC_541\Debug\cyfitter_cfg.o
 .debug_aranges
                0x00000140       0x18 .\CortexM3\ARM_GCC_541\Debug\cymetadata.o
 .debug_aranges
                0x00000158       0x48 .\CortexM3\ARM_GCC_541\Debug\Cm3Start.o
 .debug_aranges
                0x000001a0       0xe8 .\CortexM3\ARM_GCC_541\Debug\3dof.a(ADC_DelSig_1.o)
 .debug_aranges
                0x00000288       0x38 .\CortexM3\ARM_GCC_541\Debug\3dof.a(ADC_DelSig_1_INT.o)
 .debug_aranges
                0x000002c0       0xd8 .\CortexM3\ARM_GCC_541\Debug\3dof.a(SPIM_1.o)
 .debug_aranges
                0x00000398       0x38 .\CortexM3\ARM_GCC_541\Debug\3dof.a(CS_J2.o)
 .debug_aranges
                0x000003d0       0x30 .\CortexM3\ARM_GCC_541\Debug\3dof.a(ADC_DelSig_1_AMux.o)
 .debug_aranges
                0x00000400       0x70 .\CortexM3\ARM_GCC_541\Debug\3dof.a(ADC_DelSig_1_Ext_CP_Clk.o)
 .debug_aranges
                0x00000470       0x80 .\CortexM3\ARM_GCC_541\Debug\3dof.a(ADC_DelSig_1_theACLK.o)
 .debug_aranges
                0x000004f0      0x2a0 .\CortexM3\ARM_GCC_541\Debug\3dof.a(CyLib.o)
 .debug_aranges
                0x00000790       0x98 .\CortexM3\ARM_GCC_541\Debug\3dof.a(cyPm.o)
 .debug_aranges
                0x00000828       0x38 .\CortexM3\ARM_GCC_541\Debug\3dof.a(CS_J3.o)
 .debug_aranges
                0x00000860       0x38 .\CortexM3\ARM_GCC_541\Debug\3dof.a(J1_EN.o)
 .debug_aranges
                0x00000898       0x38 .\CortexM3\ARM_GCC_541\Debug\3dof.a(J2_EN.o)
 .debug_aranges
                0x000008d0       0x38 .\CortexM3\ARM_GCC_541\Debug\3dof.a(J2_DIR.o)
 .debug_aranges
                0x00000908       0x38 .\CortexM3\ARM_GCC_541\Debug\3dof.a(J3_EN.o)
 .debug_aranges
                0x00000940       0x38 .\CortexM3\ARM_GCC_541\Debug\3dof.a(J3_DIR.o)
 .debug_aranges
                0x00000978       0xf0 .\CortexM3\ARM_GCC_541\Debug\3dof.a(UART_1.o)
 .debug_aranges
                0x00000a68       0x70 .\CortexM3\ARM_GCC_541\Debug\3dof.a(UART_1_IntClock.o)
 .debug_aranges
                0x00000ad8       0x80 .\CortexM3\ARM_GCC_541\Debug\3dof.a(NCO_ISR.o)
 .debug_aranges
                0x00000b58       0x80 .\CortexM3\ARM_GCC_541\Debug\3dof.a(rx_isr.o)
 .debug_aranges
                0x00000bd8       0x80 .\CortexM3\ARM_GCC_541\Debug\3dof.a(tick_isr.o)
 .debug_aranges
                0x00000c58       0x20 .\CortexM3\ARM_GCC_541\Debug\3dof.a(CyBootAsmGnu.o)
 .debug_aranges
                0x00000c78       0x88 .\CortexM3\ARM_GCC_541\Debug\3dof.a(CyFlash.o)
 .debug_aranges
                0x00000d00       0x80 .\CortexM3\ARM_GCC_541\Debug\3dof.a(CySpc.o)
 .debug_aranges
                0x00000d80       0x38 .\CortexM3\ARM_GCC_541\Debug\3dof.a(J2_LIM.o)
 .debug_aranges
                0x00000db8       0x38 .\CortexM3\ARM_GCC_541\Debug\3dof.a(J3_LIM.o)
 .debug_aranges
                0x00000df0       0x38 .\CortexM3\ARM_GCC_541\Debug\3dof.a(J1_STEP.o)
 .debug_aranges
                0x00000e28       0x38 .\CortexM3\ARM_GCC_541\Debug\3dof.a(J1_DIR.o)
 .debug_aranges
                0x00000e60       0x38 .\CortexM3\ARM_GCC_541\Debug\3dof.a(J2_STEP.o)
 .debug_aranges
                0x00000e98       0x38 .\CortexM3\ARM_GCC_541\Debug\3dof.a(J3_STEP.o)

.debug_pubnames
 *(.debug_pubnames)

.debug_info     0x00000000     0x9036
 *(.debug_info .gnu.linkonce.wi.*)
 .debug_info    0x00000000      0x8cb .\CortexM3\ARM_GCC_541\Debug\main.o
 .debug_info    0x000008cb      0x552 .\CortexM3\ARM_GCC_541\Debug\comms.o
 .debug_info    0x00000e1d      0x68c .\CortexM3\ARM_GCC_541\Debug\joints.o
 .debug_info    0x000014a9      0x364 .\CortexM3\ARM_GCC_541\Debug\as5048.o
 .debug_info    0x0000180d      0x6a3 .\CortexM3\ARM_GCC_541\Debug\cyfitter_cfg.o
 .debug_info    0x00001eb0      0x137 .\CortexM3\ARM_GCC_541\Debug\cymetadata.o
 .debug_info    0x00001fe7      0x3bb .\CortexM3\ARM_GCC_541\Debug\Cm3Start.o
 .debug_info    0x000023a2      0xbee .\CortexM3\ARM_GCC_541\Debug\3dof.a(ADC_DelSig_1.o)
 .debug_info    0x00002f90       0xd3 .\CortexM3\ARM_GCC_541\Debug\3dof.a(ADC_DelSig_1_INT.o)
 .debug_info    0x00003063      0x4b0 .\CortexM3\ARM_GCC_541\Debug\3dof.a(SPIM_1.o)
 .debug_info    0x00003513      0x11f .\CortexM3\ARM_GCC_541\Debug\3dof.a(CS_J2.o)
 .debug_info    0x00003632      0x165 .\CortexM3\ARM_GCC_541\Debug\3dof.a(ADC_DelSig_1_AMux.o)
 .debug_info    0x00003797      0x283 .\CortexM3\ARM_GCC_541\Debug\3dof.a(ADC_DelSig_1_Ext_CP_Clk.o)
 .debug_info    0x00003a1a      0x2c4 .\CortexM3\ARM_GCC_541\Debug\3dof.a(ADC_DelSig_1_theACLK.o)
 .debug_info    0x00003cde     0x1374 .\CortexM3\ARM_GCC_541\Debug\3dof.a(CyLib.o)
 .debug_info    0x00005052      0xa2a .\CortexM3\ARM_GCC_541\Debug\3dof.a(cyPm.o)
 .debug_info    0x00005a7c      0x11f .\CortexM3\ARM_GCC_541\Debug\3dof.a(CS_J3.o)
 .debug_info    0x00005b9b      0x11f .\CortexM3\ARM_GCC_541\Debug\3dof.a(J1_EN.o)
 .debug_info    0x00005cba      0x11f .\CortexM3\ARM_GCC_541\Debug\3dof.a(J2_EN.o)
 .debug_info    0x00005dd9      0x11f .\CortexM3\ARM_GCC_541\Debug\3dof.a(J2_DIR.o)
 .debug_info    0x00005ef8      0x11f .\CortexM3\ARM_GCC_541\Debug\3dof.a(J3_EN.o)
 .debug_info    0x00006017      0x11f .\CortexM3\ARM_GCC_541\Debug\3dof.a(J3_DIR.o)
 .debug_info    0x00006136      0x60c .\CortexM3\ARM_GCC_541\Debug\3dof.a(UART_1.o)
 .debug_info    0x00006742      0x283 .\CortexM3\ARM_GCC_541\Debug\3dof.a(UART_1_IntClock.o)
 .debug_info    0x000069c5      0x6cb .\CortexM3\ARM_GCC_541\Debug\3dof.a(NCO_ISR.o)
 .debug_info    0x00007090      0x651 .\CortexM3\ARM_GCC_541\Debug\3dof.a(rx_isr.o)
 .debug_info    0x000076e1      0x675 .\CortexM3\ARM_GCC_541\Debug\3dof.a(tick_isr.o)
 .debug_info    0x00007d56       0x89 .\CortexM3\ARM_GCC_541\Debug\3dof.a(CyBootAsmGnu.o)
 .debug_info    0x00007ddf      0x64d .\CortexM3\ARM_GCC_541\Debug\3dof.a(CyFlash.o)
 .debug_info    0x0000842c      0x550 .\CortexM3\ARM_GCC_541\Debug\3dof.a(CySpc.o)
 .debug_info    0x0000897c      0x11f .\CortexM3\ARM_GCC_541\Debug\3dof.a(J2_LIM.o)
 .debug_info    0x00008a9b      0x11f .\CortexM3\ARM_GCC_541\Debug\3dof.a(J3_LIM.o)
 .debug_info    0x00008bba      0x11f .\CortexM3\ARM_GCC_541\Debug\3dof.a(J1_STEP.o)
 .debug_info    0x00008cd9      0x11f .\CortexM3\ARM_GCC_541\Debug\3dof.a(J1_DIR.o)
 .debug_info    0x00008df8      0x11f .\CortexM3\ARM_GCC_541\Debug\3dof.a(J2_STEP.o)
 .debug_info    0x00008f17      0x11f .\CortexM3\ARM_GCC_541\Debug\3dof.a(J3_STEP.o)

.debug_abbrev   0x00000000     0x27a6
 *(.debug_abbrev)
 .debug_abbrev  0x00000000      0x15f .\CortexM3\ARM_GCC_541\Debug\main.o
 .debug_abbrev  0x0000015f      0x183 .\CortexM3\ARM_GCC_541\Debug\comms.o
 .debug_abbrev  0x000002e2      0x172 .\CortexM3\ARM_GCC_541\Debug\joints.o
 .debug_abbrev  0x00000454       0xe4 .\CortexM3\ARM_GCC_541\Debug\as5048.o
 .debug_abbrev  0x00000538      0x22d .\CortexM3\ARM_GCC_541\Debug\cyfitter_cfg.o
 .debug_abbrev  0x00000765       0x77 .\CortexM3\ARM_GCC_541\Debug\cymetadata.o
 .debug_abbrev  0x000007dc      0x1e8 .\CortexM3\ARM_GCC_541\Debug\Cm3Start.o
 .debug_abbrev  0x000009c4      0x1eb .\CortexM3\ARM_GCC_541\Debug\3dof.a(ADC_DelSig_1.o)
 .debug_abbrev  0x00000baf       0x42 .\CortexM3\ARM_GCC_541\Debug\3dof.a(ADC_DelSig_1_INT.o)
 .debug_abbrev  0x00000bf1      0x146 .\CortexM3\ARM_GCC_541\Debug\3dof.a(SPIM_1.o)
 .debug_abbrev  0x00000d37       0x90 .\CortexM3\ARM_GCC_541\Debug\3dof.a(CS_J2.o)
 .debug_abbrev  0x00000dc7       0xb1 .\CortexM3\ARM_GCC_541\Debug\3dof.a(ADC_DelSig_1_AMux.o)
 .debug_abbrev  0x00000e78      0x139 .\CortexM3\ARM_GCC_541\Debug\3dof.a(ADC_DelSig_1_Ext_CP_Clk.o)
 .debug_abbrev  0x00000fb1      0x121 .\CortexM3\ARM_GCC_541\Debug\3dof.a(ADC_DelSig_1_theACLK.o)
 .debug_abbrev  0x000010d2      0x254 .\CortexM3\ARM_GCC_541\Debug\3dof.a(CyLib.o)
 .debug_abbrev  0x00001326      0x1ab .\CortexM3\ARM_GCC_541\Debug\3dof.a(cyPm.o)
 .debug_abbrev  0x000014d1       0x90 .\CortexM3\ARM_GCC_541\Debug\3dof.a(CS_J3.o)
 .debug_abbrev  0x00001561       0x90 .\CortexM3\ARM_GCC_541\Debug\3dof.a(J1_EN.o)
 .debug_abbrev  0x000015f1       0x90 .\CortexM3\ARM_GCC_541\Debug\3dof.a(J2_EN.o)
 .debug_abbrev  0x00001681       0x90 .\CortexM3\ARM_GCC_541\Debug\3dof.a(J2_DIR.o)
 .debug_abbrev  0x00001711       0x90 .\CortexM3\ARM_GCC_541\Debug\3dof.a(J3_EN.o)
 .debug_abbrev  0x000017a1       0x90 .\CortexM3\ARM_GCC_541\Debug\3dof.a(J3_DIR.o)
 .debug_abbrev  0x00001831      0x175 .\CortexM3\ARM_GCC_541\Debug\3dof.a(UART_1.o)
 .debug_abbrev  0x000019a6      0x139 .\CortexM3\ARM_GCC_541\Debug\3dof.a(UART_1_IntClock.o)
 .debug_abbrev  0x00001adf      0x205 .\CortexM3\ARM_GCC_541\Debug\3dof.a(NCO_ISR.o)
 .debug_abbrev  0x00001ce4      0x210 .\CortexM3\ARM_GCC_541\Debug\3dof.a(rx_isr.o)
 .debug_abbrev  0x00001ef4      0x203 .\CortexM3\ARM_GCC_541\Debug\3dof.a(tick_isr.o)
 .debug_abbrev  0x000020f7       0x14 .\CortexM3\ARM_GCC_541\Debug\3dof.a(CyBootAsmGnu.o)
 .debug_abbrev  0x0000210b      0x1a7 .\CortexM3\ARM_GCC_541\Debug\3dof.a(CyFlash.o)
 .debug_abbrev  0x000022b2      0x194 .\CortexM3\ARM_GCC_541\Debug\3dof.a(CySpc.o)
 .debug_abbrev  0x00002446       0x90 .\CortexM3\ARM_GCC_541\Debug\3dof.a(J2_LIM.o)
 .debug_abbrev  0x000024d6       0x90 .\CortexM3\ARM_GCC_541\Debug\3dof.a(J3_LIM.o)
 .debug_abbrev  0x00002566       0x90 .\CortexM3\ARM_GCC_541\Debug\3dof.a(J1_STEP.o)
 .debug_abbrev  0x000025f6       0x90 .\CortexM3\ARM_GCC_541\Debug\3dof.a(J1_DIR.o)
 .debug_abbrev  0x00002686       0x90 .\CortexM3\ARM_GCC_541\Debug\3dof.a(J2_STEP.o)
 .debug_abbrev  0x00002716       0x90 .\CortexM3\ARM_GCC_541\Debug\3dof.a(J3_STEP.o)

.debug_line     0x00000000     0x3aba
 *(.debug_line)
 .debug_line    0x00000000      0x276 .\CortexM3\ARM_GCC_541\Debug\main.o
 .debug_line    0x00000276      0x165 .\CortexM3\ARM_GCC_541\Debug\comms.o
 .debug_line    0x000003db      0x13b .\CortexM3\ARM_GCC_541\Debug\joints.o
 .debug_line    0x00000516      0x104 .\CortexM3\ARM_GCC_541\Debug\as5048.o
 .debug_line    0x0000061a      0x225 .\CortexM3\ARM_GCC_541\Debug\cyfitter_cfg.o
 .debug_line    0x0000083f      0x141 .\CortexM3\ARM_GCC_541\Debug\cymetadata.o
 .debug_line    0x00000980      0x234 .\CortexM3\ARM_GCC_541\Debug\Cm3Start.o
 .debug_line    0x00000bb4      0x3ee .\CortexM3\ARM_GCC_541\Debug\3dof.a(ADC_DelSig_1.o)
 .debug_line    0x00000fa2       0x89 .\CortexM3\ARM_GCC_541\Debug\3dof.a(ADC_DelSig_1_INT.o)
 .debug_line    0x0000102b      0x234 .\CortexM3\ARM_GCC_541\Debug\3dof.a(SPIM_1.o)
 .debug_line    0x0000125f       0x92 .\CortexM3\ARM_GCC_541\Debug\3dof.a(CS_J2.o)
 .debug_line    0x000012f1       0xb5 .\CortexM3\ARM_GCC_541\Debug\3dof.a(ADC_DelSig_1_AMux.o)
 .debug_line    0x000013a6      0x186 .\CortexM3\ARM_GCC_541\Debug\3dof.a(ADC_DelSig_1_Ext_CP_Clk.o)
 .debug_line    0x0000152c      0x1a6 .\CortexM3\ARM_GCC_541\Debug\3dof.a(ADC_DelSig_1_theACLK.o)
 .debug_line    0x000016d2      0x816 .\CortexM3\ARM_GCC_541\Debug\3dof.a(CyLib.o)
 .debug_line    0x00001ee8      0x367 .\CortexM3\ARM_GCC_541\Debug\3dof.a(cyPm.o)
 .debug_line    0x0000224f       0x92 .\CortexM3\ARM_GCC_541\Debug\3dof.a(CS_J3.o)
 .debug_line    0x000022e1       0x92 .\CortexM3\ARM_GCC_541\Debug\3dof.a(J1_EN.o)
 .debug_line    0x00002373       0x92 .\CortexM3\ARM_GCC_541\Debug\3dof.a(J2_EN.o)
 .debug_line    0x00002405       0x93 .\CortexM3\ARM_GCC_541\Debug\3dof.a(J2_DIR.o)
 .debug_line    0x00002498       0x92 .\CortexM3\ARM_GCC_541\Debug\3dof.a(J3_EN.o)
 .debug_line    0x0000252a       0x93 .\CortexM3\ARM_GCC_541\Debug\3dof.a(J3_DIR.o)
 .debug_line    0x000025bd      0x2c0 .\CortexM3\ARM_GCC_541\Debug\3dof.a(UART_1.o)
 .debug_line    0x0000287d      0x17e .\CortexM3\ARM_GCC_541\Debug\3dof.a(UART_1_IntClock.o)
 .debug_line    0x000029fb      0x311 .\CortexM3\ARM_GCC_541\Debug\3dof.a(NCO_ISR.o)
 .debug_line    0x00002d0c      0x2a1 .\CortexM3\ARM_GCC_541\Debug\3dof.a(rx_isr.o)
 .debug_line    0x00002fad      0x2b8 .\CortexM3\ARM_GCC_541\Debug\3dof.a(tick_isr.o)
 .debug_line    0x00003265       0x66 .\CortexM3\ARM_GCC_541\Debug\3dof.a(CyBootAsmGnu.o)
 .debug_line    0x000032cb      0x21a .\CortexM3\ARM_GCC_541\Debug\3dof.a(CyFlash.o)
 .debug_line    0x000034e5      0x260 .\CortexM3\ARM_GCC_541\Debug\3dof.a(CySpc.o)
 .debug_line    0x00003745       0x93 .\CortexM3\ARM_GCC_541\Debug\3dof.a(J2_LIM.o)
 .debug_line    0x000037d8       0x93 .\CortexM3\ARM_GCC_541\Debug\3dof.a(J3_LIM.o)
 .debug_line    0x0000386b       0x94 .\CortexM3\ARM_GCC_541\Debug\3dof.a(J1_STEP.o)
 .debug_line    0x000038ff       0x93 .\CortexM3\ARM_GCC_541\Debug\3dof.a(J1_DIR.o)
 .debug_line    0x00003992       0x94 .\CortexM3\ARM_GCC_541\Debug\3dof.a(J2_STEP.o)
 .debug_line    0x00003a26       0x94 .\CortexM3\ARM_GCC_541\Debug\3dof.a(J3_STEP.o)

.debug_frame    0x00000000     0x22a8
 *(.debug_frame)
 .debug_frame   0x00000000       0x48 .\CortexM3\ARM_GCC_541\Debug\main.o
 .debug_frame   0x00000048       0xe0 .\CortexM3\ARM_GCC_541\Debug\comms.o
 .debug_frame   0x00000128       0x90 .\CortexM3\ARM_GCC_541\Debug\joints.o
 .debug_frame   0x000001b8       0x5c .\CortexM3\ARM_GCC_541\Debug\as5048.o
 .debug_frame   0x00000214      0x104 .\CortexM3\ARM_GCC_541\Debug\cyfitter_cfg.o
 .debug_frame   0x00000318       0xb8 .\CortexM3\ARM_GCC_541\Debug\Cm3Start.o
 .debug_frame   0x000003d0      0x284 .\CortexM3\ARM_GCC_541\Debug\3dof.a(ADC_DelSig_1.o)
 .debug_frame   0x00000654       0x50 .\CortexM3\ARM_GCC_541\Debug\3dof.a(ADC_DelSig_1_INT.o)
 .debug_frame   0x000006a4      0x1e8 .\CortexM3\ARM_GCC_541\Debug\3dof.a(SPIM_1.o)
 .debug_frame   0x0000088c       0x50 .\CortexM3\ARM_GCC_541\Debug\3dof.a(CS_J2.o)
 .debug_frame   0x000008dc       0x64 .\CortexM3\ARM_GCC_541\Debug\3dof.a(ADC_DelSig_1_AMux.o)
 .debug_frame   0x00000940       0xe0 .\CortexM3\ARM_GCC_541\Debug\3dof.a(ADC_DelSig_1_Ext_CP_Clk.o)
 .debug_frame   0x00000a20      0x100 .\CortexM3\ARM_GCC_541\Debug\3dof.a(ADC_DelSig_1_theACLK.o)
 .debug_frame   0x00000b20      0x738 .\CortexM3\ARM_GCC_541\Debug\3dof.a(CyLib.o)
 .debug_frame   0x00001258      0x1f8 .\CortexM3\ARM_GCC_541\Debug\3dof.a(cyPm.o)
 .debug_frame   0x00001450       0x50 .\CortexM3\ARM_GCC_541\Debug\3dof.a(CS_J3.o)
 .debug_frame   0x000014a0       0x50 .\CortexM3\ARM_GCC_541\Debug\3dof.a(J1_EN.o)
 .debug_frame   0x000014f0       0x50 .\CortexM3\ARM_GCC_541\Debug\3dof.a(J2_EN.o)
 .debug_frame   0x00001540       0x50 .\CortexM3\ARM_GCC_541\Debug\3dof.a(J2_DIR.o)
 .debug_frame   0x00001590       0x50 .\CortexM3\ARM_GCC_541\Debug\3dof.a(J3_EN.o)
 .debug_frame   0x000015e0       0x50 .\CortexM3\ARM_GCC_541\Debug\3dof.a(J3_DIR.o)
 .debug_frame   0x00001630      0x250 .\CortexM3\ARM_GCC_541\Debug\3dof.a(UART_1.o)
 .debug_frame   0x00001880       0xe0 .\CortexM3\ARM_GCC_541\Debug\3dof.a(UART_1_IntClock.o)
 .debug_frame   0x00001960      0x110 .\CortexM3\ARM_GCC_541\Debug\3dof.a(NCO_ISR.o)
 .debug_frame   0x00001a70      0x114 .\CortexM3\ARM_GCC_541\Debug\3dof.a(rx_isr.o)
 .debug_frame   0x00001b84      0x110 .\CortexM3\ARM_GCC_541\Debug\3dof.a(tick_isr.o)
 .debug_frame   0x00001c94      0x194 .\CortexM3\ARM_GCC_541\Debug\3dof.a(CyFlash.o)
 .debug_frame   0x00001e28      0x180 .\CortexM3\ARM_GCC_541\Debug\3dof.a(CySpc.o)
 .debug_frame   0x00001fa8       0x50 .\CortexM3\ARM_GCC_541\Debug\3dof.a(J2_LIM.o)
 .debug_frame   0x00001ff8       0x50 .\CortexM3\ARM_GCC_541\Debug\3dof.a(J3_LIM.o)
 .debug_frame   0x00002048       0x50 .\CortexM3\ARM_GCC_541\Debug\3dof.a(J1_STEP.o)
 .debug_frame   0x00002098       0x50 .\CortexM3\ARM_GCC_541\Debug\3dof.a(J1_DIR.o)
 .debug_frame   0x000020e8       0x50 .\CortexM3\ARM_GCC_541\Debug\3dof.a(J2_STEP.o)
 .debug_frame   0x00002138       0x50 .\CortexM3\ARM_GCC_541\Debug\3dof.a(J3_STEP.o)
 .debug_frame   0x00002188       0x2c c:/program files (x86)/cypress/psoc creator/4.2/psoc creator/import/gnu/arm/5.4.1/bin/../lib/gcc/arm-none-eabi/5.4.1/armv7-m\libgcc.a(_aeabi_uldivmod.o)
 .debug_frame   0x000021b4       0x38 c:/program files (x86)/cypress/psoc creator/4.2/psoc creator/import/gnu/arm/5.4.1/bin/../lib/gcc/arm-none-eabi/5.4.1/armv7-m\libgcc.a(_udivmoddi4.o)
 .debug_frame   0x000021ec       0x20 c:/program files (x86)/cypress/psoc creator/4.2/psoc creator/import/gnu/arm/5.4.1/bin/../lib/gcc/arm-none-eabi/5.4.1/../../../../arm-none-eabi/lib/armv7-m\libg_nano.a(lib_a-errno.o)
 .debug_frame   0x0000220c       0x28 c:/program files (x86)/cypress/psoc creator/4.2/psoc creator/import/gnu/arm/5.4.1/bin/../lib/gcc/arm-none-eabi/5.4.1/../../../../arm-none-eabi/lib/armv7-m\libg_nano.a(lib_a-exit.o)
 .debug_frame   0x00002234       0x2c c:/program files (x86)/cypress/psoc creator/4.2/psoc creator/import/gnu/arm/5.4.1/bin/../lib/gcc/arm-none-eabi/5.4.1/../../../../arm-none-eabi/lib/armv7-m\libg_nano.a(lib_a-init.o)
 .debug_frame   0x00002260       0x28 c:/program files (x86)/cypress/psoc creator/4.2/psoc creator/import/gnu/arm/5.4.1/bin/../lib/gcc/arm-none-eabi/5.4.1/../../../../arm-none-eabi/lib/armv7-m\libg_nano.a(lib_a-memcpy-stub.o)
 .debug_frame   0x00002288       0x20 c:/program files (x86)/cypress/psoc creator/4.2/psoc creator/import/gnu/arm/5.4.1/bin/../lib/gcc/arm-none-eabi/5.4.1/../../../../arm-none-eabi/lib/armv7-m\libg_nano.a(lib_a-memset.o)

.debug_str      0x00000000     0x2d1a
 *(.debug_str)
 .debug_str     0x00000000      0x3f2 .\CortexM3\ARM_GCC_541\Debug\main.o
                                0x475 (size before relaxing)
 .debug_str     0x000003f2       0x47 .\CortexM3\ARM_GCC_541\Debug\comms.o
                                0x305 (size before relaxing)
 .debug_str     0x00000439       0x10 .\CortexM3\ARM_GCC_541\Debug\joints.o
                                0x311 (size before relaxing)
 .debug_str     0x00000449       0x94 .\CortexM3\ARM_GCC_541\Debug\as5048.o
                                0x26c (size before relaxing)
 .debug_str     0x000004dd      0x212 .\CortexM3\ARM_GCC_541\Debug\cyfitter_cfg.o
                                0x3ad (size before relaxing)
 .debug_str     0x000006ef       0x7f .\CortexM3\ARM_GCC_541\Debug\cymetadata.o
                                0x1dd (size before relaxing)
 .debug_str     0x0000076e      0x139 .\CortexM3\ARM_GCC_541\Debug\Cm3Start.o
                                0x303 (size before relaxing)
 .debug_str     0x000008a7      0x51a .\CortexM3\ARM_GCC_541\Debug\3dof.a(ADC_DelSig_1.o)
                                0x733 (size before relaxing)
 .debug_str     0x00000dc1       0x72 .\CortexM3\ARM_GCC_541\Debug\3dof.a(ADC_DelSig_1_INT.o)
                                0x1e6 (size before relaxing)
 .debug_str     0x00000e33      0x1dc .\CortexM3\ARM_GCC_541\Debug\3dof.a(SPIM_1.o)
                                0x423 (size before relaxing)
 .debug_str     0x0000100f       0x5f .\CortexM3\ARM_GCC_541\Debug\3dof.a(CS_J2.o)
                                0x1db (size before relaxing)
 .debug_str     0x0000106e       0x83 .\CortexM3\ARM_GCC_541\Debug\3dof.a(ADC_DelSig_1_AMux.o)
                                0x237 (size before relaxing)
 .debug_str     0x000010f1      0x1cd .\CortexM3\ARM_GCC_541\Debug\3dof.a(ADC_DelSig_1_Ext_CP_Clk.o)
                                0x3a7 (size before relaxing)
 .debug_str     0x000012be      0x1bb .\CortexM3\ARM_GCC_541\Debug\3dof.a(ADC_DelSig_1_theACLK.o)
                                0x3d8 (size before relaxing)
 .debug_str     0x00001479      0x7e8 .\CortexM3\ARM_GCC_541\Debug\3dof.a(CyLib.o)
                                0xa40 (size before relaxing)
 .debug_str     0x00001c61      0x365 .\CortexM3\ARM_GCC_541\Debug\3dof.a(cyPm.o)
                                0x72c (size before relaxing)
 .debug_str     0x00001fc6       0x4f .\CortexM3\ARM_GCC_541\Debug\3dof.a(CS_J3.o)
                                0x1db (size before relaxing)
 .debug_str     0x00002015       0x4f .\CortexM3\ARM_GCC_541\Debug\3dof.a(J1_EN.o)
                                0x1db (size before relaxing)
 .debug_str     0x00002064       0x4f .\CortexM3\ARM_GCC_541\Debug\3dof.a(J2_EN.o)
                                0x1db (size before relaxing)
 .debug_str     0x000020b3       0x53 .\CortexM3\ARM_GCC_541\Debug\3dof.a(J2_DIR.o)
                                0x1e0 (size before relaxing)
 .debug_str     0x00002106       0x4f .\CortexM3\ARM_GCC_541\Debug\3dof.a(J3_EN.o)
                                0x1db (size before relaxing)
 .debug_str     0x00002155       0x53 .\CortexM3\ARM_GCC_541\Debug\3dof.a(J3_DIR.o)
                                0x1e0 (size before relaxing)
 .debug_str     0x000021a8      0x28d .\CortexM3\ARM_GCC_541\Debug\3dof.a(UART_1.o)
                                0x4ac (size before relaxing)
 .debug_str     0x00002435      0x14c .\CortexM3\ARM_GCC_541\Debug\3dof.a(UART_1_IntClock.o)
                                0x347 (size before relaxing)
 .debug_str     0x00002581      0x12b .\CortexM3\ARM_GCC_541\Debug\3dof.a(NCO_ISR.o)
                                0x469 (size before relaxing)
 .debug_str     0x000026ac       0xef .\CortexM3\ARM_GCC_541\Debug\3dof.a(rx_isr.o)
                                0x41a (size before relaxing)
 .debug_str     0x0000279b      0x11f .\CortexM3\ARM_GCC_541\Debug\3dof.a(tick_isr.o)
                                0x46d (size before relaxing)
 .debug_str     0x000028ba      0x1b4 .\CortexM3\ARM_GCC_541\Debug\3dof.a(CyFlash.o)
                                0x3b9 (size before relaxing)
 .debug_str     0x00002a6e       0xac .\CortexM3\ARM_GCC_541\Debug\3dof.a(CySpc.o)
                                0x331 (size before relaxing)
 .debug_str     0x00002b1a       0x54 .\CortexM3\ARM_GCC_541\Debug\3dof.a(J2_LIM.o)
                                0x1e0 (size before relaxing)
 .debug_str     0x00002b6e       0x54 .\CortexM3\ARM_GCC_541\Debug\3dof.a(J3_LIM.o)
                                0x1e0 (size before relaxing)
 .debug_str     0x00002bc2       0x57 .\CortexM3\ARM_GCC_541\Debug\3dof.a(J1_STEP.o)
                                0x1e5 (size before relaxing)
 .debug_str     0x00002c19       0x53 .\CortexM3\ARM_GCC_541\Debug\3dof.a(J1_DIR.o)
                                0x1e0 (size before relaxing)
 .debug_str     0x00002c6c       0x57 .\CortexM3\ARM_GCC_541\Debug\3dof.a(J2_STEP.o)
                                0x1e5 (size before relaxing)
 .debug_str     0x00002cc3       0x57 .\CortexM3\ARM_GCC_541\Debug\3dof.a(J3_STEP.o)
                                0x1e5 (size before relaxing)

.debug_loc      0x00000000     0x32b6
 *(.debug_loc)
 .debug_loc     0x00000000      0x2df .\CortexM3\ARM_GCC_541\Debug\comms.o
 .debug_loc     0x000002df      0x142 .\CortexM3\ARM_GCC_541\Debug\joints.o
 .debug_loc     0x00000421      0x116 .\CortexM3\ARM_GCC_541\Debug\as5048.o
 .debug_loc     0x00000537      0x2cb .\CortexM3\ARM_GCC_541\Debug\cyfitter_cfg.o
 .debug_loc     0x00000802      0x144 .\CortexM3\ARM_GCC_541\Debug\Cm3Start.o
 .debug_loc     0x00000946      0x681 .\CortexM3\ARM_GCC_541\Debug\3dof.a(ADC_DelSig_1.o)
 .debug_loc     0x00000fc7       0xfe .\CortexM3\ARM_GCC_541\Debug\3dof.a(SPIM_1.o)
 .debug_loc     0x000010c5       0x42 .\CortexM3\ARM_GCC_541\Debug\3dof.a(CS_J2.o)
 .debug_loc     0x00001107       0x6c .\CortexM3\ARM_GCC_541\Debug\3dof.a(ADC_DelSig_1_AMux.o)
 .debug_loc     0x00001173      0x12c .\CortexM3\ARM_GCC_541\Debug\3dof.a(ADC_DelSig_1_Ext_CP_Clk.o)
 .debug_loc     0x0000129f      0x14d .\CortexM3\ARM_GCC_541\Debug\3dof.a(ADC_DelSig_1_theACLK.o)
 .debug_loc     0x000013ec      0xa11 .\CortexM3\ARM_GCC_541\Debug\3dof.a(CyLib.o)
 .debug_loc     0x00001dfd      0x1e4 .\CortexM3\ARM_GCC_541\Debug\3dof.a(cyPm.o)
 .debug_loc     0x00001fe1       0x42 .\CortexM3\ARM_GCC_541\Debug\3dof.a(CS_J3.o)
 .debug_loc     0x00002023       0x42 .\CortexM3\ARM_GCC_541\Debug\3dof.a(J1_EN.o)
 .debug_loc     0x00002065       0x42 .\CortexM3\ARM_GCC_541\Debug\3dof.a(J2_EN.o)
 .debug_loc     0x000020a7       0x42 .\CortexM3\ARM_GCC_541\Debug\3dof.a(J2_DIR.o)
 .debug_loc     0x000020e9       0x42 .\CortexM3\ARM_GCC_541\Debug\3dof.a(J3_EN.o)
 .debug_loc     0x0000212b       0x42 .\CortexM3\ARM_GCC_541\Debug\3dof.a(J3_DIR.o)
 .debug_loc     0x0000216d      0x258 .\CortexM3\ARM_GCC_541\Debug\3dof.a(UART_1.o)
 .debug_loc     0x000023c5      0x128 .\CortexM3\ARM_GCC_541\Debug\3dof.a(UART_1_IntClock.o)
 .debug_loc     0x000024ed       0x92 .\CortexM3\ARM_GCC_541\Debug\3dof.a(NCO_ISR.o)
 .debug_loc     0x0000257f       0x9e .\CortexM3\ARM_GCC_541\Debug\3dof.a(rx_isr.o)
 .debug_loc     0x0000261d       0x56 .\CortexM3\ARM_GCC_541\Debug\3dof.a(tick_isr.o)
 .debug_loc     0x00002673      0x3b2 .\CortexM3\ARM_GCC_541\Debug\3dof.a(CyFlash.o)
 .debug_loc     0x00002a25      0x705 .\CortexM3\ARM_GCC_541\Debug\3dof.a(CySpc.o)
 .debug_loc     0x0000312a       0x42 .\CortexM3\ARM_GCC_541\Debug\3dof.a(J2_LIM.o)
 .debug_loc     0x0000316c       0x42 .\CortexM3\ARM_GCC_541\Debug\3dof.a(J3_LIM.o)
 .debug_loc     0x000031ae       0x42 .\CortexM3\ARM_GCC_541\Debug\3dof.a(J1_STEP.o)
 .debug_loc     0x000031f0       0x42 .\CortexM3\ARM_GCC_541\Debug\3dof.a(J1_DIR.o)
 .debug_loc     0x00003232       0x42 .\CortexM3\ARM_GCC_541\Debug\3dof.a(J2_STEP.o)
 .debug_loc     0x00003274       0x42 .\CortexM3\ARM_GCC_541\Debug\3dof.a(J3_STEP.o)

.debug_macinfo
 *(.debug_macinfo)

.debug_ranges   0x00000000      0xc78
 *(.debug_ranges)
 .debug_ranges  0x00000000       0x18 .\CortexM3\ARM_GCC_541\Debug\main.o
 .debug_ranges  0x00000018       0x38 .\CortexM3\ARM_GCC_541\Debug\comms.o
 .debug_ranges  0x00000050       0x28 .\CortexM3\ARM_GCC_541\Debug\joints.o
 .debug_ranges  0x00000078       0x20 .\CortexM3\ARM_GCC_541\Debug\as5048.o
 .debug_ranges  0x00000098       0x58 .\CortexM3\ARM_GCC_541\Debug\cyfitter_cfg.o
 .debug_ranges  0x000000f0       0x38 .\CortexM3\ARM_GCC_541\Debug\Cm3Start.o
 .debug_ranges  0x00000128       0xd8 .\CortexM3\ARM_GCC_541\Debug\3dof.a(ADC_DelSig_1.o)
 .debug_ranges  0x00000200       0x28 .\CortexM3\ARM_GCC_541\Debug\3dof.a(ADC_DelSig_1_INT.o)
 .debug_ranges  0x00000228       0xc8 .\CortexM3\ARM_GCC_541\Debug\3dof.a(SPIM_1.o)
 .debug_ranges  0x000002f0       0x28 .\CortexM3\ARM_GCC_541\Debug\3dof.a(CS_J2.o)
 .debug_ranges  0x00000318       0x20 .\CortexM3\ARM_GCC_541\Debug\3dof.a(ADC_DelSig_1_AMux.o)
 .debug_ranges  0x00000338       0x60 .\CortexM3\ARM_GCC_541\Debug\3dof.a(ADC_DelSig_1_Ext_CP_Clk.o)
 .debug_ranges  0x00000398       0x70 .\CortexM3\ARM_GCC_541\Debug\3dof.a(ADC_DelSig_1_theACLK.o)
 .debug_ranges  0x00000408      0x290 .\CortexM3\ARM_GCC_541\Debug\3dof.a(CyLib.o)
 .debug_ranges  0x00000698       0x88 .\CortexM3\ARM_GCC_541\Debug\3dof.a(cyPm.o)
 .debug_ranges  0x00000720       0x28 .\CortexM3\ARM_GCC_541\Debug\3dof.a(CS_J3.o)
 .debug_ranges  0x00000748       0x28 .\CortexM3\ARM_GCC_541\Debug\3dof.a(J1_EN.o)
 .debug_ranges  0x00000770       0x28 .\CortexM3\ARM_GCC_541\Debug\3dof.a(J2_EN.o)
 .debug_ranges  0x00000798       0x28 .\CortexM3\ARM_GCC_541\Debug\3dof.a(J2_DIR.o)
 .debug_ranges  0x000007c0       0x28 .\CortexM3\ARM_GCC_541\Debug\3dof.a(J3_EN.o)
 .debug_ranges  0x000007e8       0x28 .\CortexM3\ARM_GCC_541\Debug\3dof.a(J3_DIR.o)
 .debug_ranges  0x00000810       0xe0 .\CortexM3\ARM_GCC_541\Debug\3dof.a(UART_1.o)
 .debug_ranges  0x000008f0       0x60 .\CortexM3\ARM_GCC_541\Debug\3dof.a(UART_1_IntClock.o)
 .debug_ranges  0x00000950       0x70 .\CortexM3\ARM_GCC_541\Debug\3dof.a(NCO_ISR.o)
 .debug_ranges  0x000009c0       0x70 .\CortexM3\ARM_GCC_541\Debug\3dof.a(rx_isr.o)
 .debug_ranges  0x00000a30       0x70 .\CortexM3\ARM_GCC_541\Debug\3dof.a(tick_isr.o)
 .debug_ranges  0x00000aa0       0x78 .\CortexM3\ARM_GCC_541\Debug\3dof.a(CyFlash.o)
 .debug_ranges  0x00000b18       0x70 .\CortexM3\ARM_GCC_541\Debug\3dof.a(CySpc.o)
 .debug_ranges  0x00000b88       0x28 .\CortexM3\ARM_GCC_541\Debug\3dof.a(J2_LIM.o)
 .debug_ranges  0x00000bb0       0x28 .\CortexM3\ARM_GCC_541\Debug\3dof.a(J3_LIM.o)
 .debug_ranges  0x00000bd8       0x28 .\CortexM3\ARM_GCC_541\Debug\3dof.a(J1_STEP.o)
 .debug_ranges  0x00000c00       0x28 .\CortexM3\ARM_GCC_541\Debug\3dof.a(J1_DIR.o)
 .debug_ranges  0x00000c28       0x28 .\CortexM3\ARM_GCC_541\Debug\3dof.a(J2_STEP.o)
 .debug_ranges  0x00000c50       0x28 .\CortexM3\ARM_GCC_541\Debug\3dof.a(J3_STEP.o)

.comment        0x00000000       0x6e
 .comment       0x00000000       0x6e .\CortexM3\ARM_GCC_541\Debug\main.o
                                 0x6f (size before relaxing)
 .comment       0x0000006e       0x6f .\CortexM3\ARM_GCC_541\Debug\comms.o
 .comment       0x0000006e       0x6f .\CortexM3\ARM_GCC_541\Debug\joints.o
 .comment       0x0000006e       0x6f .\CortexM3\ARM_GCC_541\Debug\as5048.o
 .comment       0x0000006e       0x6f .\CortexM3\ARM_GCC_541\Debug\cyfitter_cfg.o
 .comment       0x0000006e       0x6f .\CortexM3\ARM_GCC_541\Debug\cymetadata.o
 .comment       0x0000006e       0x6f .\CortexM3\ARM_GCC_541\Debug\Cm3Start.o
 .comment       0x0000006e       0x6f .\CortexM3\ARM_GCC_541\Debug\3dof.a(ADC_DelSig_1.o)
 .comment       0x0000006e       0x6f .\CortexM3\ARM_GCC_541\Debug\3dof.a(ADC_DelSig_1_INT.o)
 .comment       0x0000006e       0x6f .\CortexM3\ARM_GCC_541\Debug\3dof.a(SPIM_1.o)
 .comment       0x0000006e       0x6f .\CortexM3\ARM_GCC_541\Debug\3dof.a(CS_J2.o)
 .comment       0x0000006e       0x6f .\CortexM3\ARM_GCC_541\Debug\3dof.a(ADC_DelSig_1_AMux.o)
 .comment       0x0000006e       0x6f .\CortexM3\ARM_GCC_541\Debug\3dof.a(ADC_DelSig_1_Ext_CP_Clk.o)
 .comment       0x0000006e       0x6f .\CortexM3\ARM_GCC_541\Debug\3dof.a(ADC_DelSig_1_theACLK.o)
 .comment       0x0000006e       0x6f .\CortexM3\ARM_GCC_541\Debug\3dof.a(CyLib.o)
 .comment       0x0000006e       0x6f .\CortexM3\ARM_GCC_541\Debug\3dof.a(cyPm.o)
 .comment       0x0000006e       0x6f .\CortexM3\ARM_GCC_541\Debug\3dof.a(CS_J3.o)
 .comment       0x0000006e       0x6f .\CortexM3\ARM_GCC_541\Debug\3dof.a(J1_EN.o)
 .comment       0x0000006e       0x6f .\CortexM3\ARM_GCC_541\Debug\3dof.a(J2_EN.o)
 .comment       0x0000006e       0x6f .\CortexM3\ARM_GCC_541\Debug\3dof.a(J2_DIR.o)
 .comment       0x0000006e       0x6f .\CortexM3\ARM_GCC_541\Debug\3dof.a(J3_EN.o)
 .comment       0x0000006e       0x6f .\CortexM3\ARM_GCC_541\Debug\3dof.a(J3_DIR.o)
 .comment       0x0000006e       0x6f .\CortexM3\ARM_GCC_541\Debug\3dof.a(UART_1.o)
 .comment       0x0000006e       0x6f .\CortexM3\ARM_GCC_541\Debug\3dof.a(UART_1_IntClock.o)
 .comment       0x0000006e       0x6f .\CortexM3\ARM_GCC_541\Debug\3dof.a(NCO_ISR.o)
 .comment       0x0000006e       0x6f .\CortexM3\ARM_GCC_541\Debug\3dof.a(rx_isr.o)
 .comment       0x0000006e       0x6f .\CortexM3\ARM_GCC_541\Debug\3dof.a(tick_isr.o)
 .comment       0x0000006e       0x6f .\CortexM3\ARM_GCC_541\Debug\3dof.a(CyFlash.o)
 .comment       0x0000006e       0x6f .\CortexM3\ARM_GCC_541\Debug\3dof.a(CySpc.o)
 .comment       0x0000006e       0x6f .\CortexM3\ARM_GCC_541\Debug\3dof.a(J2_LIM.o)
 .comment       0x0000006e       0x6f .\CortexM3\ARM_GCC_541\Debug\3dof.a(J3_LIM.o)
 .comment       0x0000006e       0x6f .\CortexM3\ARM_GCC_541\Debug\3dof.a(J1_STEP.o)
 .comment       0x0000006e       0x6f .\CortexM3\ARM_GCC_541\Debug\3dof.a(J1_DIR.o)
 .comment       0x0000006e       0x6f .\CortexM3\ARM_GCC_541\Debug\3dof.a(J2_STEP.o)
 .comment       0x0000006e       0x6f .\CortexM3\ARM_GCC_541\Debug\3dof.a(J3_STEP.o)

.debug_weaknames
 *(.debug_weaknames)

.debug_funcnames
 *(.debug_funcnames)

.debug_typenames
 *(.debug_typenames)

.debug_varnames
 *(.debug_varnames)

.note.gnu.arm.ident
 *(.note.gnu.arm.ident)

.ARM.attributes
                0x00000000       0x29
 *(.ARM.attributes)
 .ARM.attributes
                0x00000000       0x1d c:/program files (x86)/cypress/psoc creator/4.2/psoc creator/import/gnu/arm/5.4.1/bin/../lib/gcc/arm-none-eabi/5.4.1/armv7-m/crti.o
 .ARM.attributes
                0x0000001d       0x2d c:/program files (x86)/cypress/psoc creator/4.2/psoc creator/import/gnu/arm/5.4.1/bin/../lib/gcc/arm-none-eabi/5.4.1/armv7-m/crtbegin.o
 .ARM.attributes
                0x0000004a       0x1b c:/program files (x86)/cypress/psoc creator/4.2/psoc creator/import/gnu/arm/5.4.1/bin/../lib/gcc/arm-none-eabi/5.4.1/../../../../arm-none-eabi/lib/armv7-m/crt0.o
 .ARM.attributes
                0x00000065       0x33 .\CortexM3\ARM_GCC_541\Debug\main.o
 .ARM.attributes
                0x00000098       0x33 .\CortexM3\ARM_GCC_541\Debug\comms.o
 .ARM.attributes
                0x000000cb       0x33 .\CortexM3\ARM_GCC_541\Debug\joints.o
 .ARM.attributes
                0x000000fe       0x33 .\CortexM3\ARM_GCC_541\Debug\as5048.o
 .ARM.attributes
                0x00000131       0x33 .\CortexM3\ARM_GCC_541\Debug\cyfitter_cfg.o
 .ARM.attributes
                0x00000164       0x33 .\CortexM3\ARM_GCC_541\Debug\cymetadata.o
 .ARM.attributes
                0x00000197       0x33 .\CortexM3\ARM_GCC_541\Debug\Cm3Start.o
 .ARM.attributes
                0x000001ca       0x33 .\CortexM3\ARM_GCC_541\Debug\3dof.a(ADC_DelSig_1.o)
 .ARM.attributes
                0x000001fd       0x33 .\CortexM3\ARM_GCC_541\Debug\3dof.a(ADC_DelSig_1_INT.o)
 .ARM.attributes
                0x00000230       0x33 .\CortexM3\ARM_GCC_541\Debug\3dof.a(SPIM_1.o)
 .ARM.attributes
                0x00000263       0x33 .\CortexM3\ARM_GCC_541\Debug\3dof.a(CS_J2.o)
 .ARM.attributes
                0x00000296       0x33 .\CortexM3\ARM_GCC_541\Debug\3dof.a(ADC_DelSig_1_AMux.o)
 .ARM.attributes
                0x000002c9       0x33 .\CortexM3\ARM_GCC_541\Debug\3dof.a(ADC_DelSig_1_Ext_CP_Clk.o)
 .ARM.attributes
                0x000002fc       0x33 .\CortexM3\ARM_GCC_541\Debug\3dof.a(ADC_DelSig_1_theACLK.o)
 .ARM.attributes
                0x0000032f       0x33 .\CortexM3\ARM_GCC_541\Debug\3dof.a(CyLib.o)
 .ARM.attributes
                0x00000362       0x33 .\CortexM3\ARM_GCC_541\Debug\3dof.a(cyPm.o)
 .ARM.attributes
                0x00000395       0x33 .\CortexM3\ARM_GCC_541\Debug\3dof.a(CS_J3.o)
 .ARM.attributes
                0x000003c8       0x33 .\CortexM3\ARM_GCC_541\Debug\3dof.a(J1_EN.o)
 .ARM.attributes
                0x000003fb       0x33 .\CortexM3\ARM_GCC_541\Debug\3dof.a(J2_EN.o)
 .ARM.attributes
                0x0000042e       0x33 .\CortexM3\ARM_GCC_541\Debug\3dof.a(J2_DIR.o)
 .ARM.attributes
                0x00000461       0x33 .\CortexM3\ARM_GCC_541\Debug\3dof.a(J3_EN.o)
 .ARM.attributes
                0x00000494       0x33 .\CortexM3\ARM_GCC_541\Debug\3dof.a(J3_DIR.o)
 .ARM.attributes
                0x000004c7       0x33 .\CortexM3\ARM_GCC_541\Debug\3dof.a(UART_1.o)
 .ARM.attributes
                0x000004fa       0x33 .\CortexM3\ARM_GCC_541\Debug\3dof.a(UART_1_IntClock.o)
 .ARM.attributes
                0x0000052d       0x33 .\CortexM3\ARM_GCC_541\Debug\3dof.a(NCO_ISR.o)
 .ARM.attributes
                0x00000560       0x33 .\CortexM3\ARM_GCC_541\Debug\3dof.a(rx_isr.o)
 .ARM.attributes
                0x00000593       0x33 .\CortexM3\ARM_GCC_541\Debug\3dof.a(tick_isr.o)
 .ARM.attributes
                0x000005c6       0x21 .\CortexM3\ARM_GCC_541\Debug\3dof.a(CyBootAsmGnu.o)
 .ARM.attributes
                0x000005e7       0x33 .\CortexM3\ARM_GCC_541\Debug\3dof.a(CyFlash.o)
 .ARM.attributes
                0x0000061a       0x33 .\CortexM3\ARM_GCC_541\Debug\3dof.a(CySpc.o)
 .ARM.attributes
                0x0000064d       0x33 .\CortexM3\ARM_GCC_541\Debug\3dof.a(J2_LIM.o)
 .ARM.attributes
                0x00000680       0x33 .\CortexM3\ARM_GCC_541\Debug\3dof.a(J3_LIM.o)
 .ARM.attributes
                0x000006b3       0x33 .\CortexM3\ARM_GCC_541\Debug\3dof.a(J1_STEP.o)
 .ARM.attributes
                0x000006e6       0x33 .\CortexM3\ARM_GCC_541\Debug\3dof.a(J1_DIR.o)
 .ARM.attributes
                0x00000719       0x33 .\CortexM3\ARM_GCC_541\Debug\3dof.a(J2_STEP.o)
 .ARM.attributes
                0x0000074c       0x33 .\CortexM3\ARM_GCC_541\Debug\3dof.a(J3_STEP.o)
 .ARM.attributes
                0x0000077f       0x1d c:/program files (x86)/cypress/psoc creator/4.2/psoc creator/import/gnu/arm/5.4.1/bin/../lib/gcc/arm-none-eabi/5.4.1/armv7-m\libgcc.a(_arm_addsubdf3.o)
 .ARM.attributes
                0x0000079c       0x1d c:/program files (x86)/cypress/psoc creator/4.2/psoc creator/import/gnu/arm/5.4.1/bin/../lib/gcc/arm-none-eabi/5.4.1/armv7-m\libgcc.a(_arm_cmpdf2.o)
 .ARM.attributes
                0x000007b9       0x1d c:/program files (x86)/cypress/psoc creator/4.2/psoc creator/import/gnu/arm/5.4.1/bin/../lib/gcc/arm-none-eabi/5.4.1/armv7-m\libgcc.a(_arm_addsubsf3.o)
 .ARM.attributes
                0x000007d6       0x1d c:/program files (x86)/cypress/psoc creator/4.2/psoc creator/import/gnu/arm/5.4.1/bin/../lib/gcc/arm-none-eabi/5.4.1/armv7-m\libgcc.a(_arm_muldivsf3.o)
 .ARM.attributes
                0x000007f3       0x1d c:/program files (x86)/cypress/psoc creator/4.2/psoc creator/import/gnu/arm/5.4.1/bin/../lib/gcc/arm-none-eabi/5.4.1/armv7-m\libgcc.a(_arm_fixunssfsi.o)
 .ARM.attributes
                0x00000810       0x1d c:/program files (x86)/cypress/psoc creator/4.2/psoc creator/import/gnu/arm/5.4.1/bin/../lib/gcc/arm-none-eabi/5.4.1/armv7-m\libgcc.a(_aeabi_uldivmod.o)
 .ARM.attributes
                0x0000082d       0x2d c:/program files (x86)/cypress/psoc creator/4.2/psoc creator/import/gnu/arm/5.4.1/bin/../lib/gcc/arm-none-eabi/5.4.1/armv7-m\libgcc.a(_udivmoddi4.o)
 .ARM.attributes
                0x0000085a       0x1d c:/program files (x86)/cypress/psoc creator/4.2/psoc creator/import/gnu/arm/5.4.1/bin/../lib/gcc/arm-none-eabi/5.4.1/armv7-m\libgcc.a(_dvmd_tls.o)
 .ARM.attributes
                0x00000877       0x2d c:/program files (x86)/cypress/psoc creator/4.2/psoc creator/import/gnu/arm/5.4.1/bin/../lib/gcc/arm-none-eabi/5.4.1/../../../../arm-none-eabi/lib/armv7-m\libg_nano.a(lib_a-errno.o)
 .ARM.attributes
                0x000008a4       0x2d c:/program files (x86)/cypress/psoc creator/4.2/psoc creator/import/gnu/arm/5.4.1/bin/../lib/gcc/arm-none-eabi/5.4.1/../../../../arm-none-eabi/lib/armv7-m\libg_nano.a(lib_a-exit.o)
 .ARM.attributes
                0x000008d1       0x2d c:/program files (x86)/cypress/psoc creator/4.2/psoc creator/import/gnu/arm/5.4.1/bin/../lib/gcc/arm-none-eabi/5.4.1/../../../../arm-none-eabi/lib/armv7-m\libg_nano.a(lib_a-impure.o)
 .ARM.attributes
                0x000008fe       0x2d c:/program files (x86)/cypress/psoc creator/4.2/psoc creator/import/gnu/arm/5.4.1/bin/../lib/gcc/arm-none-eabi/5.4.1/../../../../arm-none-eabi/lib/armv7-m\libg_nano.a(lib_a-init.o)
 .ARM.attributes
                0x0000092b       0x2d c:/program files (x86)/cypress/psoc creator/4.2/psoc creator/import/gnu/arm/5.4.1/bin/../lib/gcc/arm-none-eabi/5.4.1/../../../../arm-none-eabi/lib/armv7-m\libg_nano.a(lib_a-memcpy-stub.o)
 .ARM.attributes
                0x00000958       0x2d c:/program files (x86)/cypress/psoc creator/4.2/psoc creator/import/gnu/arm/5.4.1/bin/../lib/gcc/arm-none-eabi/5.4.1/../../../../arm-none-eabi/lib/armv7-m\libg_nano.a(lib_a-memset.o)
 .ARM.attributes
                0x00000985       0x2d c:/program files (x86)/cypress/psoc creator/4.2/psoc creator/import/gnu/arm/5.4.1/bin/../lib/gcc/arm-none-eabi/5.4.1/armv7-m/crtend.o
 .ARM.attributes
                0x000009b2       0x1d c:/program files (x86)/cypress/psoc creator/4.2/psoc creator/import/gnu/arm/5.4.1/bin/../lib/gcc/arm-none-eabi/5.4.1/armv7-m/crtn.o

/DISCARD/
 *(.note.GNU-stack)
OUTPUT(C:\Users\pajoh\projects\Turret\PSoC\turret_psoc\3dof.cydsn\CortexM3\ARM_GCC_541\Debug\3dof.elf elf32-littlearm)
